******************************************************************************
                  TI ARM Linker PC v18.1.1                     
******************************************************************************
>> Linked Tue Mar 26 14:57:04 2019

OUTPUT FILE NAME:   <DIO_Autosar.out>
ENTRY POINT SYMBOL: "_c_int00_noinit_noargs"  address: 00000a49


MEMORY CONFIGURATION

         name            origin    length      used     unused   attr    fill
----------------------  --------  ---------  --------  --------  ----  --------
  FLASH                 00000000   00040000  00000a9a  0003f566  R  X
  SRAM                  20000000   00008000  00000200  00007e00  RW X


SEGMENT ALLOCATION MAP

run origin  load origin   length   init length attrs members
----------  ----------- ---------- ----------- ----- -------
00000000    00000000    00000a9a   00000a9a    r-x
  00000000    00000000    0000026c   0000026c    r-- .intvecs
  0000026c    0000026c    00000820   00000820    r-x .text
  00000a8c    00000a8c    0000000e   0000000e    r-- .const
20000000    20000000    00000200   00000000    rw-
  20000000    20000000    00000200   00000000    rw- .stack


SECTION ALLOCATION MAP

 output                                  attributes/
section   page    origin      length       input sections
--------  ----  ----------  ----------   ----------------
.intvecs   0    00000000    0000026c     
                  00000000    0000026c     tm4c123gh6pm_startup_ccs.obj (.intvecs)

.text      0    0000026c    00000820     
                  0000026c    00000724     Dio.obj (.text)
                  00000990    00000064     main.obj (.text)
                  000009f4    00000054     Det.obj (.text)
                  00000a48    00000030     rtsv7M4_T_le_v4SPD16_eabi.lib : boot_cortex_m.c.obj (.text:_c_int00_noinit_noargs:_c_int00_noinit_noargs)
                  00000a78    0000000c     tm4c123gh6pm_startup_ccs.obj (.text)
                  00000a84    00000004     rtsv7M4_T_le_v4SPD16_eabi.lib : pre_init.c.obj (.text:_system_pre_init)
                  00000a88    00000004                                   : exit.c.obj (.text:abort:abort)

.const     0    00000a8c    0000000e     
                  00000a8c    00000008     Dio_Lcfg.obj (.const:Dio_Channels)
                  00000a94    00000006     Dio_Lcfg.obj (.const:Channel_Group)

.cinit     0    00000000    00000000     UNINITIALIZED

.init_array 
*          0    00000000    00000000     UNINITIALIZED

.stack     0    20000000    00000200     UNINITIALIZED
                  20000000    00000004     rtsv7M4_T_le_v4SPD16_eabi.lib : boot_cortex_m.c.obj (.stack)
                  20000004    000001fc     --HOLE--

MODULE SUMMARY

       Module                         code   ro data   rw data
       ------                         ----   -------   -------
    .\
       tm4c123gh6pm_startup_ccs.obj   12     620       0      
       main.obj                       100    0         0      
    +--+------------------------------+------+---------+---------+
       Total:                         112    620       0      
                                                              
    .\DIO\
       Dio.obj                        1828   0         0      
       Dio_Lcfg.obj                   0      14        0      
    +--+------------------------------+------+---------+---------+
       Total:                         1828   14        0      
                                                              
    .\Det\
       Det.obj                        84     0         0      
    +--+------------------------------+------+---------+---------+
       Total:                         84     0         0      
                                                              
    C:\ti\ccsv8\tools\compiler\ti-cgt-arm_18.1.1.LTS\lib\rtsv7M4_T_le_v4SPD16_eabi.lib
       boot_cortex_m.c.obj            48     0         0      
       exit.c.obj                     4      0         0      
       pre_init.c.obj                 4      0         0      
    +--+------------------------------+------+---------+---------+
       Total:                         56     0         0      
                                                              
       Stack:                         0      0         512    
    +--+------------------------------+------+---------+---------+
       Grand Total:                   2080   634       512    


GLOBAL SYMBOLS: SORTED ALPHABETICALLY BY Name 

address   name                         
-------   ----                         
00000a89  C$$EXIT                      
00000a94  Channel_Group                
000009f5  Det_Error                    
00000a8c  Dio_Channels                 
000007cd  Dio_FlipChannel              
000007a3  Dio_GetVersionInfo           
000006fd  Dio_ReadChannel              
00000663  Dio_ReadChannelGroup         
000005d9  Dio_ReadPort                 
00000423  Dio_WriteChannel             
000002f9  Dio_WriteChannelGroup        
000009cf  Dio_WriteChannel_Test        
000009cf  Dio_WriteChannel_Test_Invalid
000009e3  Dio_WriteChannel_Test_Valid  
0000026d  Dio_WritePort                
00000991  Init_func                    
00000a79  ResetISR                     
20000200  __STACK_END                  
00000200  __STACK_SIZE                 
20000200  __STACK_TOP                  
ffffffff  __TI_pprof_out_hndl          
ffffffff  __TI_prof_data_size          
ffffffff  __TI_prof_data_start         
00000000  __TI_static_base__           
ffffffff  __binit__                    
ffffffff  __c_args__                   
UNDEFED   __mpu_init                   
20000000  __stack                      
00000a49  _c_int00_noinit_noargs       
00000a85  _system_pre_init             
00000a89  abort                        
ffffffff  binit                        
00000000  g_pfnVectors                 
000009d7  main                         


GLOBAL SYMBOLS: SORTED BY Symbol Address 

address   name                         
-------   ----                         
00000000  __TI_static_base__           
00000000  g_pfnVectors                 
00000200  __STACK_SIZE                 
0000026d  Dio_WritePort                
000002f9  Dio_WriteChannelGroup        
00000423  Dio_WriteChannel             
000005d9  Dio_ReadPort                 
00000663  Dio_ReadChannelGroup         
000006fd  Dio_ReadChannel              
000007a3  Dio_GetVersionInfo           
000007cd  Dio_FlipChannel              
00000991  Init_func                    
000009cf  Dio_WriteChannel_Test        
000009cf  Dio_WriteChannel_Test_Invalid
000009d7  main                         
000009e3  Dio_WriteChannel_Test_Valid  
000009f5  Det_Error                    
00000a49  _c_int00_noinit_noargs       
00000a79  ResetISR                     
00000a85  _system_pre_init             
00000a89  C$$EXIT                      
00000a89  abort                        
00000a8c  Dio_Channels                 
00000a94  Channel_Group                
20000000  __stack                      
20000200  __STACK_END                  
20000200  __STACK_TOP                  
ffffffff  __TI_pprof_out_hndl          
ffffffff  __TI_prof_data_size          
ffffffff  __TI_prof_data_start         
ffffffff  __binit__                    
ffffffff  __c_args__                   
ffffffff  binit                        
UNDEFED   __mpu_init                   

[34 symbols]
