******************************************************************************
                  TI ARM Linker PC v18.1.1                     
******************************************************************************
>> Linked Wed Mar 13 17:20:42 2019

OUTPUT FILE NAME:   <freertos_demo.out>
ENTRY POINT SYMBOL: "_c_int00_noargs"  address: 00001131


MEMORY CONFIGURATION

         name            origin    length      used     unused   attr    fill
----------------------  --------  ---------  --------  --------  ----  --------
  FLASH                 00000000   00040000  0000154a  0003eab6  R  X
  SRAM                  20000000   00008000  00007928  000006d8  RW X


SEGMENT ALLOCATION MAP

run origin  load origin   length   init length attrs members
----------  ----------- ---------- ----------- ----- -------
00000000    00000000    00001550   00001550    r-x
  00000000    00000000    0000026c   0000026c    r-- .intvecs
  0000026c    0000026c    000012a2   000012a2    r-x .text
  00001510    00001510    00000004   00000004    r-- .const
  00001518    00001518    00000038   00000038    r-- .cinit
20000000    20000000    0000792c   00000000    rw-
  20000000    20000000    000076ec   00000000    rw- .bss
  200076f0    200076f0    00000200   00000000    rw- .stack
  200078f0    200078f0    0000003c   00000000    rw- .data


SECTION ALLOCATION MAP

 output                                  attributes/
section   page    origin      length       input sections
--------  ----  ----------  ----------   ----------------
.intvecs   0    00000000    0000026c     
                  00000000    0000026c     startup_ccs.obj (.intvecs)

.text      0    0000026c    000012a2     
                  0000026c    00000132     driverlib.lib : gpio.obj (.text:GPIOPadConfigSet)
                  0000039e    00000002     startup_ccs.obj (.text:FaultISR)
                  000003a0    00000104     tasks.obj (.text:xTaskIncrementTick)
                  000004a4    00000100     tasks.obj (.text:xTaskGenericCreate)
                  000005a4    000000e4     tasks.obj (.text:xTaskResumeAll)
                  00000688    000000d2     portasm.obj (.text)
                  0000075a    00000002     startup_ccs.obj (.text:IntDefaultHandler)
                  0000075c    000000d0     freertos_demo.obj (.text:main)
                  0000082c    000000b8     LCD.obj (.text:LCD_displayChar)
                  000008e4    000000b8     LCD.obj (.text:LCD_sendCommand)
                  0000099c    000000b0     tasks.obj (.text:vTaskSuspend)
                  00000a4c    000000ac     heap_2.obj (.text:pvPortMalloc)
                  00000af8    000000a0     LCD.obj (.text:LCD_init)
                  00000b98    0000009c     rtsv7M4_T_le_v4SPD16_eabi.lib : memcpy_t2.asm.obj (.text)
                  00000c34    0000008c     tasks.obj (.text:vTaskSwitchContext)
                  00000cc0    0000007a     rtsv7M4_T_le_v4SPD16_eabi.lib : memset_t2.asm.obj (.text)
                  00000d3a    00000068                                   : copy_decompress_lzss.c.obj (.text:decompress:lzss:__TI_decompress_lzss)
                  00000da2    00000002     startup_ccs.obj (.text:NmiSR)
                  00000da4    00000060     tasks.obj (.text:prvInitialiseTaskLists)
                  00000e04    00000060     tasks.obj (.text:vTaskStartScheduler)
                  00000e64    0000005c     tasks.obj (.text:vTaskDelay)
                  00000ec0    00000058     tasks.obj (.text:prvCheckTasksWaitingTermination)
                  00000f18    00000056     tasks.obj (.text:prvInitialiseTCBVariables)
                  00000f6e    00000002     freertos_demo.obj (.text:vApplicationStackOverflowHook)
                  00000f70    0000004c     tasks.obj (.text:prvAddCurrentTaskToDelayedList)
                  00000fbc    00000044     rtsv7M4_T_le_v4SPD16_eabi.lib : autoinit.c.obj (.text:__TI_auto_init_nobinit_nopinit:__TI_auto_init_nobinit_nopinit)
                  00001000    00000044     heap_2.obj (.text:vPortFree)
                  00001044    00000040     port.obj (.text:xPortStartScheduler)
                  00001084    0000003a     tasks.obj (.text:prvAllocateTCBAndStack)
                  000010be    00000002     --HOLE-- [fill = 0]
                  000010c0    00000038     LEDs.obj (.text:LED3_Toggle_Task)
                  000010f8    00000038     driverlib.lib : sysctl.obj (.text:SysCtlPeripheralReady)
                  00001130    00000038     rtsv7M4_T_le_v4SPD16_eabi.lib : boot_cortex_m.c.obj (.text:_c_int00_noargs:_c_int00_noargs)
                  00001168    00000038     list.obj (.text:vListInsert)
                  000011a0    00000034     Buzzer.obj (.text:Buzzer_Task)
                  000011d4    00000034     LEDs.obj (.text:LED1_Toggle_Task)
                  00001208    00000034     LEDs.obj (.text:LED2_Toggle_Task)
                  0000123c    00000034     driverlib.lib : sysctl.obj (.text:SysCtlPeripheralEnable)
                  00001270    00000030     heap_2.obj (.text:prvHeapInit)
                  000012a0    0000002c     LEDs.obj (.text:LEDs_init)
                  000012cc    0000002c     port.obj (.text:xPortSysTickHandler)
                  000012f8    0000002a     driverlib.lib : gpio.obj (.text:GPIODirModeSet)
                  00001322    00000002     --HOLE-- [fill = 0]
                  00001324    00000028     tasks.obj (.text:prvResetNextTaskUnblockTime)
                  0000134c    00000028     port.obj (.text:pxPortInitialiseStack)
                  00001374    00000020     list.obj (.text:uxListRemove)
                  00001394    0000001e     LCD.obj (.text:LCD_Task)
                  000013b2    00000002     --HOLE-- [fill = 0]
                  000013b4    0000001c     Buzzer.obj (.text:Buzzer_init)
                  000013d0    0000001c     port.obj (.text:vPortEnterCritical)
                  000013ec    00000018     driverlib.lib : gpio.obj (.text:GPIOPinTypeGPIOOutput)
                  00001404    00000018     LCD.obj (.text:LCD_displayString)
                  0000141c    00000018     list.obj (.text:vListInsertEnd)
                  00001434    00000018     port.obj (.text:vPortExitCritical)
                  0000144c    00000016     init.obj (.text:init_task)
                  00001462    00000016     list.obj (.text:vListInitialise)
                  00001478    00000014     port.obj (.text:vPortSetupTimerInterrupt)
                  0000148c    00000012     tasks.obj (.text:prvDeleteTCB)
                  0000149e    00000010     port.obj (.text:prvTaskExitError)
                  000014ae    00000002     --HOLE-- [fill = 0]
                  000014b0    00000010     tasks.obj (.text:vTaskSuspendAll)
                  000014c0    0000000e     rtsv7M4_T_le_v4SPD16_eabi.lib : copy_decompress_none.c.obj (.text:decompress:none:__TI_decompress_none)
                  000014ce    0000000c                                   : copy_zero_init.c.obj (.text:decompress:ZI:__TI_zero_init)
                  000014da    00000008     tasks.obj (.text:prvIdleTask)
                  000014e2    00000006     driverlib.lib : gpio.obj (.text:GPIOPinRead)
                  000014e8    00000006                   : gpio.obj (.text:GPIOPinWrite)
                  000014ee    00000006     LCD.obj (.text:LCD_Clear)
                  000014f4    00000006     startup_ccs.obj (.text:ResetISR)
                  000014fa    00000006     driverlib.lib : sysctl.obj (.text:SysCtlDelay)
                  00001500    00000006     list.obj (.text:vListInitialiseItem)
                  00001506    00000004     rtsv7M4_T_le_v4SPD16_eabi.lib : pre_init.c.obj (.text:_system_pre_init)
                  0000150a    00000004                                   : exit.c.obj (.text:abort:abort)

.const     0    00001510    00000004     
                  00001510    00000004     port.obj (.const)

.cinit     0    00001518    00000038     
                  00001518    0000000f     (.cinit..data.load) [load image, compression = lzss]
                  00001527    00000001     --HOLE-- [fill = 0]
                  00001528    0000000c     (__TI_handler_table)
                  00001534    00000004     --HOLE-- [fill = 0]
                  00001538    00000008     (.cinit..bss.load) [load image, compression = zero_init]
                  00001540    00000010     (__TI_cinit_table)

.init_array 
*          0    00000000    00000000     UNINITIALIZED

.bss       0    20000000    000076ec     UNINITIALIZED
                  20000000    00007530     heap_2.obj (.bss:ucHeap)
                  20007530    00000140     tasks.obj (.bss:pxReadyTasksLists)
                  20007670    00000014     tasks.obj (.bss:xDelayedTaskList1)
                  20007684    00000014     tasks.obj (.bss:xDelayedTaskList2)
                  20007698    00000014     tasks.obj (.bss:xPendingReadyList)
                  200076ac    00000014     tasks.obj (.bss:xSuspendedTaskList)
                  200076c0    00000014     tasks.obj (.bss:xTasksWaitingTermination)
                  200076d4    00000008     tasks.obj (.bss)
                  200076dc    00000008     heap_2.obj (.bss:xEnd)
                  200076e4    00000008     heap_2.obj (.bss:xStart)

.data      0    200078f0    0000003c     UNINITIALIZED
                  200078f0    00000030     tasks.obj (.data)
                  20007920    00000008     heap_2.obj (.data)
                  20007928    00000004     port.obj (.data)

.stack     0    200076f0    00000200     UNINITIALIZED
                  200076f0    00000004     rtsv7M4_T_le_v4SPD16_eabi.lib : boot_cortex_m.c.obj (.stack)
                  200076f4    000001fc     --HOLE--

MODULE SUMMARY

       Module                       code   ro data   rw data
       ------                       ----   -------   -------
    .\
       startup_ccs.obj              12     620       0      
       LCD.obj                      588    0         0      
       freertos_demo.obj            210    0         0      
       LEDs.obj                     204    0         0      
       Buzzer.obj                   80     0         0      
       init.obj                     22     0         0      
    +--+----------------------------+------+---------+---------+
       Total:                       1116   620       0      
                                                            
    .\third_party\FreeRTOS\Source\
       tasks.obj                    1734   0         476    
       list.obj                     140    0         0      
    +--+----------------------------+------+---------+---------+
       Total:                       1874   0         476    
                                                            
    .\third_party\FreeRTOS\Source\portable\CCS\ARM_CM4F\
       port.obj                     236    4         4      
       portasm.obj                  210    0         0      
    +--+----------------------------+------+---------+---------+
       Total:                       446    4         4      
                                                            
    .\third_party\FreeRTOS\Source\portable\MemMang\
       heap_2.obj                   288    0         30024  
    +--+----------------------------+------+---------+---------+
       Total:                       288    0         30024  
                                                            
    C:/ti/TivaWare_C_Series-2.1.4.178/driverlib/ccs/Debug/driverlib.lib
       gpio.obj                     384    0         0      
       sysctl.obj                   114    0         0      
    +--+----------------------------+------+---------+---------+
       Total:                       498    0         0      
                                                            
    C:\ti\ccsv8\tools\compiler\ti-cgt-arm_18.1.1.LTS\lib\rtsv7M4_T_le_v4SPD16_eabi.lib
       memcpy_t2.asm.obj            156    0         0      
       memset_t2.asm.obj            122    0         0      
       copy_decompress_lzss.c.obj   104    0         0      
       autoinit.c.obj               68     0         0      
       boot_cortex_m.c.obj          56     0         0      
       copy_decompress_none.c.obj   14     0         0      
       copy_zero_init.c.obj         12     0         0      
       exit.c.obj                   4      0         0      
       pre_init.c.obj               4      0         0      
    +--+----------------------------+------+---------+---------+
       Total:                       540    0         0      
                                                            
       Stack:                       0      0         512    
       Linker Generated:            0      51        0      
    +--+----------------------------+------+---------+---------+
       Grand Total:                 4762   675       31016  


LINKER GENERATED COPY TABLES

__TI_cinit_table @ 00001540 records: 2, size/record: 8, table size: 16
	.data: load addr=00001518, load size=0000000f bytes, run addr=200078f0, run size=0000003c bytes, compression=lzss
	.bss: load addr=00001538, load size=00000008 bytes, run addr=20000000, run size=000076ec bytes, compression=zero_init


LINKER GENERATED HANDLER TABLE

__TI_handler_table @ 00001528 records: 3, size/record: 4, table size: 12
	index: 0, handler: __TI_decompress_lzss
	index: 1, handler: __TI_decompress_none
	index: 2, handler: __TI_zero_init


GLOBAL SYMBOLS: SORTED ALPHABETICALLY BY Name 

address   name                          
-------   ----                          
000011a1  Buzzer_Task                   
000013b5  Buzzer_init                   
0000150b  C$$EXIT                       
000012f9  GPIODirModeSet                
0000026d  GPIOPadConfigSet              
000014e3  GPIOPinRead                   
000013ed  GPIOPinTypeGPIOOutput         
000014e9  GPIOPinWrite                  
000014ef  LCD_Clear                     
00001395  LCD_Task                      
0000082d  LCD_displayChar               
00001405  LCD_displayString             
00000af9  LCD_init                      
000008e5  LCD_sendCommand               
000011d5  LED1_Toggle_Task              
00001209  LED2_Toggle_Task              
000010c1  LED3_Toggle_Task              
000012a1  LEDs_init                     
000014f5  ResetISR                      
000014fb  SysCtlDelay                   
0000123d  SysCtlPeripheralEnable        
000010f9  SysCtlPeripheralReady         
200078f0  __STACK_END                   
00000200  __STACK_SIZE                  
200078f0  __STACK_TOP                   
00001540  __TI_CINIT_Base               
00001550  __TI_CINIT_Limit              
00001528  __TI_Handler_Table_Base       
00001534  __TI_Handler_Table_Limit      
00000fbd  __TI_auto_init_nobinit_nopinit
00000d3b  __TI_decompress_lzss          
000014c1  __TI_decompress_none          
ffffffff  __TI_pprof_out_hndl           
ffffffff  __TI_prof_data_size           
ffffffff  __TI_prof_data_start          
00000000  __TI_static_base__            
000014cf  __TI_zero_init                
00000cc1  __aeabi_memclr                
00000cc1  __aeabi_memclr4               
00000cc1  __aeabi_memclr8               
00000b99  __aeabi_memcpy                
00000b99  __aeabi_memcpy4               
00000b99  __aeabi_memcpy8               
00000cc3  __aeabi_memset                
00000cc3  __aeabi_memset4               
00000cc3  __aeabi_memset8               
ffffffff  __binit__                     
ffffffff  __c_args__                    
UNDEFED   __mpu_init                    
200076f0  __stack                       
00001131  _c_int00_noargs               
UNDEFED   _system_post_cinit            
00001507  _system_pre_init              
0000150b  abort                         
ffffffff  binit                         
00000000  g_pfnVectors                  
0000144d  init_task                     
0000075d  main                          
00000b99  memcpy                        
00000cc9  memset                        
00000a4d  pvPortMalloc                  
200078f0  pxCurrentTCB                  
0000134d  pxPortInitialiseStack         
00001510  ulMaxSyscallInterruptPriority 
00000699  ulPortGetIPSR                 
00001375  uxListRemove                  
00000f6f  vApplicationStackOverflowHook 
00001463  vListInitialise               
00001501  vListInitialiseItem           
00001169  vListInsert                   
0000141d  vListInsertEnd                
0000074d  vPortEnableVFP                
000013d1  vPortEnterCritical            
00001435  vPortExitCritical             
00001001  vPortFree                     
00000711  vPortSVCHandler               
00001479  vPortSetupTimerInterrupt      
00000731  vPortStartFirstTask           
00000e65  vTaskDelay                    
00000e05  vTaskStartScheduler           
0000099d  vTaskSuspend                  
000014b1  vTaskSuspendAll               
00000c35  vTaskSwitchContext            
000006b1  xPortPendSVHandler            
00001045  xPortStartScheduler           
000012cd  xPortSysTickHandler           
000004a5  xTaskGenericCreate            
000003a1  xTaskIncrementTick            
000005a5  xTaskResumeAll                


GLOBAL SYMBOLS: SORTED BY Symbol Address 

address   name                          
-------   ----                          
00000000  __TI_static_base__            
00000000  g_pfnVectors                  
00000200  __STACK_SIZE                  
0000026d  GPIOPadConfigSet              
000003a1  xTaskIncrementTick            
000004a5  xTaskGenericCreate            
000005a5  xTaskResumeAll                
00000699  ulPortGetIPSR                 
000006b1  xPortPendSVHandler            
00000711  vPortSVCHandler               
00000731  vPortStartFirstTask           
0000074d  vPortEnableVFP                
0000075d  main                          
0000082d  LCD_displayChar               
000008e5  LCD_sendCommand               
0000099d  vTaskSuspend                  
00000a4d  pvPortMalloc                  
00000af9  LCD_init                      
00000b99  __aeabi_memcpy                
00000b99  __aeabi_memcpy4               
00000b99  __aeabi_memcpy8               
00000b99  memcpy                        
00000c35  vTaskSwitchContext            
00000cc1  __aeabi_memclr                
00000cc1  __aeabi_memclr4               
00000cc1  __aeabi_memclr8               
00000cc3  __aeabi_memset                
00000cc3  __aeabi_memset4               
00000cc3  __aeabi_memset8               
00000cc9  memset                        
00000d3b  __TI_decompress_lzss          
00000e05  vTaskStartScheduler           
00000e65  vTaskDelay                    
00000f6f  vApplicationStackOverflowHook 
00000fbd  __TI_auto_init_nobinit_nopinit
00001001  vPortFree                     
00001045  xPortStartScheduler           
000010c1  LED3_Toggle_Task              
000010f9  SysCtlPeripheralReady         
00001131  _c_int00_noargs               
00001169  vListInsert                   
000011a1  Buzzer_Task                   
000011d5  LED1_Toggle_Task              
00001209  LED2_Toggle_Task              
0000123d  SysCtlPeripheralEnable        
000012a1  LEDs_init                     
000012cd  xPortSysTickHandler           
000012f9  GPIODirModeSet                
0000134d  pxPortInitialiseStack         
00001375  uxListRemove                  
00001395  LCD_Task                      
000013b5  Buzzer_init                   
000013d1  vPortEnterCritical            
000013ed  GPIOPinTypeGPIOOutput         
00001405  LCD_displayString             
0000141d  vListInsertEnd                
00001435  vPortExitCritical             
0000144d  init_task                     
00001463  vListInitialise               
00001479  vPortSetupTimerInterrupt      
000014b1  vTaskSuspendAll               
000014c1  __TI_decompress_none          
000014cf  __TI_zero_init                
000014e3  GPIOPinRead                   
000014e9  GPIOPinWrite                  
000014ef  LCD_Clear                     
000014f5  ResetISR                      
000014fb  SysCtlDelay                   
00001501  vListInitialiseItem           
00001507  _system_pre_init              
0000150b  C$$EXIT                       
0000150b  abort                         
00001510  ulMaxSyscallInterruptPriority 
00001528  __TI_Handler_Table_Base       
00001534  __TI_Handler_Table_Limit      
00001540  __TI_CINIT_Base               
00001550  __TI_CINIT_Limit              
200076f0  __stack                       
200078f0  __STACK_END                   
200078f0  __STACK_TOP                   
200078f0  pxCurrentTCB                  
ffffffff  __TI_pprof_out_hndl           
ffffffff  __TI_prof_data_size           
ffffffff  __TI_prof_data_start          
ffffffff  __binit__                     
ffffffff  __c_args__                    
ffffffff  binit                         
UNDEFED   __mpu_init                    
UNDEFED   _system_post_cinit            

[89 symbols]
