******************************************************************************
                  TI ARM Linker PC v18.1.1                     
******************************************************************************
>> Linked Wed Mar 13 14:23:47 2019

OUTPUT FILE NAME:   <RTOS_Activity.out>
ENTRY POINT SYMBOL: "_c_int00_noargs"  address: 000008f9


MEMORY CONFIGURATION

         name            origin    length      used     unused   attr    fill
----------------------  --------  ---------  --------  --------  ----  --------
  FLASH                 00000000   00040000  00000a1e  0003f5e2  R  X
  SRAM                  20000000   00008000  00000203  00007dfd  RW X


SEGMENT ALLOCATION MAP

run origin  load origin   length   init length attrs members
----------  ----------- ---------- ----------- ----- -------
00000000    00000000    00000a20   00000a20    r-x
  00000000    00000000    0000026c   0000026c    r-- .intvecs
  0000026c    0000026c    0000079a   0000079a    r-x .text
  00000a08    00000a08    00000018   00000018    r-- .cinit
20000000    20000000    00000203   00000000    rw-
  20000000    20000000    00000200   00000000    rw- .stack
  20000200    20000200    00000003   00000000    rw- .data


SECTION ALLOCATION MAP

 output                                  attributes/
section   page    origin      length       input sections
--------  ----  ----------  ----------   ----------------
.intvecs   0    00000000    0000026c     
                  00000000    0000026c     tm4c123gh6pm_startup_ccs.obj (.intvecs)

.text      0    0000026c    0000079a     
                  0000026c    00000290     LCD.obj (.text)
                  000004fc    00000132     driverlib.lib : gpio.obj (.text:GPIOPadConfigSet)
                  0000062e    0000009c     rtsv7M4_T_le_v4SPD16_eabi.lib : memcpy_t2.asm.obj (.text)
                  000006ca    00000002     --HOLE-- [fill = 0]
                  000006cc    00000084     LEDs.obj (.text)
                  00000750    0000006c     Buzzer.obj (.text)
                  000007bc    00000068     rtsv7M4_T_le_v4SPD16_eabi.lib : copy_decompress_lzss.c.obj (.text:decompress:lzss:__TI_decompress_lzss)
                  00000824    00000058     main.obj (.text)
                  0000087c    00000044     rtsv7M4_T_le_v4SPD16_eabi.lib : autoinit.c.obj (.text:__TI_auto_init_nobinit_nopinit:__TI_auto_init_nobinit_nopinit)
                  000008c0    00000038     driverlib.lib : sysctl.obj (.text:SysCtlPeripheralReady)
                  000008f8    00000038     rtsv7M4_T_le_v4SPD16_eabi.lib : boot_cortex_m.c.obj (.text:_c_int00_noargs:_c_int00_noargs)
                  00000930    00000034     driverlib.lib : sysctl.obj (.text:SysCtlPeripheralEnable)
                  00000964    0000002c     SysTick_delay.obj (.text)
                  00000990    0000002a     driverlib.lib : gpio.obj (.text:GPIODirModeSet)
                  000009ba    00000018                   : gpio.obj (.text:GPIOPinTypeGPIOOutput)
                  000009d2    0000000e     rtsv7M4_T_le_v4SPD16_eabi.lib : copy_decompress_none.c.obj (.text:decompress:none:__TI_decompress_none)
                  000009e0    0000000c     tm4c123gh6pm_startup_ccs.obj (.text)
                  000009ec    00000006     driverlib.lib : gpio.obj (.text:GPIOPinRead)
                  000009f2    00000006                   : gpio.obj (.text:GPIOPinWrite)
                  000009f8    00000006                   : sysctl.obj (.text:SysCtlDelay)
                  000009fe    00000004     rtsv7M4_T_le_v4SPD16_eabi.lib : pre_init.c.obj (.text:_system_pre_init)
                  00000a02    00000004                                   : exit.c.obj (.text:abort:abort)

.cinit     0    00000a08    00000018     
                  00000a08    00000008     (__TI_handler_table)
                  00000a10    00000007     (.cinit..data.load) [load image, compression = lzss]
                  00000a17    00000001     --HOLE-- [fill = 0]
                  00000a18    00000008     (__TI_cinit_table)

.init_array 
*          0    00000000    00000000     UNINITIALIZED

.data      0    20000200    00000003     UNINITIALIZED
                  20000200    00000003     main.obj (.data)

.stack     0    20000000    00000200     UNINITIALIZED
                  20000000    00000004     rtsv7M4_T_le_v4SPD16_eabi.lib : boot_cortex_m.c.obj (.stack)
                  20000004    000001fc     --HOLE--

MODULE SUMMARY

       Module                         code   ro data   rw data
       ------                         ----   -------   -------
    .\
       tm4c123gh6pm_startup_ccs.obj   12     620       0      
       main.obj                       88     0         3      
    +--+------------------------------+------+---------+---------+
       Total:                         100    620       3      
                                                              
    .\Buzzer\
       Buzzer.obj                     108    0         0      
    +--+------------------------------+------+---------+---------+
       Total:                         108    0         0      
                                                              
    .\LCD\
       LCD.obj                        656    0         0      
    +--+------------------------------+------+---------+---------+
       Total:                         656    0         0      
                                                              
    .\LEDs\
       LEDs.obj                       132    0         0      
    +--+------------------------------+------+---------+---------+
       Total:                         132    0         0      
                                                              
    .\SysTick\
       SysTick_delay.obj              44     0         0      
    +--+------------------------------+------+---------+---------+
       Total:                         44     0         0      
                                                              
    C:/ti/TivaWare_C_Series-2.1.4.178/driverlib/ccs/Debug/driverlib.lib
       gpio.obj                       384    0         0      
       sysctl.obj                     114    0         0      
    +--+------------------------------+------+---------+---------+
       Total:                         498    0         0      
                                                              
    C:\ti\ccsv8\tools\compiler\ti-cgt-arm_18.1.1.LTS\lib\rtsv7M4_T_le_v4SPD16_eabi.lib
       memcpy_t2.asm.obj              156    0         0      
       copy_decompress_lzss.c.obj     104    0         0      
       autoinit.c.obj                 68     0         0      
       boot_cortex_m.c.obj            56     0         0      
       copy_decompress_none.c.obj     14     0         0      
       exit.c.obj                     4      0         0      
       pre_init.c.obj                 4      0         0      
    +--+------------------------------+------+---------+---------+
       Total:                         406    0         0      
                                                              
       Stack:                         0      0         512    
       Linker Generated:              0      23        0      
    +--+------------------------------+------+---------+---------+
       Grand Total:                   1944   643       515    


LINKER GENERATED COPY TABLES

__TI_cinit_table @ 00000a18 records: 1, size/record: 8, table size: 8
	.data: load addr=00000a10, load size=00000007 bytes, run addr=20000200, run size=00000003 bytes, compression=lzss


LINKER GENERATED HANDLER TABLE

__TI_handler_table @ 00000a08 records: 2, size/record: 4, table size: 8
	index: 0, handler: __TI_decompress_lzss
	index: 1, handler: __TI_decompress_none


GLOBAL SYMBOLS: SORTED ALPHABETICALLY BY Name 

address   name                          
-------   ----                          
00000751  Buzzer_init                   
00000763  Buzzer_sound                  
00000a03  C$$EXIT                       
00000991  GPIODirModeSet                
000004fd  GPIOPadConfigSet              
000009ed  GPIOPinRead                   
000009bb  GPIOPinTypeGPIOOutput         
000009f3  GPIOPinWrite                  
000004e5  LCD_Clear                     
000003d7  LCD_displayChar               
000004b1  LCD_displayString             
20000202  LCD_flag                      
0000026d  LCD_init                      
000002fd  LCD_sendCommand               
000006e7  LED1_Toggle                   
20000200  LED1_flag                     
00000717  LED2_Toggle                   
20000201  LED2_flag                     
000006cd  LEDs_init                     
000009e1  ResetISR                      
000009f9  SysCtlDelay                   
00000931  SysCtlPeripheralEnable        
000008c1  SysCtlPeripheralReady         
00000965  SysTick_Delay                 
20000200  __STACK_END                   
00000200  __STACK_SIZE                  
20000200  __STACK_TOP                   
00000a18  __TI_CINIT_Base               
00000a20  __TI_CINIT_Limit              
00000a08  __TI_Handler_Table_Base       
00000a10  __TI_Handler_Table_Limit      
0000087d  __TI_auto_init_nobinit_nopinit
000007bd  __TI_decompress_lzss          
000009d3  __TI_decompress_none          
ffffffff  __TI_pprof_out_hndl           
ffffffff  __TI_prof_data_size           
ffffffff  __TI_prof_data_start          
00000000  __TI_static_base__            
0000062f  __aeabi_memcpy                
0000062f  __aeabi_memcpy4               
0000062f  __aeabi_memcpy8               
ffffffff  __binit__                     
ffffffff  __c_args__                    
UNDEFED   __mpu_init                    
20000000  __stack                       
000008f9  _c_int00_noargs               
UNDEFED   _system_post_cinit            
000009ff  _system_pre_init              
00000a03  abort                         
ffffffff  binit                         
00000000  g_pfnVectors                  
00000825  main                          
0000062f  memcpy                        


GLOBAL SYMBOLS: SORTED BY Symbol Address 

address   name                          
-------   ----                          
00000000  __TI_static_base__            
00000000  g_pfnVectors                  
00000200  __STACK_SIZE                  
0000026d  LCD_init                      
000002fd  LCD_sendCommand               
000003d7  LCD_displayChar               
000004b1  LCD_displayString             
000004e5  LCD_Clear                     
000004fd  GPIOPadConfigSet              
0000062f  __aeabi_memcpy                
0000062f  __aeabi_memcpy4               
0000062f  __aeabi_memcpy8               
0000062f  memcpy                        
000006cd  LEDs_init                     
000006e7  LED1_Toggle                   
00000717  LED2_Toggle                   
00000751  Buzzer_init                   
00000763  Buzzer_sound                  
000007bd  __TI_decompress_lzss          
00000825  main                          
0000087d  __TI_auto_init_nobinit_nopinit
000008c1  SysCtlPeripheralReady         
000008f9  _c_int00_noargs               
00000931  SysCtlPeripheralEnable        
00000965  SysTick_Delay                 
00000991  GPIODirModeSet                
000009bb  GPIOPinTypeGPIOOutput         
000009d3  __TI_decompress_none          
000009e1  ResetISR                      
000009ed  GPIOPinRead                   
000009f3  GPIOPinWrite                  
000009f9  SysCtlDelay                   
000009ff  _system_pre_init              
00000a03  C$$EXIT                       
00000a03  abort                         
00000a08  __TI_Handler_Table_Base       
00000a10  __TI_Handler_Table_Limit      
00000a18  __TI_CINIT_Base               
00000a20  __TI_CINIT_Limit              
20000000  __stack                       
20000200  LED1_flag                     
20000200  __STACK_END                   
20000200  __STACK_TOP                   
20000201  LED2_flag                     
20000202  LCD_flag                      
ffffffff  __TI_pprof_out_hndl           
ffffffff  __TI_prof_data_size           
ffffffff  __TI_prof_data_start          
ffffffff  __binit__                     
ffffffff  __c_args__                    
ffffffff  binit                         
UNDEFED   __mpu_init                    
UNDEFED   _system_post_cinit            

[53 symbols]
