******************************************************************************
                  TI ARM Linker PC v18.1.1                     
******************************************************************************
>> Linked Tue Mar 12 18:18:31 2019

OUTPUT FILE NAME:   <Scheduler.out>
ENTRY POINT SYMBOL: "_c_int00_noargs"  address: 00000d19


MEMORY CONFIGURATION

         name            origin    length      used     unused   attr    fill
----------------------  --------  ---------  --------  --------  ----  --------
  FLASH                 00000000   00040000  00001032  0003efce  R  X
  SRAM                  20000000   00008000  000004c2  00007b3e  RW X


SEGMENT ALLOCATION MAP

run origin  load origin   length   init length attrs members
----------  ----------- ---------- ----------- ----- -------
00000000    00000000    00001038   00001038    r-x
  00000000    00000000    0000026c   0000026c    r-- .intvecs
  0000026c    0000026c    00000c8a   00000c8a    r-x .text
  00000ef8    00000ef8    000000fc   000000fc    r-- .const
  00000ff8    00000ff8    00000040   00000040    r-- .cinit
20000000    20000000    000004c6   00000000    rw-
  20000000    20000000    0000026c   00000000    rw- .vtable
  20000270    20000270    00000200   00000000    rw- .stack
  20000470    20000470    00000044   00000000    rw- .bss
  200004b4    200004b4    00000012   00000000    rw- .data


SECTION ALLOCATION MAP

 output                                  attributes/
section   page    origin      length       input sections
--------  ----  ----------  ----------   ----------------
.intvecs   0    00000000    0000026c     
                  00000000    0000026c     tm4c123gh6pm_startup_ccs.obj (.intvecs)

.text      0    0000026c    00000c8a     
                  0000026c    0000021c     Scheduler.obj (.text)
                  00000488    000001d0     KeyPad.obj (.text)
                  00000658    00000132     driverlib.lib : gpio.obj (.text:GPIOPadConfigSet)
                  0000078a    00000002                   : interrupt.obj (.text:_IntDefaultHandler)
                  0000078c    00000110                   : sysctl.obj (.text:SysCtlClockGet)
                  0000089c    0000009c     rtsv7M4_T_le_v4SPD16_eabi.lib : memcpy_t2.asm.obj (.text)
                  00000938    00000098     Tasks.obj (.text)
                  000009d0    00000098     UART.obj (.text)
                  00000a68    00000088     systick_Tivaware.obj (.text)
                  00000af0    00000078     main.obj (.text)
                  00000b68    00000068     rtsv7M4_T_le_v4SPD16_eabi.lib : copy_decompress_lzss.c.obj (.text:decompress:lzss:__TI_decompress_lzss)
                  00000bd0    00000048     driverlib.lib : gpio.obj (.text:GPIOPinConfigure)
                  00000c18    00000046                   : uart.obj (.text:UARTConfigSetExpClk)
                  00000c5e    00000002     --HOLE-- [fill = 0]
                  00000c60    00000044     rtsv7M4_T_le_v4SPD16_eabi.lib : autoinit.c.obj (.text:__TI_auto_init_nobinit_nopinit:__TI_auto_init_nobinit_nopinit)
                  00000ca4    0000003c     SysTick.obj (.text)
                  00000ce0    00000038     driverlib.lib : sysctl.obj (.text:SysCtlPeripheralReady)
                  00000d18    00000038     rtsv7M4_T_le_v4SPD16_eabi.lib : boot_cortex_m.c.obj (.text:_c_int00_noargs:_c_int00_noargs)
                  00000d50    00000034     driverlib.lib : interrupt.obj (.text:IntRegister)
                  00000d84    00000034                   : sysctl.obj (.text:SysCtlPeripheralEnable)
                  00000db8    0000002a                   : gpio.obj (.text:GPIODirModeSet)
                  00000de2    00000002     --HOLE-- [fill = 0]
                  00000de4    00000020                   : uart.obj (.text:UARTDisable)
                  00000e04    00000018                   : gpio.obj (.text:GPIOPinTypeGPIOOutput)
                  00000e1c    00000014                   : interrupt.obj (.text:IntUnregister)
                  00000e30    00000014                   : uart.obj (.text:UARTEnable)
                  00000e44    00000012                   : gpio.obj (.text:GPIOPinTypeGPIOInput)
                  00000e56    00000012                   : gpio.obj (.text:GPIOPinTypeUART)
                  00000e68    00000012     rtsv7M4_T_le_v4SPD16_eabi.lib : copy_zero_init.c.obj (.text:decompress:ZI:__TI_zero_init_nomemset:__TI_zero_init_nomemset)
                  00000e7a    00000010     driverlib.lib : interrupt.obj (.text:IntMasterEnable)
                  00000e8a    0000000e                   : uart.obj (.text:UARTCharGetNonBlocking)
                  00000e98    0000000e                   : uart.obj (.text:UARTCharPutNonBlocking)
                  00000ea6    0000000e                   : uart.obj (.text:UARTCharsAvail)
                  00000eb4    0000000e     rtsv7M4_T_le_v4SPD16_eabi.lib : copy_decompress_none.c.obj (.text:decompress:none:__TI_decompress_none)
                  00000ec2    0000000c     driverlib.lib : cpu.obj (.text:CPUcpsie)
                  00000ece    0000000c     tm4c123gh6pm_startup_ccs.obj (.text)
                  00000eda    00000008     driverlib.lib : uart.obj (.text:UARTBusy)
                  00000ee2    00000006                   : gpio.obj (.text:GPIOPinRead)
                  00000ee8    00000006                   : gpio.obj (.text:GPIOPinWrite)
                  00000eee    00000004     rtsv7M4_T_le_v4SPD16_eabi.lib : pre_init.c.obj (.text:_system_pre_init)
                  00000ef2    00000004                                   : exit.c.obj (.text:abort:abort)

.const     0    00000ef8    000000fc     
                  00000ef8    00000090     driverlib.lib : gpio.obj (.const:g_pui32GPIOBaseAddrs)
                  00000f88    0000006c                   : sysctl.obj (.const:g_pui32Xtals)

.cinit     0    00000ff8    00000040     
                  00000ff8    0000000c     (__TI_handler_table)
                  00001004    0000000b     (.cinit..data.load) [load image, compression = lzss]
                  0000100f    00000001     --HOLE-- [fill = 0]
                  00001010    00000008     (.cinit..bss.load) [load image, compression = zero_init]
                  00001018    00000008     (.cinit..vtable.load) [load image, compression = zero_init]
                  00001020    00000018     (__TI_cinit_table)

.init_array 
*          0    00000000    00000000     UNINITIALIZED

.vtable    0    20000000    0000026c     UNINITIALIZED
                  20000000    0000026c     driverlib.lib : interrupt.obj (.vtable)

.bss       0    20000470    00000044     UNINITIALIZED
                  20000470    00000040     (.common:Tasks_Arr)
                  200004b0    00000004     (.common:call_back)

.data      0    200004b4    00000012     UNINITIALIZED
                  200004b4    0000000c     Scheduler.obj (.data)
                  200004c0    00000004     Tasks.obj (.data)
                  200004c4    00000001     KeyPad.obj (.data)
                  200004c5    00000001     UART.obj (.data)

.stack     0    20000270    00000200     UNINITIALIZED
                  20000270    00000004     rtsv7M4_T_le_v4SPD16_eabi.lib : boot_cortex_m.c.obj (.stack)
                  20000274    000001fc     --HOLE--

MODULE SUMMARY

       Module                         code   ro data   rw data
       ------                         ----   -------   -------
    .\
       tm4c123gh6pm_startup_ccs.obj   12     620       0      
       main.obj                       120    0         64     
    +--+------------------------------+------+---------+---------+
       Total:                         132    620       64     
                                                              
    .\KeyPad\
       KeyPad.obj                     464    0         1      
    +--+------------------------------+------+---------+---------+
       Total:                         464    0         1      
                                                              
    .\Scheduler\
       Scheduler.obj                  540    0         12     
    +--+------------------------------+------+---------+---------+
       Total:                         540    0         12     
                                                              
    .\SysTick\
       systick_Tivaware.obj           136    0         0      
       SysTick.obj                    60     0         4      
    +--+------------------------------+------+---------+---------+
       Total:                         196    0         4      
                                                              
    .\Tasks\
       Tasks.obj                      152    0         4      
    +--+------------------------------+------+---------+---------+
       Total:                         152    0         4      
                                                              
    .\UART\
       UART.obj                       152    0         1      
    +--+------------------------------+------+---------+---------+
       Total:                         152    0         1      
                                                              
    C:/ti/TivaWare_C_Series-2.1.4.178/driverlib/ccs/Debug/driverlib.lib
       interrupt.obj                  90     0         620    
       gpio.obj                       492    144       0      
       sysctl.obj                     380    108       0      
       uart.obj                       172    0         0      
       cpu.obj                        12     0         0      
    +--+------------------------------+------+---------+---------+
       Total:                         1146   252       620    
                                                              
    C:\ti\ccsv8\tools\compiler\ti-cgt-arm_18.1.1.LTS\lib\rtsv7M4_T_le_v4SPD16_eabi.lib
       memcpy_t2.asm.obj              156    0         0      
       copy_decompress_lzss.c.obj     104    0         0      
       autoinit.c.obj                 68     0         0      
       boot_cortex_m.c.obj            56     0         0      
       copy_zero_init.c.obj           18     0         0      
       copy_decompress_none.c.obj     14     0         0      
       exit.c.obj                     4      0         0      
       pre_init.c.obj                 4      0         0      
    +--+------------------------------+------+---------+---------+
       Total:                         424    0         0      
                                                              
       Stack:                         0      0         512    
       Linker Generated:              0      63        0      
    +--+------------------------------+------+---------+---------+
       Grand Total:                   3206   935       1218   


LINKER GENERATED COPY TABLES

__TI_cinit_table @ 00001020 records: 3, size/record: 8, table size: 24
	.data: load addr=00001004, load size=0000000b bytes, run addr=200004b4, run size=00000012 bytes, compression=lzss
	.bss: load addr=00001010, load size=00000008 bytes, run addr=20000470, run size=00000044 bytes, compression=zero_init
	.vtable: load addr=00001018, load size=00000008 bytes, run addr=20000000, run size=0000026c bytes, compression=zero_init


LINKER GENERATED HANDLER TABLE

__TI_handler_table @ 00000ff8 records: 3, size/record: 4, table size: 12
	index: 0, handler: __TI_zero_init
	index: 1, handler: __TI_decompress_lzss
	index: 2, handler: __TI_decompress_none


GLOBAL SYMBOLS: SORTED ALPHABETICALLY BY Name 

address   name                          
-------   ----                          
00000ef3  C$$EXIT                       
00000ec3  CPUcpsie                      
200004c2  Data                          
200004c1  Deb                           
200004c0  Deb_Flag                      
00000985  Debouncing_Task               
00000db9  GPIODirModeSet                
00000659  GPIOPadConfigSet              
00000bd1  GPIOPinConfigure              
00000ee3  GPIOPinRead                   
00000e45  GPIOPinTypeGPIOInput          
00000e05  GPIOPinTypeGPIOOutput         
00000e57  GPIOPinTypeUART               
00000ee9  GPIOPinWrite                  
00000e7b  IntMasterEnable               
00000d51  IntRegister                   
00000e1d  IntUnregister                 
0000095d  K2S_Task                      
00000489  Keypad_Init                   
00000513  Keypad_Task                   
00000ecf  ResetISR                      
0000078d  SysCtlClockGet                
00000d85  SysCtlPeripheralEnable        
00000ce1  SysCtlPeripheralReady         
00000a75  SysTickDisable                
00000a69  SysTickEnable                 
00000ab9  SysTickIntDisable             
00000aad  SysTickIntEnable              
00000ccd  SysTickIntHandler             
00000a81  SysTickIntRegister            
00000a99  SysTickIntUnregister          
00000ad7  SysTickPeriodGet              
00000ac5  SysTickPeriodSet              
00000adf  SysTickValueGet               
00000ca5  SysTick_INIT                  
00000355  TTC_Scheduler                 
20000470  Tasks_Arr                     
00000a31  UART0_TransmitCheck           
00000a1f  UART0_TransmitStart           
000009d1  UART0_init                    
00000a43  UART0_receive                 
00000edb  UARTBusy                      
00000e8b  UARTCharGetNonBlocking        
00000e99  UARTCharPutNonBlocking        
00000ea7  UARTCharsAvail                
00000c19  UARTConfigSetExpClk           
00000de5  UARTDisable                   
00000e31  UARTEnable                    
00000939  UArt_Check_Task               
20000470  __STACK_END                   
00000200  __STACK_SIZE                  
20000470  __STACK_TOP                   
00001020  __TI_CINIT_Base               
00001038  __TI_CINIT_Limit              
00000ff8  __TI_Handler_Table_Base       
00001004  __TI_Handler_Table_Limit      
00000c61  __TI_auto_init_nobinit_nopinit
00000b69  __TI_decompress_lzss          
00000eb5  __TI_decompress_none          
ffffffff  __TI_pprof_out_hndl           
ffffffff  __TI_prof_data_size           
ffffffff  __TI_prof_data_start          
00000000  __TI_static_base__            
00000e69  __TI_zero_init_nomemset       
0000089d  __aeabi_memcpy                
0000089d  __aeabi_memcpy4               
0000089d  __aeabi_memcpy8               
ffffffff  __binit__                     
ffffffff  __c_args__                    
UNDEFED   __mpu_init                    
20000270  __stack                       
00000d19  _c_int00_noargs               
UNDEFED   _system_post_cinit            
00000eef  _system_pre_init              
00000ef3  abort                         
ffffffff  binit                         
200004b0  call_back                     
200004b4  flag                          
20000000  g_pfnRAMVectors               
00000000  g_pfnVectors                  
200004b8  index                         
200004c3  k2s_flag                      
200004c4  key                           
00000af1  main                          
0000089d  memcpy                        
000002d7  schedulerInit                 
0000032d  schedulerStart                
0000026d  scheduler_Add_Task            
00000cbd  set_call_back                 
000003c3  set_flag                      
200004bc  task_num                      
200004c5  uart_transmit_fifnish         


GLOBAL SYMBOLS: SORTED BY Symbol Address 

address   name                          
-------   ----                          
00000000  __TI_static_base__            
00000000  g_pfnVectors                  
00000200  __STACK_SIZE                  
0000026d  scheduler_Add_Task            
000002d7  schedulerInit                 
0000032d  schedulerStart                
00000355  TTC_Scheduler                 
000003c3  set_flag                      
00000489  Keypad_Init                   
00000513  Keypad_Task                   
00000659  GPIOPadConfigSet              
0000078d  SysCtlClockGet                
0000089d  __aeabi_memcpy                
0000089d  __aeabi_memcpy4               
0000089d  __aeabi_memcpy8               
0000089d  memcpy                        
00000939  UArt_Check_Task               
0000095d  K2S_Task                      
00000985  Debouncing_Task               
000009d1  UART0_init                    
00000a1f  UART0_TransmitStart           
00000a31  UART0_TransmitCheck           
00000a43  UART0_receive                 
00000a69  SysTickEnable                 
00000a75  SysTickDisable                
00000a81  SysTickIntRegister            
00000a99  SysTickIntUnregister          
00000aad  SysTickIntEnable              
00000ab9  SysTickIntDisable             
00000ac5  SysTickPeriodSet              
00000ad7  SysTickPeriodGet              
00000adf  SysTickValueGet               
00000af1  main                          
00000b69  __TI_decompress_lzss          
00000bd1  GPIOPinConfigure              
00000c19  UARTConfigSetExpClk           
00000c61  __TI_auto_init_nobinit_nopinit
00000ca5  SysTick_INIT                  
00000cbd  set_call_back                 
00000ccd  SysTickIntHandler             
00000ce1  SysCtlPeripheralReady         
00000d19  _c_int00_noargs               
00000d51  IntRegister                   
00000d85  SysCtlPeripheralEnable        
00000db9  GPIODirModeSet                
00000de5  UARTDisable                   
00000e05  GPIOPinTypeGPIOOutput         
00000e1d  IntUnregister                 
00000e31  UARTEnable                    
00000e45  GPIOPinTypeGPIOInput          
00000e57  GPIOPinTypeUART               
00000e69  __TI_zero_init_nomemset       
00000e7b  IntMasterEnable               
00000e8b  UARTCharGetNonBlocking        
00000e99  UARTCharPutNonBlocking        
00000ea7  UARTCharsAvail                
00000eb5  __TI_decompress_none          
00000ec3  CPUcpsie                      
00000ecf  ResetISR                      
00000edb  UARTBusy                      
00000ee3  GPIOPinRead                   
00000ee9  GPIOPinWrite                  
00000eef  _system_pre_init              
00000ef3  C$$EXIT                       
00000ef3  abort                         
00000ff8  __TI_Handler_Table_Base       
00001004  __TI_Handler_Table_Limit      
00001020  __TI_CINIT_Base               
00001038  __TI_CINIT_Limit              
20000000  g_pfnRAMVectors               
20000270  __stack                       
20000470  Tasks_Arr                     
20000470  __STACK_END                   
20000470  __STACK_TOP                   
200004b0  call_back                     
200004b4  flag                          
200004b8  index                         
200004bc  task_num                      
200004c0  Deb_Flag                      
200004c1  Deb                           
200004c2  Data                          
200004c3  k2s_flag                      
200004c4  key                           
200004c5  uart_transmit_fifnish         
ffffffff  __TI_pprof_out_hndl           
ffffffff  __TI_prof_data_size           
ffffffff  __TI_prof_data_start          
ffffffff  __binit__                     
ffffffff  __c_args__                    
ffffffff  binit                         
UNDEFED   __mpu_init                    
UNDEFED   _system_post_cinit            

[92 symbols]
