Archive member included to satisfy reference by file (symbol)

c:/mingw/bin/../lib/gcc/x86_64-w64-mingw32/7.2.0/../../../../x86_64-w64-mingw32/lib/../lib/libmingw32.a(lib64_libmingw32_a-atonexit.o)
                              c:/mingw/bin/../lib/gcc/x86_64-w64-mingw32/7.2.0/crtbegin.o (atexit)
c:/mingw/bin/../lib/gcc/x86_64-w64-mingw32/7.2.0/../../../../x86_64-w64-mingw32/lib/../lib/libmingw32.a(lib64_libmingw32_a-gccmain.o)
                              c:/mingw/bin/../lib/gcc/x86_64-w64-mingw32/7.2.0/../../../../x86_64-w64-mingw32/lib/../lib/crt2.o (__main)
c:/mingw/bin/../lib/gcc/x86_64-w64-mingw32/7.2.0/../../../../x86_64-w64-mingw32/lib/../lib/libmingw32.a(lib64_libmingw32_a-natstart.o)
                              c:/mingw/bin/../lib/gcc/x86_64-w64-mingw32/7.2.0/../../../../x86_64-w64-mingw32/lib/../lib/crt2.o (__native_startup_lock)
c:/mingw/bin/../lib/gcc/x86_64-w64-mingw32/7.2.0/../../../../x86_64-w64-mingw32/lib/../lib/libmingw32.a(lib64_libmingw32_a-wildcard.o)
                              c:/mingw/bin/../lib/gcc/x86_64-w64-mingw32/7.2.0/../../../../x86_64-w64-mingw32/lib/../lib/crt2.o (_dowildcard)
c:/mingw/bin/../lib/gcc/x86_64-w64-mingw32/7.2.0/../../../../x86_64-w64-mingw32/lib/../lib/libmingw32.a(lib64_libmingw32_a-charmax.o)
                              c:/mingw/bin/../lib/gcc/x86_64-w64-mingw32/7.2.0/../../../../x86_64-w64-mingw32/lib/../lib/crt2.o (mingw_initcharmax)
c:/mingw/bin/../lib/gcc/x86_64-w64-mingw32/7.2.0/../../../../x86_64-w64-mingw32/lib/../lib/libmingw32.a(lib64_libmingw32_a-dllargv.o)
                              c:/mingw/bin/../lib/gcc/x86_64-w64-mingw32/7.2.0/../../../../x86_64-w64-mingw32/lib/../lib/crt2.o (_setargv)
c:/mingw/bin/../lib/gcc/x86_64-w64-mingw32/7.2.0/../../../../x86_64-w64-mingw32/lib/../lib/libmingw32.a(lib64_libmingw32_a-gs_support.o)
                              c:/mingw/bin/../lib/gcc/x86_64-w64-mingw32/7.2.0/../../../../x86_64-w64-mingw32/lib/../lib/crt2.o (__security_init_cookie)
c:/mingw/bin/../lib/gcc/x86_64-w64-mingw32/7.2.0/../../../../x86_64-w64-mingw32/lib/../lib/libmingw32.a(lib64_libmingw32_a-_newmode.o)
                              c:/mingw/bin/../lib/gcc/x86_64-w64-mingw32/7.2.0/../../../../x86_64-w64-mingw32/lib/../lib/crt2.o (_newmode)
c:/mingw/bin/../lib/gcc/x86_64-w64-mingw32/7.2.0/../../../../x86_64-w64-mingw32/lib/../lib/libmingw32.a(lib64_libmingw32_a-tlssup.o)
                              c:/mingw/bin/../lib/gcc/x86_64-w64-mingw32/7.2.0/../../../../x86_64-w64-mingw32/lib/../lib/crt2.o (mingw_initltssuo_force)
c:/mingw/bin/../lib/gcc/x86_64-w64-mingw32/7.2.0/../../../../x86_64-w64-mingw32/lib/../lib/libmingw32.a(lib64_libmingw32_a-cinitexe.o)
                              c:/mingw/bin/../lib/gcc/x86_64-w64-mingw32/7.2.0/../../../../x86_64-w64-mingw32/lib/../lib/crt2.o (__xc_z)
c:/mingw/bin/../lib/gcc/x86_64-w64-mingw32/7.2.0/../../../../x86_64-w64-mingw32/lib/../lib/libmingw32.a(lib64_libmingw32_a-merr.o)
                              c:/mingw/bin/../lib/gcc/x86_64-w64-mingw32/7.2.0/../../../../x86_64-w64-mingw32/lib/../lib/crt2.o (__mingw_setusermatherr)
c:/mingw/bin/../lib/gcc/x86_64-w64-mingw32/7.2.0/../../../../x86_64-w64-mingw32/lib/../lib/libmingw32.a(lib64_libmingw32_a-CRT_fp10.o)
                              c:/mingw/bin/../lib/gcc/x86_64-w64-mingw32/7.2.0/../../../../x86_64-w64-mingw32/lib/../lib/crt2.o (_fpreset)
c:/mingw/bin/../lib/gcc/x86_64-w64-mingw32/7.2.0/../../../../x86_64-w64-mingw32/lib/../lib/libmingw32.a(lib64_libmingw32_a-mingw_helpers.o)
                              c:/mingw/bin/../lib/gcc/x86_64-w64-mingw32/7.2.0/../../../../x86_64-w64-mingw32/lib/../lib/libmingw32.a(lib64_libmingw32_a-atonexit.o) (_decode_pointer)
c:/mingw/bin/../lib/gcc/x86_64-w64-mingw32/7.2.0/../../../../x86_64-w64-mingw32/lib/../lib/libmingw32.a(lib64_libmingw32_a-pseudo-reloc.o)
                              c:/mingw/bin/../lib/gcc/x86_64-w64-mingw32/7.2.0/../../../../x86_64-w64-mingw32/lib/../lib/crt2.o (_pei386_runtime_relocator)
c:/mingw/bin/../lib/gcc/x86_64-w64-mingw32/7.2.0/../../../../x86_64-w64-mingw32/lib/../lib/libmingw32.a(lib64_libmingw32_a-xtxtmode.o)
                              c:/mingw/bin/../lib/gcc/x86_64-w64-mingw32/7.2.0/../../../../x86_64-w64-mingw32/lib/../lib/crt2.o (_fmode)
c:/mingw/bin/../lib/gcc/x86_64-w64-mingw32/7.2.0/../../../../x86_64-w64-mingw32/lib/../lib/libmingw32.a(lib64_libmingw32_a-crt_handler.o)
                              c:/mingw/bin/../lib/gcc/x86_64-w64-mingw32/7.2.0/../../../../x86_64-w64-mingw32/lib/../lib/crt2.o (__mingw_init_ehandler)
c:/mingw/bin/../lib/gcc/x86_64-w64-mingw32/7.2.0/../../../../x86_64-w64-mingw32/lib/../lib/libmingw32.a(lib64_libmingw32_a-tlsthrd.o)
                              c:/mingw/bin/../lib/gcc/x86_64-w64-mingw32/7.2.0/../../../../x86_64-w64-mingw32/lib/../lib/libmingw32.a(lib64_libmingw32_a-tlssup.o) (__mingw_TLScallback)
c:/mingw/bin/../lib/gcc/x86_64-w64-mingw32/7.2.0/../../../../x86_64-w64-mingw32/lib/../lib/libmingw32.a(lib64_libmingw32_a-tlsmcrt.o)
[...]
Memory Configuration

Name             Origin             Length             Attributes
*default*        0x0000000000000000 0xffffffffffffffff

Linker script and memory map

                0x0000000000400000                __image_base__ = 0x400000
                0x0000000000000000                __dll__ = 0x0
                0x0000000000400000                __ImageBase = 0x400000
                0x0000000000001000                __section_alignment__ = 0x1000
                0x0000000000000200                __file_alignment__ = 0x200
                0x0000000000000004                __major_os_version__ = 0x4
                0x0000000000000000                __minor_os_version__ = 0x0
                0x0000000000000000                __major_image_version__ = 0x0
                0x0000000000000000                __minor_image_version__ = 0x0
                0x0000000000000005                __major_subsystem_version__ = 0x5
                0x0000000000000002                __minor_subsystem_version__ = 0x2
                0x0000000000000003                __subsystem__ = 0x3
                0x0000000000200000                __size_of_stack_reserve__ = 0x200000
                0x0000000000001000                __size_of_stack_commit__ = 0x1000
                0x0000000000100000                __size_of_heap_reserve__ = 0x100000
                0x0000000000001000                __size_of_heap_commit__ = 0x1000
                0x0000000000000000                __loader_flags__ = 0x0
                0x0000000000000000                __dll_characteristics__ = 0x0
LOAD c:/mingw/bin/../lib/gcc/x86_64-w64-mingw32/7.2.0/../../../../x86_64-w64-mingw32/lib/../lib/crt2.o
LOAD c:/mingw/bin/../lib/gcc/x86_64-w64-mingw32/7.2.0/crtbegin.o
LOAD main.o
LOAD func1.o
LOAD func2.o
LOAD c:/mingw/bin/../lib/gcc/x86_64-w64-mingw32/7.2.0/../../../../x86_64-w64-mingw32/lib/../lib/libmingw32.a
LOAD c:/mingw/bin/../lib/gcc/x86_64-w64-mingw32/7.2.0/libgcc.a
LOAD c:/mingw/bin/../lib/gcc/x86_64-w64-mingw32/7.2.0/../../../../x86_64-w64-mingw32/lib/../lib/libmoldname.a
LOAD c:/mingw/bin/../lib/gcc/x86_64-w64-mingw32/7.2.0/../../../../x86_64-w64-mingw32/lib/../lib/libmingwex.a
LOAD c:/mingw/bin/../lib/gcc/x86_64-w64-mingw32/7.2.0/../../../../x86_64-w64-mingw32/lib/../lib/libmsvcrt.a
LOAD c:/mingw/bin/../lib/gcc/x86_64-w64-mingw32/7.2.0/../../../../x86_64-w64-mingw32/lib/../lib/libadvapi32.a
LOAD c:/mingw/bin/../lib/gcc/x86_64-w64-mingw32/7.2.0/../../../../x86_64-w64-mingw32/lib/../lib/libshell32.a
LOAD c:/mingw/bin/../lib/gcc/x86_64-w64-mingw32/7.2.0/../../../../x86_64-w64-mingw32/lib/../lib/libuser32.a
LOAD c:/mingw/bin/../lib/gcc/x86_64-w64-mingw32/7.2.0/../../../../x86_64-w64-mingw32/lib/../lib/libkernel32.a
LOAD c:/mingw/bin/../lib/gcc/x86_64-w64-mingw32/7.2.0/../../../../x86_64-w64-mingw32/lib/../lib/libmingw32.a
LOAD c:/mingw/bin/../lib/gcc/x86_64-w64-mingw32/7.2.0/libgcc.a
LOAD c:/mingw/bin/../lib/gcc/x86_64-w64-mingw32/7.2.0/../../../../x86_64-w64-mingw32/lib/../lib/libmoldname.a
LOAD c:/mingw/bin/../lib/gcc/x86_64-w64-mingw32/7.2.0/../../../../x86_64-w64-mingw32/lib/../lib/libmingwex.a
LOAD c:/mingw/bin/../lib/gcc/x86_64-w64-mingw32/7.2.0/../../../../x86_64-w64-mingw32/lib/../lib/libmsvcrt.a
LOAD c:/mingw/bin/../lib/gcc/x86_64-w64-mingw32/7.2.0/crtend.o
                0x00000000000003b8                . = SIZEOF_HEADERS
                0x0000000000001000                . = ALIGN (__section_alignment__)

.text           0x0000000000401000     0x2000
 *(.init)
 *(.text)
 .text          0x0000000000401000      0x540 c:/mingw/bin/../lib/gcc/x86_64-w64-mingw32/7.2.0/../../../../x86_64-w64-mingw32/lib/../lib/crt2.o
                0x00000000004014e0                WinMainCRTStartup
                0x0000000000401510                mainCRTStartup
 .text          0x0000000000401540       0x30 c:/mingw/bin/../lib/gcc/x86_64-w64-mingw32/7.2.0/crtbegin.o
                0x0000000000401540                __gcc_register_frame
                0x0000000000401560                __gcc_deregister_frame
 .text          0x0000000000401570       0x30 main.o
                0x0000000000401570                main
 .text          0x00000000004015a0       0x20 func1.o
                0x00000000004015a0                func1
 .text          0x00000000004015c0       0x20 func2.o
                0x00000000004015c0                func2
 .text          0x00000000004015e0      0x180 c:/mingw/bin/../lib/gcc/x86_64-w64-mingw32/7.2.0/../../../../x86_64-w64-mingw32/lib/../lib/libmingw32.a(lib64_libmingw32_a-atonexit.o)
                0x00000000004015e0                mingw_onexit
                0x00000000004016a0                atexit
 .text          0x0000000000401760      0x140 c:/mingw/bin/../lib/gcc/x86_64-w64-mingw32/7.2.0/../../../../x86_64-w64-mingw32/lib/../lib/libmingw32.a(lib64_libmingw32_a-gccmain.o)
                0x0000000000401760                __do_global_dtors
                0x00000000004017a0                __do_global_ctors
                0x0000000000401810                __main
 .text          0x00000000004018a0        0x0 c:/mingw/bin/../lib/gcc/x86_64-w64-mingw32/7.2.0/../../../../x86_64-w64-mingw32/lib/../lib/libmingw32.a(lib64_libmingw32_a-natstart.o)
 .text          0x00000000004018a0        0x0 c:/mingw/bin/../lib/gcc/x86_64-w64-mingw32/7.2.0/../../../../x86_64-w64-mingw32/lib/../lib/libmingw32.a(lib64_libmingw32_a-wildcard.o)
 .text          0x00000000004018a0       0x10 c:/mingw/bin/../lib/gcc/x86_64-w64-mingw32/7.2.0/../../../../x86_64-w64-mingw32/lib/../lib/libmingw32.a(lib64_libmingw32_a-charmax.o)
 .text          0x00000000004018b0       0x10 c:/mingw/bin/../lib/gcc/x86_64-w64-mingw32/7.2.0/../../../../x86_64-w64-mingw32/lib/../lib/libmingw32.a(lib64_libmingw32_a-dllargv.o)
                0x00000000004018b0                _setargv
 .text          0x00000000004018c0      0x1e0 c:/mingw/bin/../lib/gcc/x86_64-w64-mingw32/7.2.0/../../../../x86_64-w64-mingw32/lib/../lib/libmingw32.a(lib64_libmingw32_a-gs_support.o)
                0x00000000004018c0                __security_init_cookie
                0x00000000004019a0                __report_gsfailure
 .text          0x0000000000401aa0        0x0 c:/mingw/bin/../lib/gcc/x86_64-w64-mingw32/7.2.0/../../../../x86_64-w64-mingw32/lib/../lib/libmingw32.a(lib64_libmingw32_a-_newmode.o)
 .text          0x0000000000401aa0       0xc0 c:/mingw/bin/../lib/gcc/x86_64-w64-mingw32/7.2.0/../../../../x86_64-w64-mingw32/lib/../lib/libmingw32.a(lib64_libmingw32_a-tlssup.o)
                0x0000000000401ad0                __dyn_tls_init
                0x0000000000401b50                __tlregdtor
 .text          0x0000000000401b60        0x0 c:/mingw/bin/../lib/gcc/x86_64-w64-mingw32/7.2.0/../../../../x86_64-w64-mingw32/lib/../lib/libmingw32.a(lib64_libmingw32_a-cinitexe.o)
 .text          0x0000000000401b60      0x140 c:/mingw/bin/../lib/gcc/x86_64-w64-mingw32/7.2.0/../../../../x86_64-w64-mingw32/lib/../lib/libmingw32.a(lib64_libmingw32_a-merr.o)
                0x0000000000401b60                __mingw_raise_matherr
                0x0000000000401ba0                __mingw_setusermatherr
                0x0000000000401bb0                _matherr
 .text          0x0000000000401ca0       0x10 c:/mingw/bin/../lib/gcc/x86_64-w64-mingw32/7.2.0/../../../../x86_64-w64-mingw32/lib/../lib/libmingw32.a(lib64_libmingw32_a-CRT_fp10.o)
                0x0000000000401ca0                fpreset
                0x0000000000401ca0                _fpreset
 .text          0x0000000000401cb0       0x20 c:/mingw/bin/../lib/gcc/x86_64-w64-mingw32/7.2.0/../../../../x86_64-w64-mingw32/lib/../lib/libmingw32.a(lib64_libmingw32_a-mingw_helpers.o)
                0x0000000000401cb0                _decode_pointer
                0x0000000000401cc0                _encode_pointer
 .text          0x0000000000401cd0      0x430 c:/mingw/bin/../lib/gcc/x86_64-w64-mingw32/7.2.0/../../../../x86_64-w64-mingw32/lib/../lib/libmingw32.a(lib64_libmingw32_a-pseudo-reloc.o)
                0x0000000000401e30                _pei386_runtime_relocator
 .text          0x0000000000402100        0x0 c:/mingw/bin/../lib/gcc/x86_64-w64-mingw32/7.2.0/../../../../x86_64-w64-mingw32/lib/../lib/libmingw32.a(lib64_libmingw32_a-xtxtmode.o)
 .text          0x0000000000402100      0x480 c:/mingw/bin/../lib/gcc/x86_64-w64-mingw32/7.2.0/../../../../x86_64-w64-mingw32/lib/../lib/libmingw32.a(lib64_libmingw32_a-crt_handler.o)
                0x0000000000402100                __mingw_SEH_error_handler
                0x00000000004022a0                __mingw_init_ehandler
                0x0000000000402390                _gnu_exception_handler
 .text          0x0000000000402580      0x2f0 c:/mingw/bin/../lib/gcc/x86_64-w64-mingw32/7.2.0/../../../../x86_64-w64-mingw32/lib/../lib/libmingw32.a(lib64_libmingw32_a-tlsthrd.o)
                0x0000000000402580                ___w64_mingwthr_add_key_dtor
                0x0000000000402600                ___w64_mingwthr_remove_key_dtor
                0x00000000004026a0                __mingw_TLScallback
 .text          0x0000000000402870        0x0 c:/mingw/bin/../lib/gcc/x86_64-w64-mingw32/7.2.0/../../../../x86_64-w64-mingw32/lib/../lib/libmingw32.a(lib64_libmingw32_a-tlsmcrt.o)
 .text          0x0000000000402870        0x0 c:/mingw/bin/../lib/gcc/x86_64-w64-mingw32/7.2.0/../../../../x86_64-w64-mingw32/lib/../lib/libmingw32.a(lib64_libmingw32_a-pseudo-reloc-list.o)
 .text          0x0000000000402870      0x3b0 c:/mingw/bin/../lib/gcc/x86_64-w64-mingw32/7.2.0/../../../../x86_64-w64-mingw32/lib/../lib/libmingw32.a(lib64_libmingw32_a-pesect.o)
                0x0000000000402870                _ValidateImageBase
                0x00000000004028a0                _FindPESection
                0x00000000004028f0                _FindPESectionByName
                0x00000000004029a0                __mingw_GetSectionForAddress
                0x0000000000402a10                __mingw_GetSectionCount
                0x0000000000402a40                _FindPESectionExec
                0x0000000000402aa0                _GetPEImageBase
                0x0000000000402ae0                _IsNonwritableInCurrentImage
                0x0000000000402b60                __mingw_enum_import_library_names
 .text          0x0000000000402c20       0x40 c:/mingw/bin/../lib/gcc/x86_64-w64-mingw32/7.2.0/libgcc.a(_chkstk_ms.o)
                0x0000000000402c20                ___chkstk_ms
 .text          0x0000000000402c60        0x0 c:/mingw/bin/../lib/gcc/x86_64-w64-mingw32/7.2.0/libgcc.a(_ctors.o)
 .text          0x0000000000402c60        0x0 c:/mingw/bin/../lib/gcc/x86_64-w64-mingw32/7.2.0/../../../../x86_64-w64-mingw32/lib/../lib/libmingwex.a(lib64_libmingwex_a-mingw_matherr.o)
 .text          0x0000000000402c60        0x8 c:/mingw/bin/../lib/gcc/x86_64-w64-mingw32/7.2.0/../../../../x86_64-w64-mingw32/lib/../lib/libmsvcrt.a(djjws01107.o)
                0x0000000000402c60                vfprintf
 .text          0x0000000000402c68        0x8 c:/mingw/bin/../lib/gcc/x86_64-w64-mingw32/7.2.0/../../../../x86_64-w64-mingw32/lib/../lib/libmsvcrt.a(djjws01075.o)
                0x0000000000402c68                strncmp
 .text          0x0000000000402c70        0x8 c:/mingw/bin/../lib/gcc/x86_64-w64-mingw32/7.2.0/../../../../x86_64-w64-mingw32/lib/../lib/libmsvcrt.a(djjws01072.o)
                0x0000000000402c70                strlen
 .text          0x0000000000402c78        0x8 c:/mingw/bin/../lib/gcc/x86_64-w64-mingw32/7.2.0/../../../../x86_64-w64-mingw32/lib/../lib/libmsvcrt.a(djjws01051.o)
                0x0000000000402c78                signal
 .text          0x0000000000402c80        0x8 c:/mingw/bin/../lib/gcc/x86_64-w64-mingw32/7.2.0/../../../../x86_64-w64-mingw32/lib/../lib/libmsvcrt.a(djjws01034.o)
                0x0000000000402c80                puts
 .text          0x0000000000402c88        0x8 c:/mingw/bin/../lib/gcc/x86_64-w64-mingw32/7.2.0/../../../../x86_64-w64-mingw32/lib/../lib/libmsvcrt.a(djjws01021.o)
                0x0000000000402c88                memcpy
 .text          0x0000000000402c90        0x8 c:/mingw/bin/../lib/gcc/x86_64-w64-mingw32/7.2.0/../../../../x86_64-w64-mingw32/lib/../lib/libmsvcrt.a(djjws01013.o)
                0x0000000000402c90                malloc
 .text          0x0000000000402c98        0x8 c:/mingw/bin/../lib/gcc/x86_64-w64-mingw32/7.2.0/../../../../x86_64-w64-mingw32/lib/../lib/libmsvcrt.a(djjws00967.o)
                0x0000000000402c98                fwrite
 .text          0x0000000000402ca0        0x8 c:/mingw/bin/../lib/gcc/x86_64-w64-mingw32/7.2.0/../../../../x86_64-w64-mingw32/lib/../lib/libmsvcrt.a(djjws00956.o)
                0x0000000000402ca0                free
 .text          0x0000000000402ca8        0x8 c:/mingw/bin/../lib/gcc/x86_64-w64-mingw32/7.2.0/../../../../x86_64-w64-mingw32/lib/../lib/libmsvcrt.a(djjws00949.o)
                0x0000000000402ca8                fprintf
 .text          0x0000000000402cb0        0x8 c:/mingw/bin/../lib/gcc/x86_64-w64-mingw32/7.2.0/../../../../x86_64-w64-mingw32/lib/../lib/libmsvcrt.a(djjws00930.o)
                0x0000000000402cb0                exit
 .text          0x0000000000402cb8        0x8 c:/mingw/bin/../lib/gcc/x86_64-w64-mingw32/7.2.0/../../../../x86_64-w64-mingw32/lib/../lib/libmsvcrt.a(djjws00917.o)
                0x0000000000402cb8                calloc
 .text          0x0000000000402cc0        0x8 c:/mingw/bin/../lib/gcc/x86_64-w64-mingw32/7.2.0/../../../../x86_64-w64-mingw32/lib/../lib/libmsvcrt.a(djjws00900.o)
                0x0000000000402cc0                abort
 .text          0x0000000000402cc8        0x8 c:/mingw/bin/../lib/gcc/x86_64-w64-mingw32/7.2.0/../../../../x86_64-w64-mingw32/lib/../lib/libmsvcrt.a(djjws00712.o)
                0x0000000000402cc8                _unlock
 .text          0x0000000000402cd0        0x8 c:/mingw/bin/../lib/gcc/x86_64-w64-mingw32/7.2.0/../../../../x86_64-w64-mingw32/lib/../lib/libmsvcrt.a(djjws00552.o)
                0x0000000000402cd0                _onexit
 .text          0x0000000000402cd8        0x8 c:/mingw/bin/../lib/gcc/x86_64-w64-mingw32/7.2.0/../../../../x86_64-w64-mingw32/lib/../lib/libmsvcrt.a(djjws00387.o)
                0x0000000000402cd8                _lock
 .text          0x0000000000402ce0        0x8 c:/mingw/bin/../lib/gcc/x86_64-w64-mingw32/7.2.0/../../../../x86_64-w64-mingw32/lib/../lib/libmsvcrt.a(djjws00285.o)
                0x0000000000402ce0                _initterm
 .text          0x0000000000402ce8        0x0 c:/mingw/bin/../lib/gcc/x86_64-w64-mingw32/7.2.0/../../../../x86_64-w64-mingw32/lib/../lib/libmsvcrt.a(djjws00219.o)
 .text          0x0000000000402ce8        0x8 c:/mingw/bin/../lib/gcc/x86_64-w64-mingw32/7.2.0/../../../../x86_64-w64-mingw32/lib/../lib/libmsvcrt.a(djjws00138.o)
                0x0000000000402ce8                _cexit
 .text          0x0000000000402cf0        0x8 c:/mingw/bin/../lib/gcc/x86_64-w64-mingw32/7.2.0/../../../../x86_64-w64-mingw32/lib/../lib/libmsvcrt.a(djjws00120.o)
                0x0000000000402cf0                _amsg_exit
 .text          0x0000000000402cf8        0x0 c:/mingw/bin/../lib/gcc/x86_64-w64-mingw32/7.2.0/../../../../x86_64-w64-mingw32/lib/../lib/libmsvcrt.a(djjws00113.o)
 .text          0x0000000000402cf8        0x8 c:/mingw/bin/../lib/gcc/x86_64-w64-mingw32/7.2.0/../../../../x86_64-w64-mingw32/lib/../lib/libmsvcrt.a(djjws00098.o)
                0x0000000000402cf8                __setusermatherr
 .text          0x0000000000402d00        0x8 c:/mingw/bin/../lib/gcc/x86_64-w64-mingw32/7.2.0/../../../../x86_64-w64-mingw32/lib/../lib/libmsvcrt.a(djjws00096.o)
                0x0000000000402d00                __set_app_type
 .text          0x0000000000402d08        0x8 c:/mingw/bin/../lib/gcc/x86_64-w64-mingw32/7.2.0/../../../../x86_64-w64-mingw32/lib/../lib/libmsvcrt.a(djjws00090.o)
                0x0000000000402d08                __lconv_init
 .text          0x0000000000402d10        0x8 c:/mingw/bin/../lib/gcc/x86_64-w64-mingw32/7.2.0/../../../../x86_64-w64-mingw32/lib/../lib/libmsvcrt.a(djjws00083.o)
                0x0000000000402d10                __iob_func
 .text          0x0000000000402d18        0x0 c:/mingw/bin/../lib/gcc/x86_64-w64-mingw32/7.2.0/../../../../x86_64-w64-mingw32/lib/../lib/libmsvcrt.a(djjws00082.o)
 .text          0x0000000000402d18        0x8 c:/mingw/bin/../lib/gcc/x86_64-w64-mingw32/7.2.0/../../../../x86_64-w64-mingw32/lib/../lib/libmsvcrt.a(djjws00081.o)
                0x0000000000402d18                __getmainargs
 .text          0x0000000000402d20        0x8 c:/mingw/bin/../lib/gcc/x86_64-w64-mingw32/7.2.0/../../../../x86_64-w64-mingw32/lib/../lib/libmsvcrt.a(djjws00078.o)
                0x0000000000402d20                __dllonexit
 .text          0x0000000000402d28        0x8 c:/mingw/bin/../lib/gcc/x86_64-w64-mingw32/7.2.0/../../../../x86_64-w64-mingw32/lib/../lib/libmsvcrt.a(djjws00055.o)
                0x0000000000402d28                __C_specific_handler
 .text          0x0000000000402d30       0x20 c:/mingw/bin/../lib/gcc/x86_64-w64-mingw32/7.2.0/../../../../x86_64-w64-mingw32/lib/../lib/libmsvcrt.a(lib64_libmsvcrt_a-invalid_parameter_handler.o)
                0x0000000000402d30                _get_invalid_parameter_handler
                0x0000000000402d40                _set_invalid_parameter_handler
 .text          0x0000000000402d50        0x0 c:/mingw/bin/../lib/gcc/x86_64-w64-mingw32/7.2.0/../../../../x86_64-w64-mingw32/lib/../lib/libmsvcrt.a(djjwh.o)
 .text          0x0000000000402d50        0x0 c:/mingw/bin/../lib/gcc/x86_64-w64-mingw32/7.2.0/../../../../x86_64-w64-mingw32/lib/../lib/libmsvcrt.a(djjwt.o)
 .text          0x0000000000402d50        0x8 c:/mingw/bin/../lib/gcc/x86_64-w64-mingw32/7.2.0/../../../../x86_64-w64-mingw32/lib/../lib/libkernel32.a(dbjws01266.o)
                0x0000000000402d50                VirtualQuery
 .text          0x0000000000402d58        0x8 c:/mingw/bin/../lib/gcc/x86_64-w64-mingw32/7.2.0/../../../../x86_64-w64-mingw32/lib/../lib/libkernel32.a(dbjws01264.o)
                0x0000000000402d58                VirtualProtect
 .text          0x0000000000402d60        0x8 c:/mingw/bin/../lib/gcc/x86_64-w64-mingw32/7.2.0/../../../../x86_64-w64-mingw32/lib/../lib/libkernel32.a(dbjws01234.o)
                0x0000000000402d60                UnhandledExceptionFilter
 .text          0x0000000000402d68        0x8 c:/mingw/bin/../lib/gcc/x86_64-w64-mingw32/7.2.0/../../../../x86_64-w64-mingw32/lib/../lib/libkernel32.a(dbjws01221.o)
                0x0000000000402d68                TlsGetValue
 .text          0x0000000000402d70        0x8 c:/mingw/bin/../lib/gcc/x86_64-w64-mingw32/7.2.0/../../../../x86_64-w64-mingw32/lib/../lib/libkernel32.a(dbjws01214.o)
                0x0000000000402d70                TerminateProcess
 .text          0x0000000000402d78        0x8 c:/mingw/bin/../lib/gcc/x86_64-w64-mingw32/7.2.0/../../../../x86_64-w64-mingw32/lib/../lib/libkernel32.a(dbjws01200.o)
                0x0000000000402d78                Sleep
 .text          0x0000000000402d80        0x8 c:/mingw/bin/../lib/gcc/x86_64-w64-mingw32/7.2.0/../../../../x86_64-w64-mingw32/lib/../lib/libkernel32.a(dbjws01187.o)
                0x0000000000402d80                SetUnhandledExceptionFilter
 .text          0x0000000000402d88        0x8 c:/mingw/bin/../lib/gcc/x86_64-w64-mingw32/7.2.0/../../../../x86_64-w64-mingw32/lib/../lib/libkernel32.a(dbjws01044.o)
                0x0000000000402d88                RtlVirtualUnwind
 .text          0x0000000000402d90        0x8 c:/mingw/bin/../lib/gcc/x86_64-w64-mingw32/7.2.0/../../../../x86_64-w64-mingw32/lib/../lib/libkernel32.a(dbjws01037.o)
                0x0000000000402d90                RtlLookupFunctionEntry
 .text          0x0000000000402d98        0x8 c:/mingw/bin/../lib/gcc/x86_64-w64-mingw32/7.2.0/../../../../x86_64-w64-mingw32/lib/../lib/libkernel32.a(dbjws01030.o)
                0x0000000000402d98                RtlCaptureContext
 .text          0x0000000000402da0        0x8 c:/mingw/bin/../lib/gcc/x86_64-w64-mingw32/7.2.0/../../../../x86_64-w64-mingw32/lib/../lib/libkernel32.a(dbjws01029.o)
                0x0000000000402da0                RtlAddFunctionTable
 .text          0x0000000000402da8        0x8 c:/mingw/bin/../lib/gcc/x86_64-w64-mingw32/7.2.0/../../../../x86_64-w64-mingw32/lib/../lib/libkernel32.a(dbjws00958.o)
                0x0000000000402da8                QueryPerformanceCounter
 .text          0x0000000000402db0        0x8 c:/mingw/bin/../lib/gcc/x86_64-w64-mingw32/7.2.0/../../../../x86_64-w64-mingw32/lib/../lib/libkernel32.a(dbjws00844.o)
                0x0000000000402db0                LeaveCriticalSection
 .text          0x0000000000402db8        0x8 c:/mingw/bin/../lib/gcc/x86_64-w64-mingw32/7.2.0/../../../../x86_64-w64-mingw32/lib/../lib/libkernel32.a(dbjws00762.o)
                0x0000000000402db8                InitializeCriticalSection
 .text          0x0000000000402dc0        0x8 c:/mingw/bin/../lib/gcc/x86_64-w64-mingw32/7.2.0/../../../../x86_64-w64-mingw32/lib/../lib/libkernel32.a(dbjws00678.o)
                0x0000000000402dc0                GetTickCount
 .text          0x0000000000402dc8        0x8 c:/mingw/bin/../lib/gcc/x86_64-w64-mingw32/7.2.0/../../../../x86_64-w64-mingw32/lib/../lib/libkernel32.a(dbjws00651.o)
                0x0000000000402dc8                GetSystemTimeAsFileTime
 .text          0x0000000000402dd0        0x8 c:/mingw/bin/../lib/gcc/x86_64-w64-mingw32/7.2.0/../../../../x86_64-w64-mingw32/lib/../lib/libkernel32.a(dbjws00628.o)
                0x0000000000402dd0                GetStartupInfoA
 .text          0x0000000000402dd8        0x8 c:/mingw/bin/../lib/gcc/x86_64-w64-mingw32/7.2.0/../../../../x86_64-w64-mingw32/lib/../lib/libkernel32.a(dbjws00529.o)
                0x0000000000402dd8                GetLastError
 .text          0x0000000000402de0        0x8 c:/mingw/bin/../lib/gcc/x86_64-w64-mingw32/7.2.0/../../../../x86_64-w64-mingw32/lib/../lib/libkernel32.a(dbjws00467.o)
                0x0000000000402de0                GetCurrentThreadId
 .text          0x0000000000402de8        0x8 c:/mingw/bin/../lib/gcc/x86_64-w64-mingw32/7.2.0/../../../../x86_64-w64-mingw32/lib/../lib/libkernel32.a(dbjws00463.o)
                0x0000000000402de8                GetCurrentProcessId
 .text          0x0000000000402df0        0x8 c:/mingw/bin/../lib/gcc/x86_64-w64-mingw32/7.2.0/../../../../x86_64-w64-mingw32/lib/../lib/libkernel32.a(dbjws00462.o)
                0x0000000000402df0                GetCurrentProcess
 .text          0x0000000000402df8        0x8 c:/mingw/bin/../lib/gcc/x86_64-w64-mingw32/7.2.0/../../../../x86_64-w64-mingw32/lib/../lib/libkernel32.a(dbjws00249.o)
                0x0000000000402df8                EnterCriticalSection
 .text          0x0000000000402e00        0x8 c:/mingw/bin/../lib/gcc/x86_64-w64-mingw32/7.2.0/../../../../x86_64-w64-mingw32/lib/../lib/libkernel32.a(dbjws00216.o)
                0x0000000000402e00                DeleteCriticalSection
 *fill*         0x0000000000402e08        0x8 
 .text          0x0000000000402e10        0x0 c:/mingw/bin/../lib/gcc/x86_64-w64-mingw32/7.2.0/../../../../x86_64-w64-mingw32/lib/../lib/libkernel32.a(dbjwh.o)
 .text          0x0000000000402e10        0x0 c:/mingw/bin/../lib/gcc/x86_64-w64-mingw32/7.2.0/../../../../x86_64-w64-mingw32/lib/../lib/libkernel32.a(dbjwt.o)
 .text          0x0000000000402e10        0x0 c:/mingw/bin/../lib/gcc/x86_64-w64-mingw32/7.2.0/crtend.o
 *(SORT(.text$*))
 *(.text.*)
 .text.unlikely
                0x0000000000402e10       0x70 c:/mingw/bin/../lib/gcc/x86_64-w64-mingw32/7.2.0/../../../../x86_64-w64-mingw32/lib/../lib/libmingw32.a(lib64_libmingw32_a-pseudo-reloc.o)
 .text.startup  0x0000000000402e80       0x10 c:/mingw/bin/../lib/gcc/x86_64-w64-mingw32/7.2.0/crtend.o
 *(.gnu.linkonce.t.*)
 *(.glue_7t)
 *(.glue_7)
                0x0000000000402e90                . = ALIGN (0x8)
                0x0000000000402e90                ___CTOR_LIST__ = .
                0x0000000000402e90                __CTOR_LIST__ = .
                0x0000000000402e90        0x4 LONG 0xffffffffffffffff
                0x0000000000402e94        0x4 LONG 0xffffffffffffffff
 *(.ctors)
 *(.ctor)
 *(SORT(.ctors.*))
 .ctors.65535   0x0000000000402e98        0x8 c:/mingw/bin/../lib/gcc/x86_64-w64-mingw32/7.2.0/crtend.o
                0x0000000000402ea0        0x4 LONG 0x0
                0x0000000000402ea4        0x4 LONG 0x0
                0x0000000000402ea8                ___DTOR_LIST__ = .
                0x0000000000402ea8                __DTOR_LIST__ = .
                0x0000000000402ea8        0x4 LONG 0xffffffffffffffff
                0x0000000000402eac        0x4 LONG 0xffffffffffffffff
 *(.dtors)
 *(.dtor)
 *(SORT(.dtors.*))
                0x0000000000402eb0        0x4 LONG 0x0
                0x0000000000402eb4        0x4 LONG 0x0
 *(.fini)
 *(.gcc_exc)
                [!provide]                        PROVIDE (etext, .)
 *(.gcc_except_table)

.data           0x0000000000403000      0x200
                0x0000000000403000                __data_start__ = .
 *(.data)
 .data          0x0000000000403000       0x10 c:/mingw/bin/../lib/gcc/x86_64-w64-mingw32/7.2.0/../../../../x86_64-w64-mingw32/lib/../lib/crt2.o
                0x0000000000403000                __mingw_winmain_nShowCmd
 .data          0x0000000000403010        0x0 c:/mingw/bin/../lib/gcc/x86_64-w64-mingw32/7.2.0/crtbegin.o
 .data          0x0000000000403010        0x0 main.o
 .data          0x0000000000403010        0x0 func1.o
 .data          0x0000000000403010        0x0 func2.o
 .data          0x0000000000403010        0x0 c:/mingw/bin/../lib/gcc/x86_64-w64-mingw32/7.2.0/../../../../x86_64-w64-mingw32/lib/../lib/libmingw32.a(lib64_libmingw32_a-atonexit.o)
 .data          0x0000000000403010       0x10 c:/mingw/bin/../lib/gcc/x86_64-w64-mingw32/7.2.0/../../../../x86_64-w64-mingw32/lib/../lib/libmingw32.a(lib64_libmingw32_a-gccmain.o)
 .data          0x0000000000403020       0x10 c:/mingw/bin/../lib/gcc/x86_64-w64-mingw32/7.2.0/../../../../x86_64-w64-mingw32/lib/../lib/libmingw32.a(lib64_libmingw32_a-natstart.o)
                0x0000000000403020                __native_vcclrit_reason
                0x0000000000403024                __native_dllmain_reason
 .data          0x0000000000403030        0x0 c:/mingw/bin/../lib/gcc/x86_64-w64-mingw32/7.2.0/../../../../x86_64-w64-mingw32/lib/../lib/libmingw32.a(lib64_libmingw32_a-wildcard.o)
 .data          0x0000000000403030       0x10 c:/mingw/bin/../lib/gcc/x86_64-w64-mingw32/7.2.0/../../../../x86_64-w64-mingw32/lib/../lib/libmingw32.a(lib64_libmingw32_a-charmax.o)
                0x0000000000403030                _charmax
 .data          0x0000000000403040        0x0 c:/mingw/bin/../lib/gcc/x86_64-w64-mingw32/7.2.0/../../../../x86_64-w64-mingw32/lib/../lib/libmingw32.a(lib64_libmingw32_a-dllargv.o)
 .data          0x0000000000403040        0x0 c:/mingw/bin/../lib/gcc/x86_64-w64-mingw32/7.2.0/../../../../x86_64-w64-mingw32/lib/../lib/libmingw32.a(lib64_libmingw32_a-gs_support.o)
 .data          0x0000000000403040        0x0 c:/mingw/bin/../lib/gcc/x86_64-w64-mingw32/7.2.0/../../../../x86_64-w64-mingw32/lib/../lib/libmingw32.a(lib64_libmingw32_a-_newmode.o)
 .data          0x0000000000403040        0x0 c:/mingw/bin/../lib/gcc/x86_64-w64-mingw32/7.2.0/../../../../x86_64-w64-mingw32/lib/../lib/libmingw32.a(lib64_libmingw32_a-tlssup.o)
 .data          0x0000000000403040        0x0 c:/mingw/bin/../lib/gcc/x86_64-w64-mingw32/7.2.0/../../../../x86_64-w64-mingw32/lib/../lib/libmingw32.a(lib64_libmingw32_a-cinitexe.o)
 .data          0x0000000000403040        0x0 c:/mingw/bin/../lib/gcc/x86_64-w64-mingw32/7.2.0/../../../../x86_64-w64-mingw32/lib/../lib/libmingw32.a(lib64_libmingw32_a-merr.o)
 .data          0x0000000000403040        0x0 c:/mingw/bin/../lib/gcc/x86_64-w64-mingw32/7.2.0/../../../../x86_64-w64-mingw32/lib/../lib/libmingw32.a(lib64_libmingw32_a-CRT_fp10.o)
 .data          0x0000000000403040        0x0 c:/mingw/bin/../lib/gcc/x86_64-w64-mingw32/7.2.0/../../../../x86_64-w64-mingw32/lib/../lib/libmingw32.a(lib64_libmingw32_a-mingw_helpers.o)
 .data          0x0000000000403040        0x0 c:/mingw/bin/../lib/gcc/x86_64-w64-mingw32/7.2.0/../../../../x86_64-w64-mingw32/lib/../lib/libmingw32.a(lib64_libmingw32_a-pseudo-reloc.o)
 .data          0x0000000000403040        0x0 c:/mingw/bin/../lib/gcc/x86_64-w64-mingw32/7.2.0/../../../../x86_64-w64-mingw32/lib/../lib/libmingw32.a(lib64_libmingw32_a-xtxtmode.o)
 .data          0x0000000000403040        0x0 c:/mingw/bin/../lib/gcc/x86_64-w64-mingw32/7.2.0/../../../../x86_64-w64-mingw32/lib/../lib/libmingw32.a(lib64_libmingw32_a-crt_handler.o)
 .data          0x0000000000403040        0x0 c:/mingw/bin/../lib/gcc/x86_64-w64-mingw32/7.2.0/../../../../x86_64-w64-mingw32/lib/../lib/libmingw32.a(lib64_libmingw32_a-tlsthrd.o)
 .data          0x0000000000403040       0x10 c:/mingw/bin/../lib/gcc/x86_64-w64-mingw32/7.2.0/../../../../x86_64-w64-mingw32/lib/../lib/libmingw32.a(lib64_libmingw32_a-tlsmcrt.o)
                0x0000000000403040                _CRT_MT
 .data          0x0000000000403050        0x0 c:/mingw/bin/../lib/gcc/x86_64-w64-mingw32/7.2.0/../../../../x86_64-w64-mingw32/lib/../lib/libmingw32.a(lib64_libmingw32_a-pseudo-reloc-list.o)
 .data          0x0000000000403050        0x0 c:/mingw/bin/../lib/gcc/x86_64-w64-mingw32/7.2.0/../../../../x86_64-w64-mingw32/lib/../lib/libmingw32.a(lib64_libmingw32_a-pesect.o)
 .data          0x0000000000403050        0x0 c:/mingw/bin/../lib/gcc/x86_64-w64-mingw32/7.2.0/libgcc.a(_chkstk_ms.o)
 .data          0x0000000000403050        0x0 c:/mingw/bin/../lib/gcc/x86_64-w64-mingw32/7.2.0/libgcc.a(_ctors.o)
 .data          0x0000000000403050       0x10 c:/mingw/bin/../lib/gcc/x86_64-w64-mingw32/7.2.0/../../../../x86_64-w64-mingw32/lib/../lib/libmingwex.a(lib64_libmingwex_a-mingw_matherr.o)
                0x0000000000403050                _MINGW_INSTALL_DEBUG_MATHERR
 .data          0x0000000000403060        0x0 c:/mingw/bin/../lib/gcc/x86_64-w64-mingw32/7.2.0/../../../../x86_64-w64-mingw32/lib/../lib/libmsvcrt.a(djjws01107.o)
 .data          0x0000000000403060        0x0 c:/mingw/bin/../lib/gcc/x86_64-w64-mingw32/7.2.0/../../../../x86_64-w64-mingw32/lib/../lib/libmsvcrt.a(djjws01075.o)
 .data          0x0000000000403060        0x0 c:/mingw/bin/../lib/gcc/x86_64-w64-mingw32/7.2.0/../../../../x86_64-w64-mingw32/lib/../lib/libmsvcrt.a(djjws01072.o)
 .data          0x0000000000403060        0x0 c:/mingw/bin/../lib/gcc/x86_64-w64-mingw32/7.2.0/../../../../x86_64-w64-mingw32/lib/../lib/libmsvcrt.a(djjws01051.o)
 .data          0x0000000000403060        0x0 c:/mingw/bin/../lib/gcc/x86_64-w64-mingw32/7.2.0/../../../../x86_64-w64-mingw32/lib/../lib/libmsvcrt.a(djjws01034.o)
 .data          0x0000000000403060        0x0 c:/mingw/bin/../lib/gcc/x86_64-w64-mingw32/7.2.0/../../../../x86_64-w64-mingw32/lib/../lib/libmsvcrt.a(djjws01021.o)
 .data          0x0000000000403060        0x0 c:/mingw/bin/../lib/gcc/x86_64-w64-mingw32/7.2.0/../../../../x86_64-w64-mingw32/lib/../lib/libmsvcrt.a(djjws01013.o)
 .data          0x0000000000403060        0x0 c:/mingw/bin/../lib/gcc/x86_64-w64-mingw32/7.2.0/../../../../x86_64-w64-mingw32/lib/../lib/libmsvcrt.a(djjws00967.o)
 .data          0x0000000000403060        0x0 c:/mingw/bin/../lib/gcc/x86_64-w64-mingw32/7.2.0/../../../../x86_64-w64-mingw32/lib/../lib/libmsvcrt.a(djjws00956.o)
 .data          0x0000000000403060        0x0 c:/mingw/bin/../lib/gcc/x86_64-w64-mingw32/7.2.0/../../../../x86_64-w64-mingw32/lib/../lib/libmsvcrt.a(djjws00949.o)
 .data          0x0000000000403060        0x0 c:/mingw/bin/../lib/gcc/x86_64-w64-mingw32/7.2.0/../../../../x86_64-w64-mingw32/lib/../lib/libmsvcrt.a(djjws00930.o)
 .data          0x0000000000403060        0x0 c:/mingw/bin/../lib/gcc/x86_64-w64-mingw32/7.2.0/../../../../x86_64-w64-mingw32/lib/../lib/libmsvcrt.a(djjws00917.o)
 .data          0x0000000000403060        0x0 c:/mingw/bin/../lib/gcc/x86_64-w64-mingw32/7.2.0/../../../../x86_64-w64-mingw32/lib/../lib/libmsvcrt.a(djjws00900.o)
 .data          0x0000000000403060        0x0 c:/mingw/bin/../lib/gcc/x86_64-w64-mingw32/7.2.0/../../../../x86_64-w64-mingw32/lib/../lib/libmsvcrt.a(djjws00712.o)
 .data          0x0000000000403060        0x0 c:/mingw/bin/../lib/gcc/x86_64-w64-mingw32/7.2.0/../../../../x86_64-w64-mingw32/lib/../lib/libmsvcrt.a(djjws00552.o)
 .data          0x0000000000403060        0x0 c:/mingw/bin/../lib/gcc/x86_64-w64-mingw32/7.2.0/../../../../x86_64-w64-mingw32/lib/../lib/libmsvcrt.a(djjws00387.o)
 .data          0x0000000000403060        0x0 c:/mingw/bin/../lib/gcc/x86_64-w64-mingw32/7.2.0/../../../../x86_64-w64-mingw32/lib/../lib/libmsvcrt.a(djjws00285.o)
 .data          0x0000000000403060        0x0 c:/mingw/bin/../lib/gcc/x86_64-w64-mingw32/7.2.0/../../../../x86_64-w64-mingw32/lib/../lib/libmsvcrt.a(djjws00219.o)
 .data          0x0000000000403060        0x0 c:/mingw/bin/../lib/gcc/x86_64-w64-mingw32/7.2.0/../../../../x86_64-w64-mingw32/lib/../lib/libmsvcrt.a(djjws00138.o)
 .data          0x0000000000403060        0x0 c:/mingw/bin/../lib/gcc/x86_64-w64-mingw32/7.2.0/../../../../x86_64-w64-mingw32/lib/../lib/libmsvcrt.a(djjws00120.o)
 .data          0x0000000000403060        0x0 c:/mingw/bin/../lib/gcc/x86_64-w64-mingw32/7.2.0/../../../../x86_64-w64-mingw32/lib/../lib/libmsvcrt.a(djjws00113.o)
 .data          0x0000000000403060        0x0 c:/mingw/bin/../lib/gcc/x86_64-w64-mingw32/7.2.0/../../../../x86_64-w64-mingw32/lib/../lib/libmsvcrt.a(djjws00098.o)
 .data          0x0000000000403060        0x0 c:/mingw/bin/../lib/gcc/x86_64-w64-mingw32/7.2.0/../../../../x86_64-w64-mingw32/lib/../lib/libmsvcrt.a(djjws00096.o)
 .data          0x0000000000403060        0x0 c:/mingw/bin/../lib/gcc/x86_64-w64-mingw32/7.2.0/../../../../x86_64-w64-mingw32/lib/../lib/libmsvcrt.a(djjws00090.o)
 .data          0x0000000000403060        0x0 c:/mingw/bin/../lib/gcc/x86_64-w64-mingw32/7.2.0/../../../../x86_64-w64-mingw32/lib/../lib/libmsvcrt.a(djjws00083.o)
 .data          0x0000000000403060        0x0 c:/mingw/bin/../lib/gcc/x86_64-w64-mingw32/7.2.0/../../../../x86_64-w64-mingw32/lib/../lib/libmsvcrt.a(djjws00082.o)
 .data          0x0000000000403060        0x0 c:/mingw/bin/../lib/gcc/x86_64-w64-mingw32/7.2.0/../../../../x86_64-w64-mingw32/lib/../lib/libmsvcrt.a(djjws00081.o)
 .data          0x0000000000403060        0x0 c:/mingw/bin/../lib/gcc/x86_64-w64-mingw32/7.2.0/../../../../x86_64-w64-mingw32/lib/../lib/libmsvcrt.a(djjws00078.o)
 .data          0x0000000000403060        0x0 c:/mingw/bin/../lib/gcc/x86_64-w64-mingw32/7.2.0/../../../../x86_64-w64-mingw32/lib/../lib/libmsvcrt.a(djjws00055.o)
 .data          0x0000000000403060       0x10 c:/mingw/bin/../lib/gcc/x86_64-w64-mingw32/7.2.0/../../../../x86_64-w64-mingw32/lib/../lib/libmsvcrt.a(lib64_libmsvcrt_a-invalid_parameter_handler.o)
                0x0000000000403060                __imp__get_invalid_parameter_handler
                0x0000000000403068                __imp__set_invalid_parameter_handler
 .data          0x0000000000403070        0x0 c:/mingw/bin/../lib/gcc/x86_64-w64-mingw32/7.2.0/../../../../x86_64-w64-mingw32/lib/../lib/libmsvcrt.a(djjwh.o)
 .data          0x0000000000403070        0x0 c:/mingw/bin/../lib/gcc/x86_64-w64-mingw32/7.2.0/../../../../x86_64-w64-mingw32/lib/../lib/libmsvcrt.a(djjwt.o)
 .data          0x0000000000403070        0x0 c:/mingw/bin/../lib/gcc/x86_64-w64-mingw32/7.2.0/../../../../x86_64-w64-mingw32/lib/../lib/libkernel32.a(dbjws01266.o)
 .data          0x0000000000403070        0x0 c:/mingw/bin/../lib/gcc/x86_64-w64-mingw32/7.2.0/../../../../x86_64-w64-mingw32/lib/../lib/libkernel32.a(dbjws01264.o)
 .data          0x0000000000403070        0x0 c:/mingw/bin/../lib/gcc/x86_64-w64-mingw32/7.2.0/../../../../x86_64-w64-mingw32/lib/../lib/libkernel32.a(dbjws01234.o)
 .data          0x0000000000403070        0x0 c:/mingw/bin/../lib/gcc/x86_64-w64-mingw32/7.2.0/../../../../x86_64-w64-mingw32/lib/../lib/libkernel32.a(dbjws01221.o)
 .data          0x0000000000403070        0x0 c:/mingw/bin/../lib/gcc/x86_64-w64-mingw32/7.2.0/../../../../x86_64-w64-mingw32/lib/../lib/libkernel32.a(dbjws01214.o)
 .data          0x0000000000403070        0x0 c:/mingw/bin/../lib/gcc/x86_64-w64-mingw32/7.2.0/../../../../x86_64-w64-mingw32/lib/../lib/libkernel32.a(dbjws01200.o)
 .data          0x0000000000403070        0x0 c:/mingw/bin/../lib/gcc/x86_64-w64-mingw32/7.2.0/../../../../x86_64-w64-mingw32/lib/../lib/libkernel32.a(dbjws01187.o)
 .data          0x0000000000403070        0x0 c:/mingw/bin/../lib/gcc/x86_64-w64-mingw32/7.2.0/../../../../x86_64-w64-mingw32/lib/../lib/libkernel32.a(dbjws01044.o)
 .data          0x0000000000403070        0x0 c:/mingw/bin/../lib/gcc/x86_64-w64-mingw32/7.2.0/../../../../x86_64-w64-mingw32/lib/../lib/libkernel32.a(dbjws01037.o)
 .data          0x0000000000403070        0x0 c:/mingw/bin/../lib/gcc/x86_64-w64-mingw32/7.2.0/../../../../x86_64-w64-mingw32/lib/../lib/libkernel32.a(dbjws01030.o)
 .data          0x0000000000403070        0x0 c:/mingw/bin/../lib/gcc/x86_64-w64-mingw32/7.2.0/../../../../x86_64-w64-mingw32/lib/../lib/libkernel32.a(dbjws01029.o)
 .data          0x0000000000403070        0x0 c:/mingw/bin/../lib/gcc/x86_64-w64-mingw32/7.2.0/../../../../x86_64-w64-mingw32/lib/../lib/libkernel32.a(dbjws00958.o)
 .data          0x0000000000403070        0x0 c:/mingw/bin/../lib/gcc/x86_64-w64-mingw32/7.2.0/../../../../x86_64-w64-mingw32/lib/../lib/libkernel32.a(dbjws00844.o)
 .data          0x0000000000403070        0x0 c:/mingw/bin/../lib/gcc/x86_64-w64-mingw32/7.2.0/../../../../x86_64-w64-mingw32/lib/../lib/libkernel32.a(dbjws00762.o)
 .data          0x0000000000403070        0x0 c:/mingw/bin/../lib/gcc/x86_64-w64-mingw32/7.2.0/../../../../x86_64-w64-mingw32/lib/../lib/libkernel32.a(dbjws00678.o)
 .data          0x0000000000403070        0x0 c:/mingw/bin/../lib/gcc/x86_64-w64-mingw32/7.2.0/../../../../x86_64-w64-mingw32/lib/../lib/libkernel32.a(dbjws00651.o)
 .data          0x0000000000403070        0x0 c:/mingw/bin/../lib/gcc/x86_64-w64-mingw32/7.2.0/../../../../x86_64-w64-mingw32/lib/../lib/libkernel32.a(dbjws00628.o)
 .data          0x0000000000403070        0x0 c:/mingw/bin/../lib/gcc/x86_64-w64-mingw32/7.2.0/../../../../x86_64-w64-mingw32/lib/../lib/libkernel32.a(dbjws00529.o)
 .data          0x0000000000403070        0x0 c:/mingw/bin/../lib/gcc/x86_64-w64-mingw32/7.2.0/../../../../x86_64-w64-mingw32/lib/../lib/libkernel32.a(dbjws00467.o)
 .data          0x0000000000403070        0x0 c:/mingw/bin/../lib/gcc/x86_64-w64-mingw32/7.2.0/../../../../x86_64-w64-mingw32/lib/../lib/libkernel32.a(dbjws00463.o)
 .data          0x0000000000403070        0x0 c:/mingw/bin/../lib/gcc/x86_64-w64-mingw32/7.2.0/../../../../x86_64-w64-mingw32/lib/../lib/libkernel32.a(dbjws00462.o)
 .data          0x0000000000403070        0x0 c:/mingw/bin/../lib/gcc/x86_64-w64-mingw32/7.2.0/../../../../x86_64-w64-mingw32/lib/../lib/libkernel32.a(dbjws00249.o)
 .data          0x0000000000403070        0x0 c:/mingw/bin/../lib/gcc/x86_64-w64-mingw32/7.2.0/../../../../x86_64-w64-mingw32/lib/../lib/libkernel32.a(dbjws00216.o)
 .data          0x0000000000403070        0x0 c:/mingw/bin/../lib/gcc/x86_64-w64-mingw32/7.2.0/../../../../x86_64-w64-mingw32/lib/../lib/libkernel32.a(dbjwh.o)
 .data          0x0000000000403070        0x0 c:/mingw/bin/../lib/gcc/x86_64-w64-mingw32/7.2.0/../../../../x86_64-w64-mingw32/lib/../lib/libkernel32.a(dbjwt.o)
 .data          0x0000000000403070        0x0 c:/mingw/bin/../lib/gcc/x86_64-w64-mingw32/7.2.0/crtend.o
 *(.data2)
 *(SORT(.data$*))
 .data$__security_cookie
                0x0000000000403070       0x10 c:/mingw/bin/../lib/gcc/x86_64-w64-mingw32/7.2.0/../../../../x86_64-w64-mingw32/lib/../lib/libmingw32.a(lib64_libmingw32_a-gs_support.o)
                0x0000000000403070                __security_cookie
 .data$__security_cookie_complement
                0x0000000000403080       0x10 c:/mingw/bin/../lib/gcc/x86_64-w64-mingw32/7.2.0/../../../../x86_64-w64-mingw32/lib/../lib/libmingw32.a(lib64_libmingw32_a-gs_support.o)
                0x0000000000403080                __security_cookie_complement
 *(.jcr)
                0x0000000000403090                __data_end__ = .
 *(.data_cygwin_nocopy)

.rdata          0x0000000000404000      0xa00
 *(.rdata)
 .rdata         0x0000000000404000       0x10 func1.o
 .rdata         0x0000000000404010       0x10 func2.o
 .rdata         0x0000000000404020       0x10 c:/mingw/bin/../lib/gcc/x86_64-w64-mingw32/7.2.0/../../../../x86_64-w64-mingw32/lib/../lib/libmingw32.a(lib64_libmingw32_a-gs_support.o)
 .rdata         0x0000000000404030       0x10 c:/mingw/bin/../lib/gcc/x86_64-w64-mingw32/7.2.0/../../../../x86_64-w64-mingw32/lib/../lib/libmingw32.a(lib64_libmingw32_a-tlssup.o)
                0x0000000000404030                __dyn_tls_init_callback
 .rdata         0x0000000000404040      0x140 c:/mingw/bin/../lib/gcc/x86_64-w64-mingw32/7.2.0/../../../../x86_64-w64-mingw32/lib/../lib/libmingw32.a(lib64_libmingw32_a-merr.o)
 .rdata         0x0000000000404180      0x110 c:/mingw/bin/../lib/gcc/x86_64-w64-mingw32/7.2.0/../../../../x86_64-w64-mingw32/lib/../lib/libmingw32.a(lib64_libmingw32_a-pseudo-reloc.o)
 .rdata         0x0000000000404290       0x10 c:/mingw/bin/../lib/gcc/x86_64-w64-mingw32/7.2.0/../../../../x86_64-w64-mingw32/lib/../lib/libmingw32.a(lib64_libmingw32_a-crt_handler.o)
 *(SORT(.rdata$*))
 .rdata$.refptr._CRT_MT
                0x00000000004042a0       0x10 c:/mingw/bin/../lib/gcc/x86_64-w64-mingw32/7.2.0/../../../../x86_64-w64-mingw32/lib/../lib/libmingw32.a(lib64_libmingw32_a-tlssup.o)
                0x00000000004042a0                .refptr._CRT_MT
 .rdata$.refptr._MINGW_INSTALL_DEBUG_MATHERR
                0x00000000004042b0       0x10 c:/mingw/bin/../lib/gcc/x86_64-w64-mingw32/7.2.0/../../../../x86_64-w64-mingw32/lib/../lib/crt2.o
                0x00000000004042b0                .refptr._MINGW_INSTALL_DEBUG_MATHERR
 .rdata$.refptr.__CTOR_LIST__
                0x00000000004042c0       0x10 c:/mingw/bin/../lib/gcc/x86_64-w64-mingw32/7.2.0/../../../../x86_64-w64-mingw32/lib/../lib/libmingw32.a(lib64_libmingw32_a-gccmain.o)
                0x00000000004042c0                .refptr.__CTOR_LIST__
 .rdata$.refptr.__RUNTIME_PSEUDO_RELOC_LIST_END__
                0x00000000004042d0       0x10 c:/mingw/bin/../lib/gcc/x86_64-w64-mingw32/7.2.0/../../../../x86_64-w64-mingw32/lib/../lib/libmingw32.a(lib64_libmingw32_a-pseudo-reloc.o)
                0x00000000004042d0                .refptr.__RUNTIME_PSEUDO_RELOC_LIST_END__
 .rdata$.refptr.__RUNTIME_PSEUDO_RELOC_LIST__
                0x00000000004042e0       0x10 c:/mingw/bin/../lib/gcc/x86_64-w64-mingw32/7.2.0/../../../../x86_64-w64-mingw32/lib/../lib/libmingw32.a(lib64_libmingw32_a-pseudo-reloc.o)
                0x00000000004042e0                .refptr.__RUNTIME_PSEUDO_RELOC_LIST__
 .rdata$.refptr.__dyn_tls_init_callback
                0x00000000004042f0       0x10 c:/mingw/bin/../lib/gcc/x86_64-w64-mingw32/7.2.0/../../../../x86_64-w64-mingw32/lib/../lib/crt2.o
                0x00000000004042f0                .refptr.__dyn_tls_init_callback
 .rdata$.refptr.__image_base__
                0x0000000000404300       0x10 c:/mingw/bin/../lib/gcc/x86_64-w64-mingw32/7.2.0/../../../../x86_64-w64-mingw32/lib/../lib/crt2.o
                0x0000000000404300                .refptr.__image_base__
 .rdata$.refptr.__imp___initenv
                0x0000000000404310       0x10 c:/mingw/bin/../lib/gcc/x86_64-w64-mingw32/7.2.0/../../../../x86_64-w64-mingw32/lib/../lib/crt2.o
                0x0000000000404310                .refptr.__imp___initenv
 .rdata$.refptr.__imp__acmdln
                0x0000000000404320       0x10 c:/mingw/bin/../lib/gcc/x86_64-w64-mingw32/7.2.0/../../../../x86_64-w64-mingw32/lib/../lib/crt2.o
                0x0000000000404320                .refptr.__imp__acmdln
 .rdata$.refptr.__imp__fmode
                0x0000000000404330       0x10 c:/mingw/bin/../lib/gcc/x86_64-w64-mingw32/7.2.0/../../../../x86_64-w64-mingw32/lib/../lib/crt2.o
                0x0000000000404330                .refptr.__imp__fmode
 .rdata$.refptr.__imp__onexit
                0x0000000000404340       0x10 c:/mingw/bin/../lib/gcc/x86_64-w64-mingw32/7.2.0/../../../../x86_64-w64-mingw32/lib/../lib/libmingw32.a(lib64_libmingw32_a-atonexit.o)
                0x0000000000404340                .refptr.__imp__onexit
 .rdata$.refptr.__mingw_oldexcpt_handler
                0x0000000000404350       0x10 c:/mingw/bin/../lib/gcc/x86_64-w64-mingw32/7.2.0/../../../../x86_64-w64-mingw32/lib/../lib/crt2.o
                0x0000000000404350                .refptr.__mingw_oldexcpt_handler
 .rdata$.refptr.__native_startup_lock
                0x0000000000404360       0x10 c:/mingw/bin/../lib/gcc/x86_64-w64-mingw32/7.2.0/../../../../x86_64-w64-mingw32/lib/../lib/crt2.o
                0x0000000000404360                .refptr.__native_startup_lock
 .rdata$.refptr.__native_startup_state
                0x0000000000404370       0x10 c:/mingw/bin/../lib/gcc/x86_64-w64-mingw32/7.2.0/../../../../x86_64-w64-mingw32/lib/../lib/crt2.o
                0x0000000000404370                .refptr.__native_startup_state
 .rdata$.refptr.__onexitbegin
                0x0000000000404380       0x10 c:/mingw/bin/../lib/gcc/x86_64-w64-mingw32/7.2.0/../../../../x86_64-w64-mingw32/lib/../lib/crt2.o
                0x0000000000404380                .refptr.__onexitbegin
 .rdata$.refptr.__onexitend
                0x0000000000404390       0x10 c:/mingw/bin/../lib/gcc/x86_64-w64-mingw32/7.2.0/../../../../x86_64-w64-mingw32/lib/../lib/crt2.o
                0x0000000000404390                .refptr.__onexitend
 .rdata$.refptr.__xc_a
                0x00000000004043a0       0x10 c:/mingw/bin/../lib/gcc/x86_64-w64-mingw32/7.2.0/../../../../x86_64-w64-mingw32/lib/../lib/crt2.o
                0x00000000004043a0                .refptr.__xc_a
 .rdata$.refptr.__xc_z
                0x00000000004043b0       0x10 c:/mingw/bin/../lib/gcc/x86_64-w64-mingw32/7.2.0/../../../../x86_64-w64-mingw32/lib/../lib/crt2.o
                0x00000000004043b0                .refptr.__xc_z
 .rdata$.refptr.__xi_a
                0x00000000004043c0       0x10 c:/mingw/bin/../lib/gcc/x86_64-w64-mingw32/7.2.0/../../../../x86_64-w64-mingw32/lib/../lib/crt2.o
                0x00000000004043c0                .refptr.__xi_a
 .rdata$.refptr.__xi_z
                0x00000000004043d0       0x10 c:/mingw/bin/../lib/gcc/x86_64-w64-mingw32/7.2.0/../../../../x86_64-w64-mingw32/lib/../lib/crt2.o
                0x00000000004043d0                .refptr.__xi_z
 .rdata$.refptr._dowildcard
                0x00000000004043e0       0x10 c:/mingw/bin/../lib/gcc/x86_64-w64-mingw32/7.2.0/../../../../x86_64-w64-mingw32/lib/../lib/crt2.o
                0x00000000004043e0                .refptr._dowildcard
 .rdata$.refptr._fmode
                0x00000000004043f0       0x10 c:/mingw/bin/../lib/gcc/x86_64-w64-mingw32/7.2.0/../../../../x86_64-w64-mingw32/lib/../lib/crt2.o
                0x00000000004043f0                .refptr._fmode
 .rdata$.refptr._gnu_exception_handler
                0x0000000000404400       0x10 c:/mingw/bin/../lib/gcc/x86_64-w64-mingw32/7.2.0/../../../../x86_64-w64-mingw32/lib/../lib/crt2.o
                0x0000000000404400                .refptr._gnu_exception_handler
 .rdata$.refptr._matherr
                0x0000000000404410       0x10 c:/mingw/bin/../lib/gcc/x86_64-w64-mingw32/7.2.0/../../../../x86_64-w64-mingw32/lib/../lib/crt2.o
                0x0000000000404410                .refptr._matherr
 .rdata$.refptr._newmode
                0x0000000000404420       0x10 c:/mingw/bin/../lib/gcc/x86_64-w64-mingw32/7.2.0/../../../../x86_64-w64-mingw32/lib/../lib/crt2.o
                0x0000000000404420                .refptr._newmode
 .rdata$.refptr.mingw_app_type
                0x0000000000404430       0x10 c:/mingw/bin/../lib/gcc/x86_64-w64-mingw32/7.2.0/../../../../x86_64-w64-mingw32/lib/../lib/crt2.o
                0x0000000000404430                .refptr.mingw_app_type
 .rdata$.refptr.mingw_initcharmax
                0x0000000000404440       0x10 c:/mingw/bin/../lib/gcc/x86_64-w64-mingw32/7.2.0/../../../../x86_64-w64-mingw32/lib/../lib/crt2.o
                0x0000000000404440                .refptr.mingw_initcharmax
 .rdata$.refptr.mingw_initltsdrot_force
                0x0000000000404450       0x10 c:/mingw/bin/../lib/gcc/x86_64-w64-mingw32/7.2.0/../../../../x86_64-w64-mingw32/lib/../lib/crt2.o
                0x0000000000404450                .refptr.mingw_initltsdrot_force
 .rdata$.refptr.mingw_initltsdyn_force
                0x0000000000404460       0x10 c:/mingw/bin/../lib/gcc/x86_64-w64-mingw32/7.2.0/../../../../x86_64-w64-mingw32/lib/../lib/crt2.o
                0x0000000000404460                .refptr.mingw_initltsdyn_force
 .rdata$.refptr.mingw_initltssuo_force
                0x0000000000404470       0x10 c:/mingw/bin/../lib/gcc/x86_64-w64-mingw32/7.2.0/../../../../x86_64-w64-mingw32/lib/../lib/crt2.o
                0x0000000000404470                .refptr.mingw_initltssuo_force
 .rdata$zzz     0x0000000000404480       0x20 c:/mingw/bin/../lib/gcc/x86_64-w64-mingw32/7.2.0/../../../../x86_64-w64-mingw32/lib/../lib/crt2.o
 .rdata$zzz     0x00000000004044a0       0x20 c:/mingw/bin/../lib/gcc/x86_64-w64-mingw32/7.2.0/crtbegin.o
 .rdata$zzz     0x00000000004044c0       0x20 main.o
 .rdata$zzz     0x00000000004044e0       0x20 func1.o
 .rdata$zzz     0x0000000000404500       0x20 func2.o
 .rdata$zzz     0x0000000000404520       0x20 c:/mingw/bin/../lib/gcc/x86_64-w64-mingw32/7.2.0/../../../../x86_64-w64-mingw32/lib/../lib/libmingw32.a(lib64_libmingw32_a-atonexit.o)
 .rdata$zzz     0x0000000000404540       0x20 c:/mingw/bin/../lib/gcc/x86_64-w64-mingw32/7.2.0/../../../../x86_64-w64-mingw32/lib/../lib/libmingw32.a(lib64_libmingw32_a-gccmain.o)
 .rdata$zzz     0x0000000000404560       0x20 c:/mingw/bin/../lib/gcc/x86_64-w64-mingw32/7.2.0/../../../../x86_64-w64-mingw32/lib/../lib/libmingw32.a(lib64_libmingw32_a-natstart.o)
 .rdata$zzz     0x0000000000404580       0x20 c:/mingw/bin/../lib/gcc/x86_64-w64-mingw32/7.2.0/../../../../x86_64-w64-mingw32/lib/../lib/libmingw32.a(lib64_libmingw32_a-wildcard.o)
 .rdata$zzz     0x00000000004045a0       0x20 c:/mingw/bin/../lib/gcc/x86_64-w64-mingw32/7.2.0/../../../../x86_64-w64-mingw32/lib/../lib/libmingw32.a(lib64_libmingw32_a-charmax.o)
 .rdata$zzz     0x00000000004045c0       0x20 c:/mingw/bin/../lib/gcc/x86_64-w64-mingw32/7.2.0/../../../../x86_64-w64-mingw32/lib/../lib/libmingw32.a(lib64_libmingw32_a-dllargv.o)
 .rdata$zzz     0x00000000004045e0       0x20 c:/mingw/bin/../lib/gcc/x86_64-w64-mingw32/7.2.0/../../../../x86_64-w64-mingw32/lib/../lib/libmingw32.a(lib64_libmingw32_a-gs_support.o)
 .rdata$zzz     0x0000000000404600       0x20 c:/mingw/bin/../lib/gcc/x86_64-w64-mingw32/7.2.0/../../../../x86_64-w64-mingw32/lib/../lib/libmingw32.a(lib64_libmingw32_a-_newmode.o)
 .rdata$zzz     0x0000000000404620       0x20 c:/mingw/bin/../lib/gcc/x86_64-w64-mingw32/7.2.0/../../../../x86_64-w64-mingw32/lib/../lib/libmingw32.a(lib64_libmingw32_a-tlssup.o)
 .rdata$zzz     0x0000000000404640       0x20 c:/mingw/bin/../lib/gcc/x86_64-w64-mingw32/7.2.0/../../../../x86_64-w64-mingw32/lib/../lib/libmingw32.a(lib64_libmingw32_a-cinitexe.o)
 .rdata$zzz     0x0000000000404660       0x20 c:/mingw/bin/../lib/gcc/x86_64-w64-mingw32/7.2.0/../../../../x86_64-w64-mingw32/lib/../lib/libmingw32.a(lib64_libmingw32_a-merr.o)
 .rdata$zzz     0x0000000000404680       0x20 c:/mingw/bin/../lib/gcc/x86_64-w64-mingw32/7.2.0/../../../../x86_64-w64-mingw32/lib/../lib/libmingw32.a(lib64_libmingw32_a-CRT_fp10.o)
 .rdata$zzz     0x00000000004046a0       0x20 c:/mingw/bin/../lib/gcc/x86_64-w64-mingw32/7.2.0/../../../../x86_64-w64-mingw32/lib/../lib/libmingw32.a(lib64_libmingw32_a-mingw_helpers.o)
 .rdata$zzz     0x00000000004046c0       0x20 c:/mingw/bin/../lib/gcc/x86_64-w64-mingw32/7.2.0/../../../../x86_64-w64-mingw32/lib/../lib/libmingw32.a(lib64_libmingw32_a-pseudo-reloc.o)
 .rdata$zzz     0x00000000004046e0       0x20 c:/mingw/bin/../lib/gcc/x86_64-w64-mingw32/7.2.0/../../../../x86_64-w64-mingw32/lib/../lib/libmingw32.a(lib64_libmingw32_a-xtxtmode.o)
 .rdata$zzz     0x0000000000404700       0x20 c:/mingw/bin/../lib/gcc/x86_64-w64-mingw32/7.2.0/../../../../x86_64-w64-mingw32/lib/../lib/libmingw32.a(lib64_libmingw32_a-crt_handler.o)
 .rdata$zzz     0x0000000000404720       0x20 c:/mingw/bin/../lib/gcc/x86_64-w64-mingw32/7.2.0/../../../../x86_64-w64-mingw32/lib/../lib/libmingw32.a(lib64_libmingw32_a-tlsthrd.o)
 .rdata$zzz     0x0000000000404740       0x20 c:/mingw/bin/../lib/gcc/x86_64-w64-mingw32/7.2.0/../../../../x86_64-w64-mingw32/lib/../lib/libmingw32.a(lib64_libmingw32_a-tlsmcrt.o)
 .rdata$zzz     0x0000000000404760       0x20 c:/mingw/bin/../lib/gcc/x86_64-w64-mingw32/7.2.0/../../../../x86_64-w64-mingw32/lib/../lib/libmingw32.a(lib64_libmingw32_a-pseudo-reloc-list.o)
 .rdata$zzz     0x0000000000404780       0x20 c:/mingw/bin/../lib/gcc/x86_64-w64-mingw32/7.2.0/../../../../x86_64-w64-mingw32/lib/../lib/libmingw32.a(lib64_libmingw32_a-pesect.o)
 .rdata$zzz     0x00000000004047a0       0x20 c:/mingw/bin/../lib/gcc/x86_64-w64-mingw32/7.2.0/libgcc.a(_ctors.o)
 .rdata$zzz     0x00000000004047c0       0x20 c:/mingw/bin/../lib/gcc/x86_64-w64-mingw32/7.2.0/../../../../x86_64-w64-mingw32/lib/../lib/libmingwex.a(lib64_libmingwex_a-mingw_matherr.o)
 .rdata$zzz     0x00000000004047e0       0x20 c:/mingw/bin/../lib/gcc/x86_64-w64-mingw32/7.2.0/../../../../x86_64-w64-mingw32/lib/../lib/libmsvcrt.a(lib64_libmsvcrt_a-invalid_parameter_handler.o)
 .rdata$zzz     0x0000000000404800       0x20 c:/mingw/bin/../lib/gcc/x86_64-w64-mingw32/7.2.0/crtend.o
                0x0000000000404820                __rt_psrelocs_start = .
 *(.rdata_runtime_pseudo_reloc)
                0x0000000000404820                __rt_psrelocs_end = .
                0x0000000000000000                __rt_psrelocs_size = (__rt_psrelocs_end - __rt_psrelocs_start)
                0x0000000000404820                ___RUNTIME_PSEUDO_RELOC_LIST_END__ = .
                0x0000000000404820                __RUNTIME_PSEUDO_RELOC_LIST_END__ = .
                0x0000000000404820                ___RUNTIME_PSEUDO_RELOC_LIST__ = (. - __rt_psrelocs_size)
                0x0000000000404820                __RUNTIME_PSEUDO_RELOC_LIST__ = (. - __rt_psrelocs_size)

.eh_frame
 *(.eh_frame*)

.pdata          0x0000000000405000      0x400
 *(.pdata*)
 .pdata         0x0000000000405000       0x48 c:/mingw/bin/../lib/gcc/x86_64-w64-mingw32/7.2.0/../../../../x86_64-w64-mingw32/lib/../lib/crt2.o
 .pdata         0x0000000000405048       0x18 c:/mingw/bin/../lib/gcc/x86_64-w64-mingw32/7.2.0/crtbegin.o
 .pdata         0x0000000000405060        0xc main.o
 .pdata         0x000000000040506c        0xc func1.o
 .pdata         0x0000000000405078        0xc func2.o
 .pdata         0x0000000000405084       0x18 c:/mingw/bin/../lib/gcc/x86_64-w64-mingw32/7.2.0/../../../../x86_64-w64-mingw32/lib/../lib/libmingw32.a(lib64_libmingw32_a-atonexit.o)
 .pdata         0x000000000040509c       0x24 c:/mingw/bin/../lib/gcc/x86_64-w64-mingw32/7.2.0/../../../../x86_64-w64-mingw32/lib/../lib/libmingw32.a(lib64_libmingw32_a-gccmain.o)
 .pdata         0x00000000004050c0        0xc c:/mingw/bin/../lib/gcc/x86_64-w64-mingw32/7.2.0/../../../../x86_64-w64-mingw32/lib/../lib/libmingw32.a(lib64_libmingw32_a-charmax.o)
 .pdata         0x00000000004050cc        0xc c:/mingw/bin/../lib/gcc/x86_64-w64-mingw32/7.2.0/../../../../x86_64-w64-mingw32/lib/../lib/libmingw32.a(lib64_libmingw32_a-dllargv.o)
 .pdata         0x00000000004050d8       0x18 c:/mingw/bin/../lib/gcc/x86_64-w64-mingw32/7.2.0/../../../../x86_64-w64-mingw32/lib/../lib/libmingw32.a(lib64_libmingw32_a-gs_support.o)
 .pdata         0x00000000004050f0       0x24 c:/mingw/bin/../lib/gcc/x86_64-w64-mingw32/7.2.0/../../../../x86_64-w64-mingw32/lib/../lib/libmingw32.a(lib64_libmingw32_a-tlssup.o)
 .pdata         0x0000000000405114       0x24 c:/mingw/bin/../lib/gcc/x86_64-w64-mingw32/7.2.0/../../../../x86_64-w64-mingw32/lib/../lib/libmingw32.a(lib64_libmingw32_a-merr.o)
 .pdata         0x0000000000405138        0xc c:/mingw/bin/../lib/gcc/x86_64-w64-mingw32/7.2.0/../../../../x86_64-w64-mingw32/lib/../lib/libmingw32.a(lib64_libmingw32_a-CRT_fp10.o)
 .pdata         0x0000000000405144       0x18 c:/mingw/bin/../lib/gcc/x86_64-w64-mingw32/7.2.0/../../../../x86_64-w64-mingw32/lib/../lib/libmingw32.a(lib64_libmingw32_a-mingw_helpers.o)
 .pdata.unlikely
                0x000000000040515c        0xc c:/mingw/bin/../lib/gcc/x86_64-w64-mingw32/7.2.0/../../../../x86_64-w64-mingw32/lib/../lib/libmingw32.a(lib64_libmingw32_a-pseudo-reloc.o)
 .pdata         0x0000000000405168       0x18 c:/mingw/bin/../lib/gcc/x86_64-w64-mingw32/7.2.0/../../../../x86_64-w64-mingw32/lib/../lib/libmingw32.a(lib64_libmingw32_a-pseudo-reloc.o)
 .pdata         0x0000000000405180       0x24 c:/mingw/bin/../lib/gcc/x86_64-w64-mingw32/7.2.0/../../../../x86_64-w64-mingw32/lib/../lib/libmingw32.a(lib64_libmingw32_a-crt_handler.o)
 .pdata         0x00000000004051a4       0x24 c:/mingw/bin/../lib/gcc/x86_64-w64-mingw32/7.2.0/../../../../x86_64-w64-mingw32/lib/../lib/libmingw32.a(lib64_libmingw32_a-tlsthrd.o)
 .pdata         0x00000000004051c8       0x6c c:/mingw/bin/../lib/gcc/x86_64-w64-mingw32/7.2.0/../../../../x86_64-w64-mingw32/lib/../lib/libmingw32.a(lib64_libmingw32_a-pesect.o)
 .pdata         0x0000000000405234       0x18 c:/mingw/bin/../lib/gcc/x86_64-w64-mingw32/7.2.0/../../../../x86_64-w64-mingw32/lib/../lib/libmsvcrt.a(lib64_libmsvcrt_a-invalid_parameter_handler.o)
 .pdata.startup
                0x000000000040524c        0xc c:/mingw/bin/../lib/gcc/x86_64-w64-mingw32/7.2.0/crtend.o

.xdata          0x0000000000406000      0x200
 *(.xdata*)
 .xdata         0x0000000000406000       0x68 c:/mingw/bin/../lib/gcc/x86_64-w64-mingw32/7.2.0/../../../../x86_64-w64-mingw32/lib/../lib/crt2.o
 .xdata         0x0000000000406068       0x10 c:/mingw/bin/../lib/gcc/x86_64-w64-mingw32/7.2.0/crtbegin.o
 .xdata         0x0000000000406078        0xc main.o
 .xdata         0x0000000000406084        0xc func1.o
 .xdata         0x0000000000406090        0xc func2.o
 .xdata         0x000000000040609c       0x10 c:/mingw/bin/../lib/gcc/x86_64-w64-mingw32/7.2.0/../../../../x86_64-w64-mingw32/lib/../lib/libmingw32.a(lib64_libmingw32_a-atonexit.o)
 .xdata         0x00000000004060ac       0x20 c:/mingw/bin/../lib/gcc/x86_64-w64-mingw32/7.2.0/../../../../x86_64-w64-mingw32/lib/../lib/libmingw32.a(lib64_libmingw32_a-gccmain.o)
 .xdata         0x00000000004060cc        0x4 c:/mingw/bin/../lib/gcc/x86_64-w64-mingw32/7.2.0/../../../../x86_64-w64-mingw32/lib/../lib/libmingw32.a(lib64_libmingw32_a-charmax.o)
 .xdata         0x00000000004060d0        0x4 c:/mingw/bin/../lib/gcc/x86_64-w64-mingw32/7.2.0/../../../../x86_64-w64-mingw32/lib/../lib/libmingw32.a(lib64_libmingw32_a-dllargv.o)
 .xdata         0x00000000004060d4       0x20 c:/mingw/bin/../lib/gcc/x86_64-w64-mingw32/7.2.0/../../../../x86_64-w64-mingw32/lib/../lib/libmingw32.a(lib64_libmingw32_a-gs_support.o)
 .xdata         0x00000000004060f4       0x18 c:/mingw/bin/../lib/gcc/x86_64-w64-mingw32/7.2.0/../../../../x86_64-w64-mingw32/lib/../lib/libmingw32.a(lib64_libmingw32_a-tlssup.o)
 .xdata         0x000000000040610c       0x24 c:/mingw/bin/../lib/gcc/x86_64-w64-mingw32/7.2.0/../../../../x86_64-w64-mingw32/lib/../lib/libmingw32.a(lib64_libmingw32_a-merr.o)
 .xdata         0x0000000000406130        0x4 c:/mingw/bin/../lib/gcc/x86_64-w64-mingw32/7.2.0/../../../../x86_64-w64-mingw32/lib/../lib/libmingw32.a(lib64_libmingw32_a-CRT_fp10.o)
 .xdata         0x0000000000406134        0x8 c:/mingw/bin/../lib/gcc/x86_64-w64-mingw32/7.2.0/../../../../x86_64-w64-mingw32/lib/../lib/libmingw32.a(lib64_libmingw32_a-mingw_helpers.o)
 .xdata.unlikely
                0x000000000040613c        0xc c:/mingw/bin/../lib/gcc/x86_64-w64-mingw32/7.2.0/../../../../x86_64-w64-mingw32/lib/../lib/libmingw32.a(lib64_libmingw32_a-pseudo-reloc.o)
 .xdata         0x0000000000406148       0x24 c:/mingw/bin/../lib/gcc/x86_64-w64-mingw32/7.2.0/../../../../x86_64-w64-mingw32/lib/../lib/libmingw32.a(lib64_libmingw32_a-pseudo-reloc.o)
 .xdata         0x000000000040616c       0x20 c:/mingw/bin/../lib/gcc/x86_64-w64-mingw32/7.2.0/../../../../x86_64-w64-mingw32/lib/../lib/libmingw32.a(lib64_libmingw32_a-crt_handler.o)
 .xdata         0x000000000040618c       0x28 c:/mingw/bin/../lib/gcc/x86_64-w64-mingw32/7.2.0/../../../../x86_64-w64-mingw32/lib/../lib/libmingw32.a(lib64_libmingw32_a-tlsthrd.o)
 .xdata         0x00000000004061b4       0x2c c:/mingw/bin/../lib/gcc/x86_64-w64-mingw32/7.2.0/../../../../x86_64-w64-mingw32/lib/../lib/libmingw32.a(lib64_libmingw32_a-pesect.o)
 .xdata         0x00000000004061e0        0x8 c:/mingw/bin/../lib/gcc/x86_64-w64-mingw32/7.2.0/../../../../x86_64-w64-mingw32/lib/../lib/libmsvcrt.a(lib64_libmsvcrt_a-invalid_parameter_handler.o)
 .xdata.startup
                0x00000000004061e8        0x8 c:/mingw/bin/../lib/gcc/x86_64-w64-mingw32/7.2.0/crtend.o

.bss            0x0000000000407000      0x9b0
                0x0000000000407000                __bss_start__ = .
 *(.bss)
 .bss           0x0000000000407000       0x30 c:/mingw/bin/../lib/gcc/x86_64-w64-mingw32/7.2.0/../../../../x86_64-w64-mingw32/lib/../lib/crt2.o
 .bss           0x0000000000407030        0x0 c:/mingw/bin/../lib/gcc/x86_64-w64-mingw32/7.2.0/crtbegin.o
 .bss           0x0000000000407030        0x0 main.o
 .bss           0x0000000000407030        0x0 func1.o
 .bss           0x0000000000407030        0x0 func2.o
 .bss           0x0000000000407030        0x0 c:/mingw/bin/../lib/gcc/x86_64-w64-mingw32/7.2.0/../../../../x86_64-w64-mingw32/lib/../lib/libmingw32.a(lib64_libmingw32_a-atonexit.o)
 .bss           0x0000000000407030       0x10 c:/mingw/bin/../lib/gcc/x86_64-w64-mingw32/7.2.0/../../../../x86_64-w64-mingw32/lib/../lib/libmingw32.a(lib64_libmingw32_a-gccmain.o)
 .bss           0x0000000000407040        0x0 c:/mingw/bin/../lib/gcc/x86_64-w64-mingw32/7.2.0/../../../../x86_64-w64-mingw32/lib/../lib/libmingw32.a(lib64_libmingw32_a-natstart.o)
 .bss           0x0000000000407040       0x10 c:/mingw/bin/../lib/gcc/x86_64-w64-mingw32/7.2.0/../../../../x86_64-w64-mingw32/lib/../lib/libmingw32.a(lib64_libmingw32_a-wildcard.o)
                0x0000000000407040                _dowildcard
 .bss           0x0000000000407050       0x10 c:/mingw/bin/../lib/gcc/x86_64-w64-mingw32/7.2.0/../../../../x86_64-w64-mingw32/lib/../lib/libmingw32.a(lib64_libmingw32_a-charmax.o)
                0x0000000000407050                mingw_initcharmax
 .bss           0x0000000000407060        0x0 c:/mingw/bin/../lib/gcc/x86_64-w64-mingw32/7.2.0/../../../../x86_64-w64-mingw32/lib/../lib/libmingw32.a(lib64_libmingw32_a-dllargv.o)
 .bss           0x0000000000407060      0x580 c:/mingw/bin/../lib/gcc/x86_64-w64-mingw32/7.2.0/../../../../x86_64-w64-mingw32/lib/../lib/libmingw32.a(lib64_libmingw32_a-gs_support.o)
 .bss           0x00000000004075e0       0x10 c:/mingw/bin/../lib/gcc/x86_64-w64-mingw32/7.2.0/../../../../x86_64-w64-mingw32/lib/../lib/libmingw32.a(lib64_libmingw32_a-_newmode.o)
                0x00000000004075e0                _newmode
 .bss           0x00000000004075f0       0x10 c:/mingw/bin/../lib/gcc/x86_64-w64-mingw32/7.2.0/../../../../x86_64-w64-mingw32/lib/../lib/libmingw32.a(lib64_libmingw32_a-tlssup.o)
                0x00000000004075f0                mingw_initltssuo_force
                0x00000000004075f4                mingw_initltsdyn_force
                0x00000000004075f8                mingw_initltsdrot_force
                0x00000000004075fc                _tls_index
 .bss           0x0000000000407600        0x0 c:/mingw/bin/../lib/gcc/x86_64-w64-mingw32/7.2.0/../../../../x86_64-w64-mingw32/lib/../lib/libmingw32.a(lib64_libmingw32_a-cinitexe.o)
 .bss           0x0000000000407600       0x10 c:/mingw/bin/../lib/gcc/x86_64-w64-mingw32/7.2.0/../../../../x86_64-w64-mingw32/lib/../lib/libmingw32.a(lib64_libmingw32_a-merr.o)
 .bss           0x0000000000407610        0x0 c:/mingw/bin/../lib/gcc/x86_64-w64-mingw32/7.2.0/../../../../x86_64-w64-mingw32/lib/../lib/libmingw32.a(lib64_libmingw32_a-CRT_fp10.o)
 .bss           0x0000000000407610       0x10 c:/mingw/bin/../lib/gcc/x86_64-w64-mingw32/7.2.0/../../../../x86_64-w64-mingw32/lib/../lib/libmingw32.a(lib64_libmingw32_a-mingw_helpers.o)
                0x0000000000407610                mingw_app_type
 .bss           0x0000000000407620       0x10 c:/mingw/bin/../lib/gcc/x86_64-w64-mingw32/7.2.0/../../../../x86_64-w64-mingw32/lib/../lib/libmingw32.a(lib64_libmingw32_a-pseudo-reloc.o)
 .bss           0x0000000000407630       0x10 c:/mingw/bin/../lib/gcc/x86_64-w64-mingw32/7.2.0/../../../../x86_64-w64-mingw32/lib/../lib/libmingw32.a(lib64_libmingw32_a-xtxtmode.o)
                0x0000000000407630                _fmode
 .bss           0x0000000000407640      0x2a0 c:/mingw/bin/../lib/gcc/x86_64-w64-mingw32/7.2.0/../../../../x86_64-w64-mingw32/lib/../lib/libmingw32.a(lib64_libmingw32_a-crt_handler.o)
                0x0000000000407640                __mingw_oldexcpt_handler
 .bss           0x00000000004078e0       0x60 c:/mingw/bin/../lib/gcc/x86_64-w64-mingw32/7.2.0/../../../../x86_64-w64-mingw32/lib/../lib/libmingw32.a(lib64_libmingw32_a-tlsthrd.o)
 .bss           0x0000000000407940        0x0 c:/mingw/bin/../lib/gcc/x86_64-w64-mingw32/7.2.0/../../../../x86_64-w64-mingw32/lib/../lib/libmingw32.a(lib64_libmingw32_a-tlsmcrt.o)
 .bss           0x0000000000407940       0x10 c:/mingw/bin/../lib/gcc/x86_64-w64-mingw32/7.2.0/../../../../x86_64-w64-mingw32/lib/../lib/libmingw32.a(lib64_libmingw32_a-pseudo-reloc-list.o)
 .bss           0x0000000000407950        0x0 c:/mingw/bin/../lib/gcc/x86_64-w64-mingw32/7.2.0/../../../../x86_64-w64-mingw32/lib/../lib/libmingw32.a(lib64_libmingw32_a-pesect.o)
 .bss           0x0000000000407950        0x0 c:/mingw/bin/../lib/gcc/x86_64-w64-mingw32/7.2.0/libgcc.a(_chkstk_ms.o)
 .bss           0x0000000000407950        0x0 c:/mingw/bin/../lib/gcc/x86_64-w64-mingw32/7.2.0/libgcc.a(_ctors.o)
 .bss           0x0000000000407950        0x0 c:/mingw/bin/../lib/gcc/x86_64-w64-mingw32/7.2.0/../../../../x86_64-w64-mingw32/lib/../lib/libmingwex.a(lib64_libmingwex_a-mingw_matherr.o)
 .bss           0x0000000000407950        0x0 c:/mingw/bin/../lib/gcc/x86_64-w64-mingw32/7.2.0/../../../../x86_64-w64-mingw32/lib/../lib/libmsvcrt.a(djjws01107.o)
 .bss           0x0000000000407950        0x0 c:/mingw/bin/../lib/gcc/x86_64-w64-mingw32/7.2.0/../../../../x86_64-w64-mingw32/lib/../lib/libmsvcrt.a(djjws01075.o)
 .bss           0x0000000000407950        0x0 c:/mingw/bin/../lib/gcc/x86_64-w64-mingw32/7.2.0/../../../../x86_64-w64-mingw32/lib/../lib/libmsvcrt.a(djjws01072.o)
 .bss           0x0000000000407950        0x0 c:/mingw/bin/../lib/gcc/x86_64-w64-mingw32/7.2.0/../../../../x86_64-w64-mingw32/lib/../lib/libmsvcrt.a(djjws01051.o)
 .bss           0x0000000000407950        0x0 c:/mingw/bin/../lib/gcc/x86_64-w64-mingw32/7.2.0/../../../../x86_64-w64-mingw32/lib/../lib/libmsvcrt.a(djjws01034.o)
 .bss           0x0000000000407950        0x0 c:/mingw/bin/../lib/gcc/x86_64-w64-mingw32/7.2.0/../../../../x86_64-w64-mingw32/lib/../lib/libmsvcrt.a(djjws01021.o)
 .bss           0x0000000000407950        0x0 c:/mingw/bin/../lib/gcc/x86_64-w64-mingw32/7.2.0/../../../../x86_64-w64-mingw32/lib/../lib/libmsvcrt.a(djjws01013.o)
 .bss           0x0000000000407950        0x0 c:/mingw/bin/../lib/gcc/x86_64-w64-mingw32/7.2.0/../../../../x86_64-w64-mingw32/lib/../lib/libmsvcrt.a(djjws00967.o)
 .bss           0x0000000000407950        0x0 c:/mingw/bin/../lib/gcc/x86_64-w64-mingw32/7.2.0/../../../../x86_64-w64-mingw32/lib/../lib/libmsvcrt.a(djjws00956.o)
 .bss           0x0000000000407950        0x0 c:/mingw/bin/../lib/gcc/x86_64-w64-mingw32/7.2.0/../../../../x86_64-w64-mingw32/lib/../lib/libmsvcrt.a(djjws00949.o)
 .bss           0x0000000000407950        0x0 c:/mingw/bin/../lib/gcc/x86_64-w64-mingw32/7.2.0/../../../../x86_64-w64-mingw32/lib/../lib/libmsvcrt.a(djjws00930.o)
 .bss           0x0000000000407950        0x0 c:/mingw/bin/../lib/gcc/x86_64-w64-mingw32/7.2.0/../../../../x86_64-w64-mingw32/lib/../lib/libmsvcrt.a(djjws00917.o)
 .bss           0x0000000000407950        0x0 c:/mingw/bin/../lib/gcc/x86_64-w64-mingw32/7.2.0/../../../../x86_64-w64-mingw32/lib/../lib/libmsvcrt.a(djjws00900.o)
 .bss           0x0000000000407950        0x0 c:/mingw/bin/../lib/gcc/x86_64-w64-mingw32/7.2.0/../../../../x86_64-w64-mingw32/lib/../lib/libmsvcrt.a(djjws00712.o)
 .bss           0x0000000000407950        0x0 c:/mingw/bin/../lib/gcc/x86_64-w64-mingw32/7.2.0/../../../../x86_64-w64-mingw32/lib/../lib/libmsvcrt.a(djjws00552.o)
 .bss           0x0000000000407950        0x0 c:/mingw/bin/../lib/gcc/x86_64-w64-mingw32/7.2.0/../../../../x86_64-w64-mingw32/lib/../lib/libmsvcrt.a(djjws00387.o)
 .bss           0x0000000000407950        0x0 c:/mingw/bin/../lib/gcc/x86_64-w64-mingw32/7.2.0/../../../../x86_64-w64-mingw32/lib/../lib/libmsvcrt.a(djjws00285.o)
 .bss           0x0000000000407950        0x0 c:/mingw/bin/../lib/gcc/x86_64-w64-mingw32/7.2.0/../../../../x86_64-w64-mingw32/lib/../lib/libmsvcrt.a(djjws00219.o)
 .bss           0x0000000000407950        0x0 c:/mingw/bin/../lib/gcc/x86_64-w64-mingw32/7.2.0/../../../../x86_64-w64-mingw32/lib/../lib/libmsvcrt.a(djjws00138.o)
 .bss           0x0000000000407950        0x0 c:/mingw/bin/../lib/gcc/x86_64-w64-mingw32/7.2.0/../../../../x86_64-w64-mingw32/lib/../lib/libmsvcrt.a(djjws00120.o)
 .bss           0x0000000000407950        0x0 c:/mingw/bin/../lib/gcc/x86_64-w64-mingw32/7.2.0/../../../../x86_64-w64-mingw32/lib/../lib/libmsvcrt.a(djjws00113.o)
 .bss           0x0000000000407950        0x0 c:/mingw/bin/../lib/gcc/x86_64-w64-mingw32/7.2.0/../../../../x86_64-w64-mingw32/lib/../lib/libmsvcrt.a(djjws00098.o)
 .bss           0x0000000000407950        0x0 c:/mingw/bin/../lib/gcc/x86_64-w64-mingw32/7.2.0/../../../../x86_64-w64-mingw32/lib/../lib/libmsvcrt.a(djjws00096.o)
 .bss           0x0000000000407950        0x0 c:/mingw/bin/../lib/gcc/x86_64-w64-mingw32/7.2.0/../../../../x86_64-w64-mingw32/lib/../lib/libmsvcrt.a(djjws00090.o)
 .bss           0x0000000000407950        0x0 c:/mingw/bin/../lib/gcc/x86_64-w64-mingw32/7.2.0/../../../../x86_64-w64-mingw32/lib/../lib/libmsvcrt.a(djjws00083.o)
 .bss           0x0000000000407950        0x0 c:/mingw/bin/../lib/gcc/x86_64-w64-mingw32/7.2.0/../../../../x86_64-w64-mingw32/lib/../lib/libmsvcrt.a(djjws00082.o)
 .bss           0x0000000000407950        0x0 c:/mingw/bin/../lib/gcc/x86_64-w64-mingw32/7.2.0/../../../../x86_64-w64-mingw32/lib/../lib/libmsvcrt.a(djjws00081.o)
 .bss           0x0000000000407950        0x0 c:/mingw/bin/../lib/gcc/x86_64-w64-mingw32/7.2.0/../../../../x86_64-w64-mingw32/lib/../lib/libmsvcrt.a(djjws00078.o)
 .bss           0x0000000000407950        0x0 c:/mingw/bin/../lib/gcc/x86_64-w64-mingw32/7.2.0/../../../../x86_64-w64-mingw32/lib/../lib/libmsvcrt.a(djjws00055.o)
 .bss           0x0000000000407950       0x10 c:/mingw/bin/../lib/gcc/x86_64-w64-mingw32/7.2.0/../../../../x86_64-w64-mingw32/lib/../lib/libmsvcrt.a(lib64_libmsvcrt_a-invalid_parameter_handler.o)
 .bss           0x0000000000407960        0x0 c:/mingw/bin/../lib/gcc/x86_64-w64-mingw32/7.2.0/../../../../x86_64-w64-mingw32/lib/../lib/libmsvcrt.a(djjwh.o)
 .bss           0x0000000000407960        0x0 c:/mingw/bin/../lib/gcc/x86_64-w64-mingw32/7.2.0/../../../../x86_64-w64-mingw32/lib/../lib/libmsvcrt.a(djjwt.o)
 .bss           0x0000000000407960        0x0 c:/mingw/bin/../lib/gcc/x86_64-w64-mingw32/7.2.0/../../../../x86_64-w64-mingw32/lib/../lib/libkernel32.a(dbjws01266.o)
 .bss           0x0000000000407960        0x0 c:/mingw/bin/../lib/gcc/x86_64-w64-mingw32/7.2.0/../../../../x86_64-w64-mingw32/lib/../lib/libkernel32.a(dbjws01264.o)
 .bss           0x0000000000407960        0x0 c:/mingw/bin/../lib/gcc/x86_64-w64-mingw32/7.2.0/../../../../x86_64-w64-mingw32/lib/../lib/libkernel32.a(dbjws01234.o)
 .bss           0x0000000000407960        0x0 c:/mingw/bin/../lib/gcc/x86_64-w64-mingw32/7.2.0/../../../../x86_64-w64-mingw32/lib/../lib/libkernel32.a(dbjws01221.o)
 .bss           0x0000000000407960        0x0 c:/mingw/bin/../lib/gcc/x86_64-w64-mingw32/7.2.0/../../../../x86_64-w64-mingw32/lib/../lib/libkernel32.a(dbjws01214.o)
 .bss           0x0000000000407960        0x0 c:/mingw/bin/../lib/gcc/x86_64-w64-mingw32/7.2.0/../../../../x86_64-w64-mingw32/lib/../lib/libkernel32.a(dbjws01200.o)
 .bss           0x0000000000407960        0x0 c:/mingw/bin/../lib/gcc/x86_64-w64-mingw32/7.2.0/../../../../x86_64-w64-mingw32/lib/../lib/libkernel32.a(dbjws01187.o)
 .bss           0x0000000000407960        0x0 c:/mingw/bin/../lib/gcc/x86_64-w64-mingw32/7.2.0/../../../../x86_64-w64-mingw32/lib/../lib/libkernel32.a(dbjws01044.o)
 .bss           0x0000000000407960        0x0 c:/mingw/bin/../lib/gcc/x86_64-w64-mingw32/7.2.0/../../../../x86_64-w64-mingw32/lib/../lib/libkernel32.a(dbjws01037.o)
 .bss           0x0000000000407960        0x0 c:/mingw/bin/../lib/gcc/x86_64-w64-mingw32/7.2.0/../../../../x86_64-w64-mingw32/lib/../lib/libkernel32.a(dbjws01030.o)
 .bss           0x0000000000407960        0x0 c:/mingw/bin/../lib/gcc/x86_64-w64-mingw32/7.2.0/../../../../x86_64-w64-mingw32/lib/../lib/libkernel32.a(dbjws01029.o)
 .bss           0x0000000000407960        0x0 c:/mingw/bin/../lib/gcc/x86_64-w64-mingw32/7.2.0/../../../../x86_64-w64-mingw32/lib/../lib/libkernel32.a(dbjws00958.o)
 .bss           0x0000000000407960        0x0 c:/mingw/bin/../lib/gcc/x86_64-w64-mingw32/7.2.0/../../../../x86_64-w64-mingw32/lib/../lib/libkernel32.a(dbjws00844.o)
 .bss           0x0000000000407960        0x0 c:/mingw/bin/../lib/gcc/x86_64-w64-mingw32/7.2.0/../../../../x86_64-w64-mingw32/lib/../lib/libkernel32.a(dbjws00762.o)
 .bss           0x0000000000407960        0x0 c:/mingw/bin/../lib/gcc/x86_64-w64-mingw32/7.2.0/../../../../x86_64-w64-mingw32/lib/../lib/libkernel32.a(dbjws00678.o)
 .bss           0x0000000000407960        0x0 c:/mingw/bin/../lib/gcc/x86_64-w64-mingw32/7.2.0/../../../../x86_64-w64-mingw32/lib/../lib/libkernel32.a(dbjws00651.o)
 .bss           0x0000000000407960        0x0 c:/mingw/bin/../lib/gcc/x86_64-w64-mingw32/7.2.0/../../../../x86_64-w64-mingw32/lib/../lib/libkernel32.a(dbjws00628.o)
 .bss           0x0000000000407960        0x0 c:/mingw/bin/../lib/gcc/x86_64-w64-mingw32/7.2.0/../../../../x86_64-w64-mingw32/lib/../lib/libkernel32.a(dbjws00529.o)
 .bss           0x0000000000407960        0x0 c:/mingw/bin/../lib/gcc/x86_64-w64-mingw32/7.2.0/../../../../x86_64-w64-mingw32/lib/../lib/libkernel32.a(dbjws00467.o)
 .bss           0x0000000000407960        0x0 c:/mingw/bin/../lib/gcc/x86_64-w64-mingw32/7.2.0/../../../../x86_64-w64-mingw32/lib/../lib/libkernel32.a(dbjws00463.o)
 .bss           0x0000000000407960        0x0 c:/mingw/bin/../lib/gcc/x86_64-w64-mingw32/7.2.0/../../../../x86_64-w64-mingw32/lib/../lib/libkernel32.a(dbjws00462.o)
 .bss           0x0000000000407960        0x0 c:/mingw/bin/../lib/gcc/x86_64-w64-mingw32/7.2.0/../../../../x86_64-w64-mingw32/lib/../lib/libkernel32.a(dbjws00249.o)
 .bss           0x0000000000407960        0x0 c:/mingw/bin/../lib/gcc/x86_64-w64-mingw32/7.2.0/../../../../x86_64-w64-mingw32/lib/../lib/libkernel32.a(dbjws00216.o)
 .bss           0x0000000000407960        0x0 c:/mingw/bin/../lib/gcc/x86_64-w64-mingw32/7.2.0/../../../../x86_64-w64-mingw32/lib/../lib/libkernel32.a(dbjwh.o)
 .bss           0x0000000000407960        0x0 c:/mingw/bin/../lib/gcc/x86_64-w64-mingw32/7.2.0/../../../../x86_64-w64-mingw32/lib/../lib/libkernel32.a(dbjwt.o)
 .bss           0x0000000000407960        0x0 c:/mingw/bin/../lib/gcc/x86_64-w64-mingw32/7.2.0/crtend.o
 *(COMMON)
 COMMON         0x0000000000407960       0x10 c:/mingw/bin/../lib/gcc/x86_64-w64-mingw32/7.2.0/../../../../x86_64-w64-mingw32/lib/../lib/crt2.o
                0x0000000000407960                __mingw_winmain_lpCmdLine
                0x0000000000407968                __mingw_winmain_hInstance
 COMMON         0x0000000000407970       0x10 c:/mingw/bin/../lib/gcc/x86_64-w64-mingw32/7.2.0/../../../../x86_64-w64-mingw32/lib/../lib/libmingw32.a(lib64_libmingw32_a-atonexit.o)
                0x0000000000407970                __onexitbegin
                0x0000000000407978                __onexitend
 COMMON         0x0000000000407980       0x10 c:/mingw/bin/../lib/gcc/x86_64-w64-mingw32/7.2.0/../../../../x86_64-w64-mingw32/lib/../lib/libmingw32.a(lib64_libmingw32_a-natstart.o)
                0x0000000000407980                __native_startup_state
                0x0000000000407988                __native_startup_lock
 COMMON         0x0000000000407990       0x20 c:/mingw/bin/../lib/gcc/x86_64-w64-mingw32/7.2.0/libgcc.a(_ctors.o)
                0x00000000004079b0                __bss_end__ = .

.edata
 *(.edata)

/DISCARD/
 *(.debug$S)
 *(.debug$T)
 *(.debug$F)
 *(.drectve)
 *(.note.GNU-stack)
 *(.gnu.lto_*)

.idata          0x0000000000408000      0x800
 SORT(*)(.idata$2)
 .idata$2       0x0000000000408000       0x14 c:/mingw/bin/../lib/gcc/x86_64-w64-mingw32/7.2.0/../../../../x86_64-w64-mingw32/lib/../lib/libkernel32.a(dbjwh.o)
                0x0000000000408000                _head_lib64_libkernel32_a
 .idata$2       0x0000000000408014       0x14 c:/mingw/bin/../lib/gcc/x86_64-w64-mingw32/7.2.0/../../../../x86_64-w64-mingw32/lib/../lib/libmsvcrt.a(djjwh.o)
                0x0000000000408014                _head_lib64_libmsvcrt_a
 SORT(*)(.idata$3)
                0x0000000000408028        0x4 LONG 0x0
                0x000000000040802c        0x4 LONG 0x0
                0x0000000000408030        0x4 LONG 0x0
                0x0000000000408034        0x4 LONG 0x0
                0x0000000000408038        0x4 LONG 0x0
 SORT(*)(.idata$4)
 .idata$4       0x000000000040803c        0x0 c:/mingw/bin/../lib/gcc/x86_64-w64-mingw32/7.2.0/../../../../x86_64-w64-mingw32/lib/../lib/libkernel32.a(dbjwh.o)
 .idata$4       0x000000000040803c        0x8 c:/mingw/bin/../lib/gcc/x86_64-w64-mingw32/7.2.0/../../../../x86_64-w64-mingw32/lib/../lib/libkernel32.a(dbjws00216.o)
 .idata$4       0x0000000000408044        0x8 c:/mingw/bin/../lib/gcc/x86_64-w64-mingw32/7.2.0/../../../../x86_64-w64-mingw32/lib/../lib/libkernel32.a(dbjws00249.o)
 .idata$4       0x000000000040804c        0x8 c:/mingw/bin/../lib/gcc/x86_64-w64-mingw32/7.2.0/../../../../x86_64-w64-mingw32/lib/../lib/libkernel32.a(dbjws00462.o)
 .idata$4       0x0000000000408054        0x8 c:/mingw/bin/../lib/gcc/x86_64-w64-mingw32/7.2.0/../../../../x86_64-w64-mingw32/lib/../lib/libkernel32.a(dbjws00463.o)
 .idata$4       0x000000000040805c        0x8 c:/mingw/bin/../lib/gcc/x86_64-w64-mingw32/7.2.0/../../../../x86_64-w64-mingw32/lib/../lib/libkernel32.a(dbjws00467.o)
 .idata$4       0x0000000000408064        0x8 c:/mingw/bin/../lib/gcc/x86_64-w64-mingw32/7.2.0/../../../../x86_64-w64-mingw32/lib/../lib/libkernel32.a(dbjws00529.o)
 .idata$4       0x000000000040806c        0x8 c:/mingw/bin/../lib/gcc/x86_64-w64-mingw32/7.2.0/../../../../x86_64-w64-mingw32/lib/../lib/libkernel32.a(dbjws00628.o)
 .idata$4       0x0000000000408074        0x8 c:/mingw/bin/../lib/gcc/x86_64-w64-mingw32/7.2.0/../../../../x86_64-w64-mingw32/lib/../lib/libkernel32.a(dbjws00651.o)
 .idata$4       0x000000000040807c        0x8 c:/mingw/bin/../lib/gcc/x86_64-w64-mingw32/7.2.0/../../../../x86_64-w64-mingw32/lib/../lib/libkernel32.a(dbjws00678.o)
 .idata$4       0x0000000000408084        0x8 c:/mingw/bin/../lib/gcc/x86_64-w64-mingw32/7.2.0/../../../../x86_64-w64-mingw32/lib/../lib/libkernel32.a(dbjws00762.o)
 .idata$4       0x000000000040808c        0x8 c:/mingw/bin/../lib/gcc/x86_64-w64-mingw32/7.2.0/../../../../x86_64-w64-mingw32/lib/../lib/libkernel32.a(dbjws00844.o)
 .idata$4       0x0000000000408094        0x8 c:/mingw/bin/../lib/gcc/x86_64-w64-mingw32/7.2.0/../../../../x86_64-w64-mingw32/lib/../lib/libkernel32.a(dbjws00958.o)
 .idata$4       0x000000000040809c        0x8 c:/mingw/bin/../lib/gcc/x86_64-w64-mingw32/7.2.0/../../../../x86_64-w64-mingw32/lib/../lib/libkernel32.a(dbjws01029.o)
 .idata$4       0x00000000004080a4        0x8 c:/mingw/bin/../lib/gcc/x86_64-w64-mingw32/7.2.0/../../../../x86_64-w64-mingw32/lib/../lib/libkernel32.a(dbjws01030.o)
 .idata$4       0x00000000004080ac        0x8 c:/mingw/bin/../lib/gcc/x86_64-w64-mingw32/7.2.0/../../../../x86_64-w64-mingw32/lib/../lib/libkernel32.a(dbjws01037.o)
 .idata$4       0x00000000004080b4        0x8 c:/mingw/bin/../lib/gcc/x86_64-w64-mingw32/7.2.0/../../../../x86_64-w64-mingw32/lib/../lib/libkernel32.a(dbjws01044.o)
 .idata$4       0x00000000004080bc        0x8 c:/mingw/bin/../lib/gcc/x86_64-w64-mingw32/7.2.0/../../../../x86_64-w64-mingw32/lib/../lib/libkernel32.a(dbjws01187.o)
 .idata$4       0x00000000004080c4        0x8 c:/mingw/bin/../lib/gcc/x86_64-w64-mingw32/7.2.0/../../../../x86_64-w64-mingw32/lib/../lib/libkernel32.a(dbjws01200.o)
 .idata$4       0x00000000004080cc        0x8 c:/mingw/bin/../lib/gcc/x86_64-w64-mingw32/7.2.0/../../../../x86_64-w64-mingw32/lib/../lib/libkernel32.a(dbjws01214.o)
 .idata$4       0x00000000004080d4        0x8 c:/mingw/bin/../lib/gcc/x86_64-w64-mingw32/7.2.0/../../../../x86_64-w64-mingw32/lib/../lib/libkernel32.a(dbjws01221.o)
 .idata$4       0x00000000004080dc        0x8 c:/mingw/bin/../lib/gcc/x86_64-w64-mingw32/7.2.0/../../../../x86_64-w64-mingw32/lib/../lib/libkernel32.a(dbjws01234.o)
 .idata$4       0x00000000004080e4        0x8 c:/mingw/bin/../lib/gcc/x86_64-w64-mingw32/7.2.0/../../../../x86_64-w64-mingw32/lib/../lib/libkernel32.a(dbjws01264.o)
 .idata$4       0x00000000004080ec        0x8 c:/mingw/bin/../lib/gcc/x86_64-w64-mingw32/7.2.0/../../../../x86_64-w64-mingw32/lib/../lib/libkernel32.a(dbjws01266.o)
 .idata$4       0x00000000004080f4        0x8 c:/mingw/bin/../lib/gcc/x86_64-w64-mingw32/7.2.0/../../../../x86_64-w64-mingw32/lib/../lib/libkernel32.a(dbjwt.o)
 .idata$4       0x00000000004080fc        0x0 c:/mingw/bin/../lib/gcc/x86_64-w64-mingw32/7.2.0/../../../../x86_64-w64-mingw32/lib/../lib/libmsvcrt.a(djjwh.o)
 .idata$4       0x00000000004080fc        0x8 c:/mingw/bin/../lib/gcc/x86_64-w64-mingw32/7.2.0/../../../../x86_64-w64-mingw32/lib/../lib/libmsvcrt.a(djjws00055.o)
 .idata$4       0x0000000000408104        0x8 c:/mingw/bin/../lib/gcc/x86_64-w64-mingw32/7.2.0/../../../../x86_64-w64-mingw32/lib/../lib/libmsvcrt.a(djjws00078.o)
 .idata$4       0x000000000040810c        0x8 c:/mingw/bin/../lib/gcc/x86_64-w64-mingw32/7.2.0/../../../../x86_64-w64-mingw32/lib/../lib/libmsvcrt.a(djjws00081.o)
 .idata$4       0x0000000000408114        0x8 c:/mingw/bin/../lib/gcc/x86_64-w64-mingw32/7.2.0/../../../../x86_64-w64-mingw32/lib/../lib/libmsvcrt.a(djjws00082.o)
 .idata$4       0x000000000040811c        0x8 c:/mingw/bin/../lib/gcc/x86_64-w64-mingw32/7.2.0/../../../../x86_64-w64-mingw32/lib/../lib/libmsvcrt.a(djjws00083.o)
 .idata$4       0x0000000000408124        0x8 c:/mingw/bin/../lib/gcc/x86_64-w64-mingw32/7.2.0/../../../../x86_64-w64-mingw32/lib/../lib/libmsvcrt.a(djjws00090.o)
 .idata$4       0x000000000040812c        0x8 c:/mingw/bin/../lib/gcc/x86_64-w64-mingw32/7.2.0/../../../../x86_64-w64-mingw32/lib/../lib/libmsvcrt.a(djjws00096.o)
 .idata$4       0x0000000000408134        0x8 c:/mingw/bin/../lib/gcc/x86_64-w64-mingw32/7.2.0/../../../../x86_64-w64-mingw32/lib/../lib/libmsvcrt.a(djjws00098.o)
 .idata$4       0x000000000040813c        0x8 c:/mingw/bin/../lib/gcc/x86_64-w64-mingw32/7.2.0/../../../../x86_64-w64-mingw32/lib/../lib/libmsvcrt.a(djjws00113.o)
 .idata$4       0x0000000000408144        0x8 c:/mingw/bin/../lib/gcc/x86_64-w64-mingw32/7.2.0/../../../../x86_64-w64-mingw32/lib/../lib/libmsvcrt.a(djjws00120.o)
 .idata$4       0x000000000040814c        0x8 c:/mingw/bin/../lib/gcc/x86_64-w64-mingw32/7.2.0/../../../../x86_64-w64-mingw32/lib/../lib/libmsvcrt.a(djjws00138.o)
 .idata$4       0x0000000000408154        0x8 c:/mingw/bin/../lib/gcc/x86_64-w64-mingw32/7.2.0/../../../../x86_64-w64-mingw32/lib/../lib/libmsvcrt.a(djjws00219.o)
 .idata$4       0x000000000040815c        0x8 c:/mingw/bin/../lib/gcc/x86_64-w64-mingw32/7.2.0/../../../../x86_64-w64-mingw32/lib/../lib/libmsvcrt.a(djjws00285.o)
 .idata$4       0x0000000000408164        0x8 c:/mingw/bin/../lib/gcc/x86_64-w64-mingw32/7.2.0/../../../../x86_64-w64-mingw32/lib/../lib/libmsvcrt.a(djjws00387.o)
 .idata$4       0x000000000040816c        0x8 c:/mingw/bin/../lib/gcc/x86_64-w64-mingw32/7.2.0/../../../../x86_64-w64-mingw32/lib/../lib/libmsvcrt.a(djjws00552.o)
 .idata$4       0x0000000000408174        0x8 c:/mingw/bin/../lib/gcc/x86_64-w64-mingw32/7.2.0/../../../../x86_64-w64-mingw32/lib/../lib/libmsvcrt.a(djjws00712.o)
 .idata$4       0x000000000040817c        0x8 c:/mingw/bin/../lib/gcc/x86_64-w64-mingw32/7.2.0/../../../../x86_64-w64-mingw32/lib/../lib/libmsvcrt.a(djjws00900.o)
 .idata$4       0x0000000000408184        0x8 c:/mingw/bin/../lib/gcc/x86_64-w64-mingw32/7.2.0/../../../../x86_64-w64-mingw32/lib/../lib/libmsvcrt.a(djjws00917.o)
 .idata$4       0x000000000040818c        0x8 c:/mingw/bin/../lib/gcc/x86_64-w64-mingw32/7.2.0/../../../../x86_64-w64-mingw32/lib/../lib/libmsvcrt.a(djjws00930.o)
 .idata$4       0x0000000000408194        0x8 c:/mingw/bin/../lib/gcc/x86_64-w64-mingw32/7.2.0/../../../../x86_64-w64-mingw32/lib/../lib/libmsvcrt.a(djjws00949.o)
 .idata$4       0x000000000040819c        0x8 c:/mingw/bin/../lib/gcc/x86_64-w64-mingw32/7.2.0/../../../../x86_64-w64-mingw32/lib/../lib/libmsvcrt.a(djjws00956.o)
 .idata$4       0x00000000004081a4        0x8 c:/mingw/bin/../lib/gcc/x86_64-w64-mingw32/7.2.0/../../../../x86_64-w64-mingw32/lib/../lib/libmsvcrt.a(djjws00967.o)
 .idata$4       0x00000000004081ac        0x8 c:/mingw/bin/../lib/gcc/x86_64-w64-mingw32/7.2.0/../../../../x86_64-w64-mingw32/lib/../lib/libmsvcrt.a(djjws01013.o)
 .idata$4       0x00000000004081b4        0x8 c:/mingw/bin/../lib/gcc/x86_64-w64-mingw32/7.2.0/../../../../x86_64-w64-mingw32/lib/../lib/libmsvcrt.a(djjws01021.o)
 .idata$4       0x00000000004081bc        0x8 c:/mingw/bin/../lib/gcc/x86_64-w64-mingw32/7.2.0/../../../../x86_64-w64-mingw32/lib/../lib/libmsvcrt.a(djjws01034.o)
 .idata$4       0x00000000004081c4        0x8 c:/mingw/bin/../lib/gcc/x86_64-w64-mingw32/7.2.0/../../../../x86_64-w64-mingw32/lib/../lib/libmsvcrt.a(djjws01051.o)
 .idata$4       0x00000000004081cc        0x8 c:/mingw/bin/../lib/gcc/x86_64-w64-mingw32/7.2.0/../../../../x86_64-w64-mingw32/lib/../lib/libmsvcrt.a(djjws01072.o)
 .idata$4       0x00000000004081d4        0x8 c:/mingw/bin/../lib/gcc/x86_64-w64-mingw32/7.2.0/../../../../x86_64-w64-mingw32/lib/../lib/libmsvcrt.a(djjws01075.o)
 .idata$4       0x00000000004081dc        0x8 c:/mingw/bin/../lib/gcc/x86_64-w64-mingw32/7.2.0/../../../../x86_64-w64-mingw32/lib/../lib/libmsvcrt.a(djjws01107.o)
 .idata$4       0x00000000004081e4        0x8 c:/mingw/bin/../lib/gcc/x86_64-w64-mingw32/7.2.0/../../../../x86_64-w64-mingw32/lib/../lib/libmsvcrt.a(djjwt.o)
                0x00000000004081ec                __IAT_start__ = .
 SORT(*)(.idata$5)
 .idata$5       0x00000000004081ec        0x0 c:/mingw/bin/../lib/gcc/x86_64-w64-mingw32/7.2.0/../../../../x86_64-w64-mingw32/lib/../lib/libkernel32.a(dbjwh.o)
 .idata$5       0x00000000004081ec        0x8 c:/mingw/bin/../lib/gcc/x86_64-w64-mingw32/7.2.0/../../../../x86_64-w64-mingw32/lib/../lib/libkernel32.a(dbjws00216.o)
                0x00000000004081ec                __imp_DeleteCriticalSection
 .idata$5       0x00000000004081f4        0x8 c:/mingw/bin/../lib/gcc/x86_64-w64-mingw32/7.2.0/../../../../x86_64-w64-mingw32/lib/../lib/libkernel32.a(dbjws00249.o)
                0x00000000004081f4                __imp_EnterCriticalSection
 .idata$5       0x00000000004081fc        0x8 c:/mingw/bin/../lib/gcc/x86_64-w64-mingw32/7.2.0/../../../../x86_64-w64-mingw32/lib/../lib/libkernel32.a(dbjws00462.o)
                0x00000000004081fc                __imp_GetCurrentProcess
 .idata$5       0x0000000000408204        0x8 c:/mingw/bin/../lib/gcc/x86_64-w64-mingw32/7.2.0/../../../../x86_64-w64-mingw32/lib/../lib/libkernel32.a(dbjws00463.o)
                0x0000000000408204                __imp_GetCurrentProcessId
 .idata$5       0x000000000040820c        0x8 c:/mingw/bin/../lib/gcc/x86_64-w64-mingw32/7.2.0/../../../../x86_64-w64-mingw32/lib/../lib/libkernel32.a(dbjws00467.o)
                0x000000000040820c                __imp_GetCurrentThreadId
 .idata$5       0x0000000000408214        0x8 c:/mingw/bin/../lib/gcc/x86_64-w64-mingw32/7.2.0/../../../../x86_64-w64-mingw32/lib/../lib/libkernel32.a(dbjws00529.o)
                0x0000000000408214                __imp_GetLastError
 .idata$5       0x000000000040821c        0x8 c:/mingw/bin/../lib/gcc/x86_64-w64-mingw32/7.2.0/../../../../x86_64-w64-mingw32/lib/../lib/libkernel32.a(dbjws00628.o)
                0x000000000040821c                __imp_GetStartupInfoA
 .idata$5       0x0000000000408224        0x8 c:/mingw/bin/../lib/gcc/x86_64-w64-mingw32/7.2.0/../../../../x86_64-w64-mingw32/lib/../lib/libkernel32.a(dbjws00651.o)
                0x0000000000408224                __imp_GetSystemTimeAsFileTime
 .idata$5       0x000000000040822c        0x8 c:/mingw/bin/../lib/gcc/x86_64-w64-mingw32/7.2.0/../../../../x86_64-w64-mingw32/lib/../lib/libkernel32.a(dbjws00678.o)
                0x000000000040822c                __imp_GetTickCount
 .idata$5       0x0000000000408234        0x8 c:/mingw/bin/../lib/gcc/x86_64-w64-mingw32/7.2.0/../../../../x86_64-w64-mingw32/lib/../lib/libkernel32.a(dbjws00762.o)
                0x0000000000408234                __imp_InitializeCriticalSection
 .idata$5       0x000000000040823c        0x8 c:/mingw/bin/../lib/gcc/x86_64-w64-mingw32/7.2.0/../../../../x86_64-w64-mingw32/lib/../lib/libkernel32.a(dbjws00844.o)
                0x000000000040823c                __imp_LeaveCriticalSection
 .idata$5       0x0000000000408244        0x8 c:/mingw/bin/../lib/gcc/x86_64-w64-mingw32/7.2.0/../../../../x86_64-w64-mingw32/lib/../lib/libkernel32.a(dbjws00958.o)
                0x0000000000408244                __imp_QueryPerformanceCounter
 .idata$5       0x000000000040824c        0x8 c:/mingw/bin/../lib/gcc/x86_64-w64-mingw32/7.2.0/../../../../x86_64-w64-mingw32/lib/../lib/libkernel32.a(dbjws01029.o)
                0x000000000040824c                __imp_RtlAddFunctionTable
 .idata$5       0x0000000000408254        0x8 c:/mingw/bin/../lib/gcc/x86_64-w64-mingw32/7.2.0/../../../../x86_64-w64-mingw32/lib/../lib/libkernel32.a(dbjws01030.o)
                0x0000000000408254                __imp_RtlCaptureContext
 .idata$5       0x000000000040825c        0x8 c:/mingw/bin/../lib/gcc/x86_64-w64-mingw32/7.2.0/../../../../x86_64-w64-mingw32/lib/../lib/libkernel32.a(dbjws01037.o)
                0x000000000040825c                __imp_RtlLookupFunctionEntry
 .idata$5       0x0000000000408264        0x8 c:/mingw/bin/../lib/gcc/x86_64-w64-mingw32/7.2.0/../../../../x86_64-w64-mingw32/lib/../lib/libkernel32.a(dbjws01044.o)
                0x0000000000408264                __imp_RtlVirtualUnwind
 .idata$5       0x000000000040826c        0x8 c:/mingw/bin/../lib/gcc/x86_64-w64-mingw32/7.2.0/../../../../x86_64-w64-mingw32/lib/../lib/libkernel32.a(dbjws01187.o)
                0x000000000040826c                __imp_SetUnhandledExceptionFilter
 .idata$5       0x0000000000408274        0x8 c:/mingw/bin/../lib/gcc/x86_64-w64-mingw32/7.2.0/../../../../x86_64-w64-mingw32/lib/../lib/libkernel32.a(dbjws01200.o)
                0x0000000000408274                __imp_Sleep
 .idata$5       0x000000000040827c        0x8 c:/mingw/bin/../lib/gcc/x86_64-w64-mingw32/7.2.0/../../../../x86_64-w64-mingw32/lib/../lib/libkernel32.a(dbjws01214.o)
                0x000000000040827c                __imp_TerminateProcess
 .idata$5       0x0000000000408284        0x8 c:/mingw/bin/../lib/gcc/x86_64-w64-mingw32/7.2.0/../../../../x86_64-w64-mingw32/lib/../lib/libkernel32.a(dbjws01221.o)
                0x0000000000408284                __imp_TlsGetValue
 .idata$5       0x000000000040828c        0x8 c:/mingw/bin/../lib/gcc/x86_64-w64-mingw32/7.2.0/../../../../x86_64-w64-mingw32/lib/../lib/libkernel32.a(dbjws01234.o)
                0x000000000040828c                __imp_UnhandledExceptionFilter
 .idata$5       0x0000000000408294        0x8 c:/mingw/bin/../lib/gcc/x86_64-w64-mingw32/7.2.0/../../../../x86_64-w64-mingw32/lib/../lib/libkernel32.a(dbjws01264.o)
                0x0000000000408294                __imp_VirtualProtect
 .idata$5       0x000000000040829c        0x8 c:/mingw/bin/../lib/gcc/x86_64-w64-mingw32/7.2.0/../../../../x86_64-w64-mingw32/lib/../lib/libkernel32.a(dbjws01266.o)
                0x000000000040829c                __imp_VirtualQuery
 .idata$5       0x00000000004082a4        0x8 c:/mingw/bin/../lib/gcc/x86_64-w64-mingw32/7.2.0/../../../../x86_64-w64-mingw32/lib/../lib/libkernel32.a(dbjwt.o)
 .idata$5       0x00000000004082ac        0x0 c:/mingw/bin/../lib/gcc/x86_64-w64-mingw32/7.2.0/../../../../x86_64-w64-mingw32/lib/../lib/libmsvcrt.a(djjwh.o)
 .idata$5       0x00000000004082ac        0x8 c:/mingw/bin/../lib/gcc/x86_64-w64-mingw32/7.2.0/../../../../x86_64-w64-mingw32/lib/../lib/libmsvcrt.a(djjws00055.o)
                0x00000000004082ac                __imp___C_specific_handler
 .idata$5       0x00000000004082b4        0x8 c:/mingw/bin/../lib/gcc/x86_64-w64-mingw32/7.2.0/../../../../x86_64-w64-mingw32/lib/../lib/libmsvcrt.a(djjws00078.o)
                0x00000000004082b4                __imp___dllonexit
 .idata$5       0x00000000004082bc        0x8 c:/mingw/bin/../lib/gcc/x86_64-w64-mingw32/7.2.0/../../../../x86_64-w64-mingw32/lib/../lib/libmsvcrt.a(djjws00081.o)
                0x00000000004082bc                __imp___getmainargs
 .idata$5       0x00000000004082c4        0x8 c:/mingw/bin/../lib/gcc/x86_64-w64-mingw32/7.2.0/../../../../x86_64-w64-mingw32/lib/../lib/libmsvcrt.a(djjws00082.o)
                0x00000000004082c4                __imp___initenv
 .idata$5       0x00000000004082cc        0x8 c:/mingw/bin/../lib/gcc/x86_64-w64-mingw32/7.2.0/../../../../x86_64-w64-mingw32/lib/../lib/libmsvcrt.a(djjws00083.o)
                0x00000000004082cc                __imp___iob_func
 .idata$5       0x00000000004082d4        0x8 c:/mingw/bin/../lib/gcc/x86_64-w64-mingw32/7.2.0/../../../../x86_64-w64-mingw32/lib/../lib/libmsvcrt.a(djjws00090.o)
                0x00000000004082d4                __imp___lconv_init
 .idata$5       0x00000000004082dc        0x8 c:/mingw/bin/../lib/gcc/x86_64-w64-mingw32/7.2.0/../../../../x86_64-w64-mingw32/lib/../lib/libmsvcrt.a(djjws00096.o)
                0x00000000004082dc                __imp___set_app_type