<?xml version="1.0" encoding="ISO-8859-1" ?>
<link_info>
   <banner>TI ARM Linker PC v18.1.1.LTS</banner>
   <copyright>Copyright (c) 1996-2017 Texas Instruments Incorporated</copyright>
   <link_time>0x5c901c23</link_time>
   <link_errors>0x1</link_errors>
   <output_file>Porting_freeRTOS.out</output_file>
   <entry_point>
      <name>_c_int00_noargs</name>
      <address>0xec9</address>
   </entry_point>
   <input_file_list>
      <input_file id="fl-2">
         <path>.\</path>
         <kind>object</kind>
         <file>croutine.obj</file>
         <name>croutine.obj</name>
      </input_file>
      <input_file id="fl-3">
         <path>.\</path>
         <kind>object</kind>
         <file>event_groups.obj</file>
         <name>event_groups.obj</name>
      </input_file>
      <input_file id="fl-4">
         <path>.\</path>
         <kind>object</kind>
         <file>heap_1.obj</file>
         <name>heap_1.obj</name>
      </input_file>
      <input_file id="fl-5">
         <path>.\</path>
         <kind>object</kind>
         <file>list.obj</file>
         <name>list.obj</name>
      </input_file>
      <input_file id="fl-6">
         <path>.\</path>
         <kind>object</kind>
         <file>main.obj</file>
         <name>main.obj</name>
      </input_file>
      <input_file id="fl-7">
         <path>.\</path>
         <kind>object</kind>
         <file>port.obj</file>
         <name>port.obj</name>
      </input_file>
      <input_file id="fl-8">
         <path>.\</path>
         <kind>object</kind>
         <file>portasm.obj</file>
         <name>portasm.obj</name>
      </input_file>
      <input_file id="fl-9">
         <path>.\</path>
         <kind>object</kind>
         <file>queue.obj</file>
         <name>queue.obj</name>
      </input_file>
      <input_file id="fl-a">
         <path>.\</path>
         <kind>object</kind>
         <file>stream_buffer.obj</file>
         <name>stream_buffer.obj</name>
      </input_file>
      <input_file id="fl-b">
         <path>.\</path>
         <kind>object</kind>
         <file>timers.obj</file>
         <name>timers.obj</name>
      </input_file>
      <input_file id="fl-c">
         <path>.\</path>
         <kind>object</kind>
         <file>tm4c123gh6pm_startup_ccs.obj</file>
         <name>tm4c123gh6pm_startup_ccs.obj</name>
      </input_file>
      <input_file id="fl-d">
         <path>.\Init\</path>
         <kind>object</kind>
         <file>init.obj</file>
         <name>init.obj</name>
      </input_file>
      <input_file id="fl-e">
         <path>.\LCD\</path>
         <kind>object</kind>
         <file>LCD.obj</file>
         <name>LCD.obj</name>
      </input_file>
      <input_file id="fl-f">
         <path>.\LEDs\</path>
         <kind>object</kind>
         <file>LEDs.obj</file>
         <name>LEDs.obj</name>
      </input_file>
      <input_file id="fl-10">
         <path>.\Switch\</path>
         <kind>object</kind>
         <file>switch.obj</file>
         <name>switch.obj</name>
      </input_file>
      <input_file id="fl-15">
         <kind>object</kind>
         <file>&lt;internal&gt;</file>
         <name>&lt;internal&gt;</name>
      </input_file>
      <input_file id="fl-cb">
         <path>C:\ti\ccsv8\tools\compiler\ti-cgt-arm_18.1.1.LTS\lib\</path>
         <kind>archive</kind>
         <file>rtsv7M4_T_le_v4SPD16_eabi.lib</file>
         <name>memcpy_t2.asm.obj</name>
      </input_file>
      <input_file id="fl-cc">
         <path>C:\ti\ccsv8\tools\compiler\ti-cgt-arm_18.1.1.LTS\lib\</path>
         <kind>archive</kind>
         <file>rtsv7M4_T_le_v4SPD16_eabi.lib</file>
         <name>memset_t2.asm.obj</name>
      </input_file>
      <input_file id="fl-cd">
         <path>C:\ti\ccsv8\tools\compiler\ti-cgt-arm_18.1.1.LTS\lib\</path>
         <kind>archive</kind>
         <file>rtsv7M4_T_le_v4SPD16_eabi.lib</file>
         <name>copy_zero_init.c.obj</name>
      </input_file>
      <input_file id="fl-ce">
         <path>C:\ti\ccsv8\tools\compiler\ti-cgt-arm_18.1.1.LTS\lib\</path>
         <kind>archive</kind>
         <file>rtsv7M4_T_le_v4SPD16_eabi.lib</file>
         <name>copy_decompress_none.c.obj</name>
      </input_file>
      <input_file id="fl-cf">
         <path>C:\ti\ccsv8\tools\compiler\ti-cgt-arm_18.1.1.LTS\lib\</path>
         <kind>archive</kind>
         <file>rtsv7M4_T_le_v4SPD16_eabi.lib</file>
         <name>copy_decompress_lzss.c.obj</name>
      </input_file>
      <input_file id="fl-d0">
         <path>C:\ti\ccsv8\tools\compiler\ti-cgt-arm_18.1.1.LTS\lib\</path>
         <kind>archive</kind>
         <file>rtsv7M4_T_le_v4SPD16_eabi.lib</file>
         <name>boot_cortex_m.c.obj</name>
      </input_file>
      <input_file id="fl-d1">
         <path>C:\ti\ccsv8\tools\compiler\ti-cgt-arm_18.1.1.LTS\lib\</path>
         <kind>archive</kind>
         <file>rtsv7M4_T_le_v4SPD16_eabi.lib</file>
         <name>exit.c.obj</name>
      </input_file>
      <input_file id="fl-d2">
         <path>C:\ti\ccsv8\tools\compiler\ti-cgt-arm_18.1.1.LTS\lib\</path>
         <kind>archive</kind>
         <file>rtsv7M4_T_le_v4SPD16_eabi.lib</file>
         <name>_lock.c.obj</name>
      </input_file>
      <input_file id="fl-d3">
         <path>C:\ti\ccsv8\tools\compiler\ti-cgt-arm_18.1.1.LTS\lib\</path>
         <kind>archive</kind>
         <file>rtsv7M4_T_le_v4SPD16_eabi.lib</file>
         <name>args_main.c.obj</name>
      </input_file>
      <input_file id="fl-d4">
         <path>C:\ti\ccsv8\tools\compiler\ti-cgt-arm_18.1.1.LTS\lib\</path>
         <kind>archive</kind>
         <file>rtsv7M4_T_le_v4SPD16_eabi.lib</file>
         <name>autoinit.c.obj</name>
      </input_file>
      <input_file id="fl-d5">
         <path>C:\ti\ccsv8\tools\compiler\ti-cgt-arm_18.1.1.LTS\lib\</path>
         <kind>archive</kind>
         <file>rtsv7M4_T_le_v4SPD16_eabi.lib</file>
         <name>pre_init.c.obj</name>
      </input_file>
      <input_file id="fl-d6">
         <path>C:\ti\ccsv8\tools\compiler\ti-cgt-arm_18.1.1.LTS\lib\</path>
         <kind>archive</kind>
         <file>rtsv7M4_T_le_v4SPD16_eabi.lib</file>
         <name>cpy_tbl.c.obj</name>
      </input_file>
      <input_file id="fl-d7">
         <path>C:\ti\TivaWare_C_Series-2.1.4.178\driverlib\ccs\Debug\</path>
         <kind>archive</kind>
         <file>driverlib.lib</file>
         <name>gpio.obj</name>
      </input_file>
      <input_file id="fl-d8">
         <path>C:\ti\TivaWare_C_Series-2.1.4.178\driverlib\ccs\Debug\</path>
         <kind>archive</kind>
         <file>driverlib.lib</file>
         <name>interrupt.obj</name>
      </input_file>
      <input_file id="fl-d9">
         <path>C:\ti\TivaWare_C_Series-2.1.4.178\driverlib\ccs\Debug\</path>
         <kind>archive</kind>
         <file>driverlib.lib</file>
         <name>sysctl.obj</name>
      </input_file>
      <input_file id="fl-da">
         <path>C:\ti\TivaWare_C_Series-2.1.4.178\driverlib\ccs\Debug\</path>
         <kind>archive</kind>
         <file>driverlib.lib</file>
         <name>cpu.obj</name>
      </input_file>
   </input_file_list>
   <object_component_list>
      <object_component id="oc-f">
         <name>.intvecs</name>
         <load_address>0x0</load_address>
         <run_address>0x0</run_address>
         <size>0x26c</size>
         <input_file_ref idref="fl-c"/>
      </object_component>
      <object_component id="oc-1a1">
         <name>.text</name>
         <load_address>0x26c</load_address>
         <run_address>0x26c</run_address>
         <size>0x3c8</size>
         <input_file_ref idref="fl-3"/>
      </object_component>
      <object_component id="oc-195">
         <name>.text:GPIOPadConfigSet</name>
         <load_address>0x634</load_address>
         <run_address>0x634</run_address>
         <size>0x132</size>
         <input_file_ref idref="fl-d7"/>
      </object_component>
      <object_component id="oc-1f4">
         <name>.text</name>
         <load_address>0x766</load_address>
         <run_address>0x766</run_address>
         <size>0x12a</size>
         <input_file_ref idref="fl-5"/>
      </object_component>
      <object_component id="oc-2f">
         <name>.text</name>
         <load_address>0x890</load_address>
         <run_address>0x890</run_address>
         <size>0x128</size>
         <input_file_ref idref="fl-7"/>
      </object_component>
      <object_component id="oc-14a">
         <name>.text</name>
         <load_address>0x9b8</load_address>
         <run_address>0x9b8</run_address>
         <size>0xe8</size>
         <input_file_ref idref="fl-10"/>
      </object_component>
      <object_component id="oc-2a">
         <name>.text</name>
         <load_address>0xaa0</load_address>
         <run_address>0xaa0</run_address>
         <size>0xd2</size>
         <input_file_ref idref="fl-8"/>
      </object_component>
      <object_component id="oc-1ee">
         <name>.text</name>
         <load_address>0xb74</load_address>
         <run_address>0xb74</run_address>
         <size>0x9c</size>
         <input_file_ref idref="fl-4"/>
      </object_component>
      <object_component id="oc-43">
         <name>.text</name>
         <load_address>0xc10</load_address>
         <run_address>0xc10</run_address>
         <size>0x9c</size>
         <input_file_ref idref="fl-cb"/>
      </object_component>
      <object_component id="oc-aa">
         <name>.text</name>
         <load_address>0xcac</load_address>
         <run_address>0xcac</run_address>
         <size>0x7a</size>
         <input_file_ref idref="fl-cc"/>
      </object_component>
      <object_component id="oc-b6">
         <name>.text</name>
         <load_address>0xd28</load_address>
         <run_address>0xd28</run_address>
         <size>0x6c</size>
         <input_file_ref idref="fl-6"/>
      </object_component>
      <object_component id="oc-12">
         <name>.text:decompress:lzss:__TI_decompress_lzss</name>
         <load_address>0xd94</load_address>
         <run_address>0xd94</run_address>
         <size>0x68</size>
         <input_file_ref idref="fl-cf"/>
      </object_component>
      <object_component id="oc-fe">
         <name>.text</name>
         <load_address>0xdfc</load_address>
         <run_address>0xdfc</run_address>
         <size>0x50</size>
         <input_file_ref idref="fl-f"/>
      </object_component>
      <object_component id="oc-111">
         <name>.text:__TI_auto_init_nobinit_nopinit:__TI_auto_init_nobinit_nopinit</name>
         <load_address>0xe4c</load_address>
         <run_address>0xe4c</run_address>
         <size>0x44</size>
         <input_file_ref idref="fl-d4"/>
      </object_component>
      <object_component id="oc-189">
         <name>.text:SysCtlPeripheralReady</name>
         <load_address>0xe90</load_address>
         <run_address>0xe90</run_address>
         <size>0x38</size>
         <input_file_ref idref="fl-d9"/>
      </object_component>
      <object_component id="oc-61">
         <name>.text:_c_int00_noargs:_c_int00_noargs</name>
         <load_address>0xec8</load_address>
         <run_address>0xec8</run_address>
         <size>0x38</size>
         <input_file_ref idref="fl-d0"/>
      </object_component>
      <object_component id="oc-152">
         <name>.text:SysCtlPeripheralEnable</name>
         <load_address>0xf00</load_address>
         <run_address>0xf00</run_address>
         <size>0x34</size>
         <input_file_ref idref="fl-d9"/>
      </object_component>
      <object_component id="oc-1b7">
         <name>.text:GPIODirModeSet</name>
         <load_address>0xf34</load_address>
         <run_address>0xf34</run_address>
         <size>0x2a</size>
         <input_file_ref idref="fl-d7"/>
      </object_component>
      <object_component id="oc-158">
         <name>.text:GPIOPinTypeGPIOOutput</name>
         <load_address>0xf5e</load_address>
         <run_address>0xf5e</run_address>
         <size>0x18</size>
         <input_file_ref idref="fl-d7"/>
      </object_component>
      <object_component id="oc-f8">
         <name>.text</name>
         <load_address>0xf76</load_address>
         <run_address>0xf76</run_address>
         <size>0x14</size>
         <input_file_ref idref="fl-d"/>
      </object_component>
      <object_component id="oc-18f">
         <name>.text:GPIOPinTypeGPIOInput</name>
         <load_address>0xf8a</load_address>
         <run_address>0xf8a</run_address>
         <size>0x12</size>
         <input_file_ref idref="fl-d7"/>
      </object_component>
      <object_component id="oc-18">
         <name>.text:decompress:none:__TI_decompress_none</name>
         <load_address>0xf9c</load_address>
         <run_address>0xf9c</run_address>
         <size>0xe</size>
         <input_file_ref idref="fl-ce"/>
      </object_component>
      <object_component id="oc-55">
         <name>.text:decompress:ZI:__TI_zero_init</name>
         <load_address>0xfaa</load_address>
         <run_address>0xfaa</run_address>
         <size>0xc</size>
         <input_file_ref idref="fl-cd"/>
      </object_component>
      <object_component id="oc-24">
         <name>.text</name>
         <load_address>0xfb6</load_address>
         <run_address>0xfb6</run_address>
         <size>0xc</size>
         <input_file_ref idref="fl-c"/>
      </object_component>
      <object_component id="oc-19b">
         <name>.text:GPIOPinRead</name>
         <load_address>0xfc2</load_address>
         <run_address>0xfc2</run_address>
         <size>0x6</size>
         <input_file_ref idref="fl-d7"/>
      </object_component>
      <object_component id="oc-15e">
         <name>.text:GPIOPinWrite</name>
         <load_address>0xfc8</load_address>
         <run_address>0xfc8</run_address>
         <size>0x6</size>
         <input_file_ref idref="fl-d7"/>
      </object_component>
      <object_component id="oc-b0">
         <name>.text:_system_pre_init</name>
         <load_address>0xfce</load_address>
         <run_address>0xfce</run_address>
         <size>0x4</size>
         <input_file_ref idref="fl-d5"/>
      </object_component>
      <object_component id="oc-105">
         <name>.text:abort:abort</name>
         <load_address>0xfd2</load_address>
         <run_address>0xfd2</run_address>
         <size>0x4</size>
         <input_file_ref idref="fl-d1"/>
      </object_component>
      <object_component id="oc-76">
         <name>.const</name>
         <load_address>0xfd8</load_address>
         <run_address>0xfd8</run_address>
         <size>0x4</size>
         <input_file_ref idref="fl-7"/>
      </object_component>
      <object_component id="oc-277">
         <name>.cinit..data.load</name>
         <load_address>0xfe0</load_address>
         <run_address>0xfe0</run_address>
         <size>0xc</size>
      </object_component>
      <object_component id="oc-275">
         <name>__TI_handler_table</name>
         <load_address>0xfec</load_address>
         <run_address>0xfec</run_address>
         <size>0xc</size>
      </object_component>
      <object_component id="oc-278">
         <name>.cinit..bss.load</name>
         <load_address>0xff8</load_address>
         <run_address>0xff8</run_address>
         <size>0x8</size>
      </object_component>
      <object_component id="oc-276">
         <name>__TI_cinit_table</name>
         <load_address>0x1000</load_address>
         <run_address>0x1000</run_address>
         <size>0x10</size>
      </object_component>
      <object_component id="oc-228">
         <name>.data</name>
         <load_address>0x20007738</load_address>
         <run_address>0x20007738</run_address>
         <size>0x8</size>
         <input_file_ref idref="fl-4"/>
      </object_component>
      <object_component id="oc-7a">
         <name>.data</name>
         <load_address>0x20007740</load_address>
         <run_address>0x20007740</run_address>
         <size>0x4</size>
         <input_file_ref idref="fl-7"/>
      </object_component>
      <object_component id="oc-164">
         <name>.data</name>
         <load_address>0x20007746</load_address>
         <run_address>0x20007746</run_address>
         <size>0x1</size>
         <input_file_ref idref="fl-f"/>
      </object_component>
      <object_component id="oc-1a7">
         <name>.data</name>
         <load_address>0x20007744</load_address>
         <run_address>0x20007744</run_address>
         <size>0x2</size>
         <input_file_ref idref="fl-10"/>
      </object_component>
      <object_component id="oc-22b">
         <name>.bss:ucHeap</name>
         <uninitialized>true</uninitialized>
         <run_address>0x20000000</run_address>
         <size>0x7530</size>
         <input_file_ref idref="fl-4"/>
      </object_component>
      <object_component id="oc-1aa">
         <name>.common:xCreatedEventGroup_button</name>
         <uninitialized>true</uninitialized>
         <run_address>0x20007530</run_address>
         <size>0x4</size>
      </object_component>
      <object_component id="oc-21">
         <name>.stack</name>
         <uninitialized>true</uninitialized>
         <run_address>0x20007538</run_address>
         <size>0x4</size>
         <input_file_ref idref="fl-d0"/>
      </object_component>
      <object_component id="oc-279">
         <name>.stack</name>
         <uninitialized>true</uninitialized>
         <run_address>0x20007538</run_address>
         <size>0x0</size>
      </object_component>
      <object_component id="oc-e2">
         <name>.debug_info</name>
         <load_address>0x0</load_address>
         <run_address>0x0</run_address>
         <size>0x1dc</size>
         <input_file_ref idref="fl-2"/>
      </object_component>
      <object_component id="oc-d3">
         <name>.debug_info</name>
         <load_address>0x1dc</load_address>
         <run_address>0x1dc</run_address>
         <size>0x315</size>
         <input_file_ref idref="fl-2"/>
      </object_component>
      <object_component id="oc-8b">
         <name>.debug_info</name>
         <load_address>0x4f1</load_address>
         <run_address>0x4f1</run_address>
         <size>0x26b</size>
         <input_file_ref idref="fl-2"/>
      </object_component>
      <object_component id="oc-dd">
         <name>.debug_info</name>
         <load_address>0x75c</load_address>
         <run_address>0x75c</run_address>
         <size>0x461</size>
         <input_file_ref idref="fl-2"/>
      </object_component>
      <object_component id="oc-3e">
         <name>.debug_info</name>
         <load_address>0xbbd</load_address>
         <run_address>0xbbd</run_address>
         <size>0x84</size>
         <input_file_ref idref="fl-2"/>
      </object_component>
      <object_component id="oc-145">
         <name>.debug_info</name>
         <load_address>0xc41</load_address>
         <run_address>0xc41</run_address>
         <size>0xcc</size>
         <input_file_ref idref="fl-2"/>
      </object_component>
      <object_component id="oc-7f">
         <name>.debug_info</name>
         <load_address>0xd0d</load_address>
         <run_address>0xd0d</run_address>
         <size>0x2c</size>
         <input_file_ref idref="fl-2"/>
      </object_component>
      <object_component id="oc-e3">
         <name>.debug_info</name>
         <load_address>0xd39</load_address>
         <run_address>0xd39</run_address>
         <size>0x297</size>
         <input_file_ref idref="fl-2"/>
      </object_component>
      <object_component id="oc-90">
         <name>.debug_info</name>
         <load_address>0xfd0</load_address>
         <run_address>0xfd0</run_address>
         <size>0xbb</size>
         <input_file_ref idref="fl-2"/>
      </object_component>
      <object_component id="oc-ce">
         <name>.debug_info</name>
         <load_address>0x108b</load_address>
         <run_address>0x108b</run_address>
         <size>0x53</size>
         <input_file_ref idref="fl-2"/>
      </object_component>
      <object_component id="oc-84">
         <name>.debug_info</name>
         <load_address>0x10de</load_address>
         <run_address>0x10de</run_address>
         <size>0x53</size>
         <input_file_ref idref="fl-2"/>
      </object_component>
      <object_component id="oc-d8">
         <name>.debug_info</name>
         <load_address>0x1131</load_address>
         <run_address>0x1131</run_address>
         <size>0x14c</size>
         <input_file_ref idref="fl-2"/>
      </object_component>
      <object_component id="oc-200">
         <name>.debug_info</name>
         <load_address>0x127d</load_address>
         <run_address>0x127d</run_address>
         <size>0x62c</size>
         <input_file_ref idref="fl-3"/>
      </object_component>
      <object_component id="oc-1a2">
         <name>.debug_info</name>
         <load_address>0x18a9</load_address>
         <run_address>0x18a9</run_address>
         <size>0x1403</size>
         <input_file_ref idref="fl-3"/>
      </object_component>
      <object_component id="oc-230">
         <name>.debug_info</name>
         <load_address>0x2cac</load_address>
         <run_address>0x2cac</run_address>
         <size>0x110</size>
         <input_file_ref idref="fl-3"/>
      </object_component>
      <object_component id="oc-23e">
         <name>.debug_info</name>
         <load_address>0x2dbc</load_address>
         <run_address>0x2dbc</run_address>
         <size>0x461</size>
         <input_file_ref idref="fl-3"/>
      </object_component>
      <object_component id="oc-239">
         <name>.debug_info</name>
         <load_address>0x321d</load_address>
         <run_address>0x321d</run_address>
         <size>0x76</size>
         <input_file_ref idref="fl-3"/>
      </object_component>
      <object_component id="oc-1fb">
         <name>.debug_info</name>
         <load_address>0x3293</load_address>
         <run_address>0x3293</run_address>
         <size>0x39</size>
         <input_file_ref idref="fl-3"/>
      </object_component>
      <object_component id="oc-20a">
         <name>.debug_info</name>
         <load_address>0x32cc</load_address>
         <run_address>0x32cc</run_address>
         <size>0x4f</size>
         <input_file_ref idref="fl-3"/>
      </object_component>
      <object_component id="oc-22f">
         <name>.debug_info</name>
         <load_address>0x331b</load_address>
         <run_address>0x331b</run_address>
         <size>0x3eb</size>
         <input_file_ref idref="fl-4"/>
      </object_component>
      <object_component id="oc-22c">
         <name>.debug_info</name>
         <load_address>0x3706</load_address>
         <run_address>0x3706</run_address>
         <size>0xd2</size>
         <input_file_ref idref="fl-4"/>
      </object_component>
      <object_component id="oc-229">
         <name>.debug_info</name>
         <load_address>0x37d8</load_address>
         <run_address>0x37d8</run_address>
         <size>0xe0</size>
         <input_file_ref idref="fl-4"/>
      </object_component>
      <object_component id="oc-1ef">
         <name>.debug_info</name>
         <load_address>0x38b8</load_address>
         <run_address>0x38b8</run_address>
         <size>0x2e8</size>
         <input_file_ref idref="fl-4"/>
      </object_component>
      <object_component id="oc-236">
         <name>.debug_info</name>
         <load_address>0x3ba0</load_address>
         <run_address>0x3ba0</run_address>
         <size>0x35e</size>
         <input_file_ref idref="fl-5"/>
      </object_component>
      <object_component id="oc-1f5">
         <name>.debug_info</name>
         <load_address>0x3efe</load_address>
         <run_address>0x3efe</run_address>
         <size>0x44a</size>
         <input_file_ref idref="fl-5"/>
      </object_component>
      <object_component id="oc-b7">
         <name>.debug_info</name>
         <load_address>0x4348</load_address>
         <run_address>0x4348</run_address>
         <size>0x14b</size>
         <input_file_ref idref="fl-6"/>
      </object_component>
      <object_component id="oc-7e">
         <name>.debug_info</name>
         <load_address>0x4493</load_address>
         <run_address>0x4493</run_address>
         <size>0x434</size>
         <input_file_ref idref="fl-7"/>
      </object_component>
      <object_component id="oc-77">
         <name>.debug_info</name>
         <load_address>0x48c7</load_address>
         <run_address>0x48c7</run_address>
         <size>0x150</size>
         <input_file_ref idref="fl-7"/>
      </object_component>
      <object_component id="oc-7b">
         <name>.debug_info</name>
         <load_address>0x4a17</load_address>
         <run_address>0x4a17</run_address>
         <size>0x137</size>
         <input_file_ref idref="fl-7"/>
      </object_component>
      <object_component id="oc-30">
         <name>.debug_info</name>
         <load_address>0x4b4e</load_address>
         <run_address>0x4b4e</run_address>
         <size>0xa0a</size>
         <input_file_ref idref="fl-7"/>
      </object_component>
      <object_component id="oc-2b">
         <name>.debug_info</name>
         <load_address>0x5558</load_address>
         <run_address>0x5558</run_address>
         <size>0x288</size>
         <input_file_ref idref="fl-8"/>
      </object_component>
      <object_component id="oc-ef">
         <name>.debug_info</name>
         <load_address>0x57e0</load_address>
         <run_address>0x57e0</run_address>
         <size>0x2c</size>
         <input_file_ref idref="fl-a"/>
      </object_component>
      <object_component id="oc-37">
         <name>.debug_info</name>
         <load_address>0x580c</load_address>
         <run_address>0x580c</run_address>
         <size>0x332</size>
         <input_file_ref idref="fl-c"/>
      </object_component>
      <object_component id="oc-10">
         <name>.debug_info</name>
         <load_address>0x5b3e</load_address>
         <run_address>0x5b3e</run_address>
         <size>0xf1</size>
         <input_file_ref idref="fl-c"/>
      </object_component>
      <object_component id="oc-25">
         <name>.debug_info</name>
         <load_address>0x5c2f</load_address>
         <run_address>0x5c2f</run_address>
         <size>0x26d</size>
         <input_file_ref idref="fl-c"/>
      </object_component>
      <object_component id="oc-151">
         <name>.debug_info</name>
         <load_address>0x5e9c</load_address>
         <run_address>0x5e9c</run_address>
         <size>0x3c3</size>
         <input_file_ref idref="fl-d"/>
      </object_component>
      <object_component id="oc-f9">
         <name>.debug_info</name>
         <load_address>0x625f</load_address>
         <run_address>0x625f</run_address>
         <size>0x156</size>
         <input_file_ref idref="fl-d"/>
      </object_component>
      <object_component id="oc-243">
         <name>.debug_info</name>
         <load_address>0x63b5</load_address>
         <run_address>0x63b5</run_address>
         <size>0x5a9</size>
         <input_file_ref idref="fl-e"/>
      </object_component>
      <object_component id="oc-205">
         <name>.debug_info</name>
         <load_address>0x695e</load_address>
         <run_address>0x695e</run_address>
         <size>0x42</size>
         <input_file_ref idref="fl-e"/>
      </object_component>
      <object_component id="oc-1e6">
         <name>.debug_info</name>
         <load_address>0x69a0</load_address>
         <run_address>0x69a0</run_address>
         <size>0x8b</size>
         <input_file_ref idref="fl-e"/>
      </object_component>
      <object_component id="oc-168">
         <name>.debug_info</name>
         <load_address>0x6a2b</load_address>
         <run_address>0x6a2b</run_address>
         <size>0x445</size>
         <input_file_ref idref="fl-f"/>
      </object_component>
      <object_component id="oc-165">
         <name>.debug_info</name>
         <load_address>0x6e70</load_address>
         <run_address>0x6e70</run_address>
         <size>0xd2</size>
         <input_file_ref idref="fl-f"/>
      </object_component>
      <object_component id="oc-ff">
         <name>.debug_info</name>
         <load_address>0x6f42</load_address>
         <run_address>0x6f42</run_address>
         <size>0x208</size>
         <input_file_ref idref="fl-f"/>
      </object_component>
      <object_component id="oc-1ab">
         <name>.debug_info</name>
         <load_address>0x714a</load_address>
         <run_address>0x714a</run_address>
         <size>0x597</size>
         <input_file_ref idref="fl-10"/>
      </object_component>
      <object_component id="oc-1a8">
         <name>.debug_info</name>
         <load_address>0x76e1</load_address>
         <run_address>0x76e1</run_address>
         <size>0xf5</size>
         <input_file_ref idref="fl-10"/>
      </object_component>
      <object_component id="oc-14b">
         <name>.debug_info</name>
         <load_address>0x77d6</load_address>
         <run_address>0x77d6</run_address>
         <size>0x2e3</size>
         <input_file_ref idref="fl-10"/>
      </object_component>
      <object_component id="oc-44">
         <name>.debug_info</name>
         <load_address>0x7ab9</load_address>
         <run_address>0x7ab9</run_address>
         <size>0x111</size>
         <input_file_ref idref="fl-cb"/>
      </object_component>
      <object_component id="oc-ac">
         <name>.debug_info</name>
         <load_address>0x7bca</load_address>
         <run_address>0x7bca</run_address>
         <size>0x13f</size>
         <input_file_ref idref="fl-cc"/>
      </object_component>
      <object_component id="oc-a9">
         <name>.debug_info</name>
         <load_address>0x7d09</load_address>
         <run_address>0x7d09</run_address>
         <size>0x313</size>
         <input_file_ref idref="fl-cd"/>
      </object_component>
      <object_component id="oc-59">
         <name>.debug_info</name>
         <load_address>0x801c</load_address>
         <run_address>0x801c</run_address>
         <size>0x1aa</size>
         <input_file_ref idref="fl-cd"/>
      </object_component>
      <object_component id="oc-a4">
         <name>.debug_info</name>
         <load_address>0x81c6</load_address>
         <run_address>0x81c6</run_address>
         <size>0x46</size>
         <input_file_ref idref="fl-cd"/>
      </object_component>
      <object_component id="oc-4e">
         <name>.debug_info</name>
         <load_address>0x820c</load_address>
         <run_address>0x820c</run_address>
         <size>0x29d</size>
         <input_file_ref idref="fl-ce"/>
      </object_component>
      <object_component id="oc-19">
         <name>.debug_info</name>
         <load_address>0x84a9</load_address>
         <run_address>0x84a9</run_address>
         <size>0x1df</size>
         <input_file_ref idref="fl-ce"/>
      </object_component>
      <object_component id="oc-49">
         <name>.debug_info</name>
         <load_address>0x8688</load_address>
         <run_address>0x8688</run_address>
         <size>0x46</size>
         <input_file_ref idref="fl-ce"/>
      </object_component>
      <object_component id="oc-9c">
         <name>.debug_info</name>
         <load_address>0x86ce</load_address>
         <run_address>0x86ce</run_address>
         <size>0x2c</size>
         <input_file_ref idref="fl-ce"/>
      </object_component>
      <object_component id="oc-9a">
         <name>.debug_info</name>
         <load_address>0x86fa</load_address>
         <run_address>0x86fa</run_address>
         <size>0x293</size>
         <input_file_ref idref="fl-cf"/>
      </object_component>
      <object_component id="oc-13">
         <name>.debug_info</name>
         <load_address>0x898d</load_address>
         <run_address>0x898d</run_address>
         <size>0x245</size>
         <input_file_ref idref="fl-cf"/>
      </object_component>
      <object_component id="oc-39">
         <name>.debug_info</name>
         <load_address>0x8bd2</load_address>
         <run_address>0x8bd2</run_address>
         <size>0x60</size>
         <input_file_ref idref="fl-cf"/>
      </object_component>
      <object_component id="oc-e8">
         <name>.debug_info</name>
         <load_address>0x8c32</load_address>
         <run_address>0x8c32</run_address>
         <size>0x46</size>
         <input_file_ref idref="fl-cf"/>
      </object_component>
      <object_component id="oc-95">
         <name>.debug_info</name>
         <load_address>0x8c78</load_address>
         <run_address>0x8c78</run_address>
         <size>0x39</size>
         <input_file_ref idref="fl-cf"/>
      </object_component>
      <object_component id="oc-22">
         <name>.debug_info</name>
         <load_address>0x8cb1</load_address>
         <run_address>0x8cb1</run_address>
         <size>0x100</size>
         <input_file_ref idref="fl-d0"/>
      </object_component>
      <object_component id="oc-65">
         <name>.debug_info</name>
         <load_address>0x8db1</load_address>
         <run_address>0x8db1</run_address>
         <size>0x1a4</size>
         <input_file_ref idref="fl-d0"/>
      </object_component>
      <object_component id="oc-108">
         <name>.debug_info</name>
         <load_address>0x8f55</load_address>
         <run_address>0x8f55</run_address>
         <size>0x117</size>
         <input_file_ref idref="fl-d1"/>
      </object_component>
      <object_component id="oc-174">
         <name>.debug_info</name>
         <load_address>0x906c</load_address>
         <run_address>0x906c</run_address>
         <size>0x547</size>
         <input_file_ref idref="fl-d4"/>
      </object_component>
      <object_component id="oc-114">
         <name>.debug_info</name>
         <load_address>0x95b3</load_address>
         <run_address>0x95b3</run_address>
         <size>0x19b</size>
         <input_file_ref idref="fl-d4"/>
      </object_component>
      <object_component id="oc-1d4">
         <name>.debug_info</name>
         <load_address>0x974e</load_address>
         <run_address>0x974e</run_address>
         <size>0x39</size>
         <input_file_ref idref="fl-d4"/>
      </object_component>
      <object_component id="oc-21c">
         <name>.debug_info</name>
         <load_address>0x9787</load_address>
         <run_address>0x9787</run_address>
         <size>0x39</size>
         <input_file_ref idref="fl-d4"/>
      </object_component>
      <object_component id="oc-1d9">
         <name>.debug_info</name>
         <load_address>0x97c0</load_address>
         <run_address>0x97c0</run_address>
         <size>0x39</size>
         <input_file_ref idref="fl-d4"/>
      </object_component>
      <object_component id="oc-1de">
         <name>.debug_info</name>
         <load_address>0x97f9</load_address>
         <run_address>0x97f9</run_address>
         <size>0xcd</size>
         <input_file_ref idref="fl-d4"/>
      </object_component>
      <object_component id="oc-b3">
         <name>.debug_info</name>
         <load_address>0x98c6</load_address>
         <run_address>0x98c6</run_address>
         <size>0x148</size>
         <input_file_ref idref="fl-d5"/>
      </object_component>
      <object_component id="oc-1be">
         <name>.debug_info</name>
         <load_address>0x9a0e</load_address>
         <run_address>0x9a0e</run_address>
         <size>0x240</size>
         <input_file_ref idref="fl-d7"/>
      </object_component>
      <object_component id="oc-161">
         <name>.debug_info</name>
         <load_address>0x9c4e</load_address>
         <run_address>0x9c4e</run_address>
         <size>0x2a3</size>
         <input_file_ref idref="fl-d7"/>
      </object_component>
      <object_component id="oc-1ba">
         <name>.debug_info</name>
         <load_address>0x9ef1</load_address>
         <run_address>0x9ef1</run_address>
         <size>0x2b3</size>
         <input_file_ref idref="fl-d7"/>
      </object_component>
      <object_component id="oc-198">
         <name>.debug_info</name>
         <load_address>0xa1a4</load_address>
         <run_address>0xa1a4</run_address>
         <size>0x316</size>
         <input_file_ref idref="fl-d7"/>
      </object_component>
      <object_component id="oc-15b">
         <name>.debug_info</name>
         <load_address>0xa4ba</load_address>
         <run_address>0xa4ba</run_address>
         <size>0x2b7</size>
         <input_file_ref idref="fl-d7"/>
      </object_component>
      <object_component id="oc-192">
         <name>.debug_info</name>
         <load_address>0xa771</load_address>
         <run_address>0xa771</run_address>
         <size>0x285</size>
         <input_file_ref idref="fl-d7"/>
      </object_component>
      <object_component id="oc-19e">
         <name>.debug_info</name>
         <load_address>0xa9f6</load_address>
         <run_address>0xa9f6</run_address>
         <size>0x27b</size>
         <input_file_ref idref="fl-d7"/>
      </object_component>
      <object_component id="oc-1b1">
         <name>.debug_info</name>
         <load_address>0xac71</load_address>
         <run_address>0xac71</run_address>
         <size>0x18b</size>
         <input_file_ref idref="fl-d7"/>
      </object_component>
      <object_component id="oc-1b6">
         <name>.debug_info</name>
         <load_address>0xadfc</load_address>
         <run_address>0xadfc</run_address>
         <size>0x298</size>
         <input_file_ref idref="fl-d9"/>
      </object_component>
      <object_component id="oc-18a">
         <name>.debug_info</name>
         <load_address>0xb094</load_address>
         <run_address>0xb094</run_address>
         <size>0x27f</size>
         <input_file_ref idref="fl-d9"/>
      </object_component>
      <object_component id="oc-153">
         <name>.debug_info</name>
         <load_address>0xb313</load_address>
         <run_address>0xb313</run_address>
         <size>0x27d</size>
         <input_file_ref idref="fl-d9"/>
      </object_component>
      <object_component id="oc-211">
         <name>.debug_info</name>
         <load_address>0xb590</load_address>
         <run_address>0xb590</run_address>
         <size>0x5f</size>
         <input_file_ref idref="fl-d9"/>
      </object_component>
      <object_component id="oc-27a">
         <name>.debug_info</name>
         <load_address>0xb5ef</load_address>
         <run_address>0xb5ef</run_address>
         <size>0xa7</size>
      </object_component>
      <object_component id="oc-144">
         <name>.debug_line</name>
         <load_address>0x0</load_address>
         <run_address>0x0</run_address>
         <size>0x20</size>
         <input_file_ref idref="fl-2"/>
      </object_component>
      <object_component id="oc-d6">
         <name>.debug_line</name>
         <load_address>0x20</load_address>
         <run_address>0x20</run_address>
         <size>0x2d</size>
         <input_file_ref idref="fl-2"/>
      </object_component>
      <object_component id="oc-8e">
         <name>.debug_line</name>
         <load_address>0x4d</load_address>
         <run_address>0x4d</run_address>
         <size>0x69</size>
         <input_file_ref idref="fl-2"/>
      </object_component>
      <object_component id="oc-e0">
         <name>.debug_line</name>
         <load_address>0xb6</load_address>
         <run_address>0xb6</run_address>
         <size>0x31</size>
         <input_file_ref idref="fl-2"/>
      </object_component>
      <object_component id="oc-41">
         <name>.debug_line</name>
         <load_address>0xe7</load_address>
         <run_address>0xe7</run_address>
         <size>0x20</size>
         <input_file_ref idref="fl-2"/>
      </object_component>
      <object_component id="oc-148">
         <name>.debug_line</name>
         <load_address>0x107</load_address>
         <run_address>0x107</run_address>
         <size>0x31</size>
         <input_file_ref idref="fl-2"/>
      </object_component>
      <object_component id="oc-82">
         <name>.debug_line</name>
         <load_address>0x138</load_address>
         <run_address>0x138</run_address>
         <size>0x31</size>
         <input_file_ref idref="fl-2"/>
      </object_component>
      <object_component id="oc-e6">
         <name>.debug_line</name>
         <load_address>0x169</load_address>
         <run_address>0x169</run_address>
         <size>0x6d</size>
         <input_file_ref idref="fl-2"/>
      </object_component>
      <object_component id="oc-93">
         <name>.debug_line</name>
         <load_address>0x1d6</load_address>
         <run_address>0x1d6</run_address>
         <size>0x6a</size>
         <input_file_ref idref="fl-2"/>
      </object_component>
      <object_component id="oc-d1">
         <name>.debug_line</name>
         <load_address>0x240</load_address>
         <run_address>0x240</run_address>
         <size>0x65</size>
         <input_file_ref idref="fl-2"/>
      </object_component>
      <object_component id="oc-87">
         <name>.debug_line</name>
         <load_address>0x2a5</load_address>
         <run_address>0x2a5</run_address>
         <size>0x32</size>
         <input_file_ref idref="fl-2"/>
      </object_component>
      <object_component id="oc-db">
         <name>.debug_line</name>
         <load_address>0x2d7</load_address>
         <run_address>0x2d7</run_address>
         <size>0x2d</size>
         <input_file_ref idref="fl-2"/>
      </object_component>
      <object_component id="oc-238">
         <name>.debug_line</name>
         <load_address>0x304</load_address>
         <run_address>0x304</run_address>
         <size>0x5d</size>
         <input_file_ref idref="fl-3"/>
      </object_component>
      <object_component id="oc-1a5">
         <name>.debug_line</name>
         <load_address>0x361</load_address>
         <run_address>0x361</run_address>
         <size>0x320</size>
         <input_file_ref idref="fl-3"/>
      </object_component>
      <object_component id="oc-233">
         <name>.debug_line</name>
         <load_address>0x681</load_address>
         <run_address>0x681</run_address>
         <size>0x65</size>
         <input_file_ref idref="fl-3"/>
      </object_component>
      <object_component id="oc-241">
         <name>.debug_line</name>
         <load_address>0x6e6</load_address>
         <run_address>0x6e6</run_address>
         <size>0x31</size>
         <input_file_ref idref="fl-3"/>
      </object_component>
      <object_component id="oc-23c">
         <name>.debug_line</name>
         <load_address>0x717</load_address>
         <run_address>0x717</run_address>
         <size>0x35</size>
         <input_file_ref idref="fl-3"/>
      </object_component>
      <object_component id="oc-1fe">
         <name>.debug_line</name>
         <load_address>0x74c</load_address>
         <run_address>0x74c</run_address>
         <size>0x35</size>
         <input_file_ref idref="fl-3"/>
      </object_component>
      <object_component id="oc-20d">
         <name>.debug_line</name>
         <load_address>0x781</load_address>
         <run_address>0x781</run_address>
         <size>0x2f</size>
         <input_file_ref idref="fl-3"/>
      </object_component>
      <object_component id="oc-249">
         <name>.debug_line</name>
         <load_address>0x7b0</load_address>
         <run_address>0x7b0</run_address>
         <size>0x2d</size>
         <input_file_ref idref="fl-4"/>
      </object_component>
      <object_component id="oc-247">
         <name>.debug_line</name>
         <load_address>0x7dd</load_address>
         <run_address>0x7dd</run_address>
         <size>0x2f</size>
         <input_file_ref idref="fl-4"/>
      </object_component>
      <object_component id="oc-245">
         <name>.debug_line</name>
         <load_address>0x80c</load_address>
         <run_address>0x80c</run_address>
         <size>0x2f</size>
         <input_file_ref idref="fl-4"/>
      </object_component>
      <object_component id="oc-1f2">
         <name>.debug_line</name>
         <load_address>0x83b</load_address>
         <run_address>0x83b</run_address>
         <size>0xb2</size>
         <input_file_ref idref="fl-4"/>
      </object_component>
      <object_component id="oc-24b">
         <name>.debug_line</name>
         <load_address>0x8ed</load_address>
         <run_address>0x8ed</run_address>
         <size>0x20</size>
         <input_file_ref idref="fl-5"/>
      </object_component>
      <object_component id="oc-1f8">
         <name>.debug_line</name>
         <load_address>0x90d</load_address>
         <run_address>0x90d</run_address>
         <size>0xe3</size>
         <input_file_ref idref="fl-5"/>
      </object_component>
      <object_component id="oc-ba">
         <name>.debug_line</name>
         <load_address>0x9f0</load_address>
         <run_address>0x9f0</run_address>
         <size>0x48</size>
         <input_file_ref idref="fl-6"/>
      </object_component>
      <object_component id="oc-cd">
         <name>.debug_line</name>
         <load_address>0xa38</load_address>
         <run_address>0xa38</run_address>
         <size>0xbb</size>
         <input_file_ref idref="fl-7"/>
      </object_component>
      <object_component id="oc-c9">
         <name>.debug_line</name>
         <load_address>0xaf3</load_address>
         <run_address>0xaf3</run_address>
         <size>0x7e</size>
         <input_file_ref idref="fl-7"/>
      </object_component>
      <object_component id="oc-cb">
         <name>.debug_line</name>
         <load_address>0xb71</load_address>
         <run_address>0xb71</run_address>
         <size>0x7e</size>
         <input_file_ref idref="fl-7"/>
      </object_component>
      <object_component id="oc-33">
         <name>.debug_line</name>
         <load_address>0xbef</load_address>
         <run_address>0xbef</run_address>
         <size>0x177</size>
         <input_file_ref idref="fl-7"/>
      </object_component>
      <object_component id="oc-2e">
         <name>.debug_line</name>
         <load_address>0xd66</load_address>
         <run_address>0xd66</run_address>
         <size>0x11a</size>
         <input_file_ref idref="fl-8"/>
      </object_component>
      <object_component id="oc-f2">
         <name>.debug_line</name>
         <load_address>0xe80</load_address>
         <run_address>0xe80</run_address>
         <size>0x65</size>
         <input_file_ref idref="fl-a"/>
      </object_component>
      <object_component id="oc-8a">
         <name>.debug_line</name>
         <load_address>0xee5</load_address>
         <run_address>0xee5</run_address>
         <size>0x41</size>
         <input_file_ref idref="fl-c"/>
      </object_component>
      <object_component id="oc-36">
         <name>.debug_line</name>
         <load_address>0xf26</load_address>
         <run_address>0xf26</run_address>
         <size>0x41</size>
         <input_file_ref idref="fl-c"/>
      </object_component>
      <object_component id="oc-28">
         <name>.debug_line</name>
         <load_address>0xf67</load_address>
         <run_address>0xf67</run_address>
         <size>0xa1</size>
         <input_file_ref idref="fl-c"/>
      </object_component>
      <object_component id="oc-1af">
         <name>.debug_line</name>
         <load_address>0x1008</load_address>
         <run_address>0x1008</run_address>
         <size>0xeb</size>
         <input_file_ref idref="fl-d"/>
      </object_component>
      <object_component id="oc-fc">
         <name>.debug_line</name>
         <load_address>0x10f3</load_address>
         <run_address>0x10f3</run_address>
         <size>0x4c</size>
         <input_file_ref idref="fl-d"/>
      </object_component>
      <object_component id="oc-24d">
         <name>.debug_line</name>
         <load_address>0x113f</load_address>
         <run_address>0x113f</run_address>
         <size>0x120</size>
         <input_file_ref idref="fl-e"/>
      </object_component>
      <object_component id="oc-208">
         <name>.debug_line</name>
         <load_address>0x125f</load_address>
         <run_address>0x125f</run_address>
         <size>0x65</size>
         <input_file_ref idref="fl-e"/>
      </object_component>
      <object_component id="oc-1e9">
         <name>.debug_line</name>
         <load_address>0x12c4</load_address>
         <run_address>0x12c4</run_address>
         <size>0x20</size>
         <input_file_ref idref="fl-e"/>
      </object_component>
      <object_component id="oc-1c3">
         <name>.debug_line</name>
         <load_address>0x12e4</load_address>
         <run_address>0x12e4</run_address>
         <size>0xcb</size>
         <input_file_ref idref="fl-f"/>
      </object_component>
      <object_component id="oc-1c1">
         <name>.debug_line</name>
         <load_address>0x13af</load_address>
         <run_address>0x13af</run_address>
         <size>0x32</size>
         <input_file_ref idref="fl-f"/>
      </object_component>
      <object_component id="oc-102">
         <name>.debug_line</name>
         <load_address>0x13e1</load_address>
         <run_address>0x13e1</run_address>
         <size>0x76</size>
         <input_file_ref idref="fl-f"/>
      </object_component>
      <object_component id="oc-204">
         <name>.debug_line</name>
         <load_address>0x1457</load_address>
         <run_address>0x1457</run_address>
         <size>0x126</size>
         <input_file_ref idref="fl-10"/>
      </object_component>
      <object_component id="oc-202">
         <name>.debug_line</name>
         <load_address>0x157d</load_address>
         <run_address>0x157d</run_address>
         <size>0x36</size>
         <input_file_ref idref="fl-10"/>
      </object_component>
      <object_component id="oc-14e">
         <name>.debug_line</name>
         <load_address>0x15b3</load_address>
         <run_address>0x15b3</run_address>
         <size>0xb7</size>
         <input_file_ref idref="fl-10"/>
      </object_component>
      <object_component id="oc-47">
         <name>.debug_line</name>
         <load_address>0x166a</load_address>
         <run_address>0x166a</run_address>
         <size>0x88</size>
         <input_file_ref idref="fl-cb"/>
      </object_component>
      <object_component id="oc-ae">
         <name>.debug_line</name>
         <load_address>0x16f2</load_address>
         <run_address>0x16f2</run_address>
         <size>0x79</size>
         <input_file_ref idref="fl-cc"/>
      </object_component>
      <object_component id="oc-f5">
         <name>.debug_line</name>
         <load_address>0x176b</load_address>
         <run_address>0x176b</run_address>
         <size>0x9e</size>
         <input_file_ref idref="fl-cd"/>
      </object_component>
      <object_component id="oc-56">
         <name>.debug_line</name>
         <load_address>0x1809</load_address>
         <run_address>0x1809</run_address>
         <size>0x4f</size>
         <input_file_ref idref="fl-cd"/>
      </object_component>
      <object_component id="oc-a7">
         <name>.debug_line</name>
         <load_address>0x1858</load_address>
         <run_address>0x1858</run_address>
         <size>0x34</size>
         <input_file_ref idref="fl-cd"/>
      </object_component>
      <object_component id="oc-a2">
         <name>.debug_line</name>
         <load_address>0x188c</load_address>
         <run_address>0x188c</run_address>
         <size>0x20</size>
         <input_file_ref idref="fl-ce"/>
      </object_component>
      <object_component id="oc-1c">
         <name>.debug_line</name>
         <load_address>0x18ac</load_address>
         <run_address>0x18ac</run_address>
         <size>0x55</size>
         <input_file_ref idref="fl-ce"/>
      </object_component>
      <object_component id="oc-4c">
         <name>.debug_line</name>
         <load_address>0x1901</load_address>
         <run_address>0x1901</run_address>
         <size>0x3a</size>
         <input_file_ref idref="fl-ce"/>
      </object_component>
      <object_component id="oc-9f">
         <name>.debug_line</name>
         <load_address>0x193b</load_address>
         <run_address>0x193b</run_address>
         <size>0x8a</size>
         <input_file_ref idref="fl-ce"/>
      </object_component>
      <object_component id="oc-ee">
         <name>.debug_line</name>
         <load_address>0x19c5</load_address>
         <run_address>0x19c5</run_address>
         <size>0x20</size>
         <input_file_ref idref="fl-cf"/>
      </object_component>
      <object_component id="oc-16">
         <name>.debug_line</name>
         <load_address>0x19e5</load_address>
         <run_address>0x19e5</run_address>
         <size>0xa9</size>
         <input_file_ref idref="fl-cf"/>
      </object_component>
      <object_component id="oc-3c">
         <name>.debug_line</name>
         <load_address>0x1a8e</load_address>
         <run_address>0x1a8e</run_address>
         <size>0x3a</size>
         <input_file_ref idref="fl-cf"/>
      </object_component>
      <object_component id="oc-eb">
         <name>.debug_line</name>
         <load_address>0x1ac8</load_address>
         <run_address>0x1ac8</run_address>
         <size>0x92</size>
         <input_file_ref idref="fl-cf"/>
      </object_component>
      <object_component id="oc-98">
         <name>.debug_line</name>
         <load_address>0x1b5a</load_address>
         <run_address>0x1b5a</run_address>
         <size>0x8e</size>
         <input_file_ref idref="fl-cf"/>
      </object_component>
      <object_component id="oc-74">
         <name>.debug_line</name>
         <load_address>0x1be8</load_address>
         <run_address>0x1be8</run_address>
         <size>0x33</size>
         <input_file_ref idref="fl-d0"/>
      </object_component>
      <object_component id="oc-64">
         <name>.debug_line</name>
         <load_address>0x1c1b</load_address>
         <run_address>0x1c1b</run_address>
         <size>0x56</size>
         <input_file_ref idref="fl-d0"/>
      </object_component>
      <object_component id="oc-107">
         <name>.debug_line</name>
         <load_address>0x1c71</load_address>
         <run_address>0x1c71</run_address>
         <size>0x3c</size>
         <input_file_ref idref="fl-d1"/>
      </object_component>
      <object_component id="oc-1d3">
         <name>.debug_line</name>
         <load_address>0x1cad</load_address>
         <run_address>0x1cad</run_address>
         <size>0xb7</size>
         <input_file_ref idref="fl-d4"/>
      </object_component>
      <object_component id="oc-112">
         <name>.debug_line</name>
         <load_address>0x1d64</load_address>
         <run_address>0x1d64</run_address>
         <size>0x6c</size>
         <input_file_ref idref="fl-d4"/>
      </object_component>
      <object_component id="oc-1d7">
         <name>.debug_line</name>
         <load_address>0x1dd0</load_address>
         <run_address>0x1dd0</run_address>
         <size>0x2e</size>
         <input_file_ref idref="fl-d4"/>
      </object_component>
      <object_component id="oc-21f">
         <name>.debug_line</name>
         <load_address>0x1dfe</load_address>
         <run_address>0x1dfe</run_address>
         <size>0x92</size>
         <input_file_ref idref="fl-d4"/>
      </object_component>
      <object_component id="oc-1dc">
         <name>.debug_line</name>
         <load_address>0x1e90</load_address>
         <run_address>0x1e90</run_address>
         <size>0x8f</size>
         <input_file_ref idref="fl-d4"/>
      </object_component>
      <object_component id="oc-1e1">
         <name>.debug_line</name>
         <load_address>0x1f1f</load_address>
         <run_address>0x1f1f</run_address>
         <size>0x8b</size>
         <input_file_ref idref="fl-d4"/>
      </object_component>
      <object_component id="oc-b2">
         <name>.debug_line</name>
         <load_address>0x1faa</load_address>
         <run_address>0x1faa</run_address>
         <size>0x40</size>
         <input_file_ref idref="fl-d5"/>
      </object_component>
      <object_component id="oc-218">
         <name>.debug_line</name>
         <load_address>0x1fea</load_address>
         <run_address>0x1fea</run_address>
         <size>0x82</size>
         <input_file_ref idref="fl-d7"/>
      </object_component>
      <object_component id="oc-163">
         <name>.debug_line</name>
         <load_address>0x206c</load_address>
         <run_address>0x206c</run_address>
         <size>0x92</size>
         <input_file_ref idref="fl-d7"/>
      </object_component>
      <object_component id="oc-1bc">
         <name>.debug_line</name>
         <load_address>0x20fe</load_address>
         <run_address>0x20fe</run_address>
         <size>0x95</size>
         <input_file_ref idref="fl-d7"/>
      </object_component>
      <object_component id="oc-19a">
         <name>.debug_line</name>
         <load_address>0x2193</load_address>
         <run_address>0x2193</run_address>
         <size>0xd1</size>
         <input_file_ref idref="fl-d7"/>
      </object_component>
      <object_component id="oc-15d">
         <name>.debug_line</name>
         <load_address>0x2264</load_address>
         <run_address>0x2264</run_address>
         <size>0x99</size>
         <input_file_ref idref="fl-d7"/>
      </object_component>
      <object_component id="oc-194">
         <name>.debug_line</name>
         <load_address>0x22fd</load_address>
         <run_address>0x22fd</run_address>
         <size>0x93</size>
         <input_file_ref idref="fl-d7"/>
      </object_component>
      <object_component id="oc-1a0">
         <name>.debug_line</name>
         <load_address>0x2390</load_address>
         <run_address>0x2390</run_address>
         <size>0x92</size>
         <input_file_ref idref="fl-d7"/>
      </object_component>
      <object_component id="oc-1b4">
         <name>.debug_line</name>
         <load_address>0x2422</load_address>
         <run_address>0x2422</run_address>
         <size>0x69</size>
         <input_file_ref idref="fl-d7"/>
      </object_component>
      <object_component id="oc-210">
         <name>.debug_line</name>
         <load_address>0x248b</load_address>
         <run_address>0x248b</run_address>
         <size>0x13d</size>
         <input_file_ref idref="fl-d9"/>
      </object_component>
      <object_component id="oc-18d">
         <name>.debug_line</name>
         <load_address>0x25c8</load_address>
         <run_address>0x25c8</run_address>
         <size>0x94</size>
         <input_file_ref idref="fl-d9"/>
      </object_component>
      <object_component id="oc-156">
         <name>.debug_line</name>
         <load_address>0x265c</load_address>
         <run_address>0x265c</run_address>
         <size>0x94</size>
         <input_file_ref idref="fl-d9"/>
      </object_component>
      <object_component id="oc-214">
         <name>.debug_line</name>
         <load_address>0x26f0</load_address>
         <run_address>0x26f0</run_address>
         <size>0x7f</size>
         <input_file_ref idref="fl-d9"/>
      </object_component>
      <object_component id="oc-143">
         <name>.debug_abbrev</name>
         <load_address>0x0</load_address>
         <run_address>0x0</run_address>
         <size>0x7d</size>
         <input_file_ref idref="fl-2"/>
      </object_component>
      <object_component id="oc-d5">
         <name>.debug_abbrev</name>
         <load_address>0x7d</load_address>
         <run_address>0x7d</run_address>
         <size>0x9f</size>
         <input_file_ref idref="fl-2"/>
      </object_component>
      <object_component id="oc-8d">
         <name>.debug_abbrev</name>
         <load_address>0x11c</load_address>
         <run_address>0x11c</run_address>
         <size>0x69</size>
         <input_file_ref idref="fl-2"/>
      </object_component>
      <object_component id="oc-df">
         <name>.debug_abbrev</name>
         <load_address>0x185</load_address>
         <run_address>0x185</run_address>
         <size>0x70</size>
         <input_file_ref idref="fl-2"/>
      </object_component>
      <object_component id="oc-40">
         <name>.debug_abbrev</name>
         <load_address>0x1f5</load_address>
         <run_address>0x1f5</run_address>
         <size>0x1f</size>
         <input_file_ref idref="fl-2"/>
      </object_component>
      <object_component id="oc-147">
         <name>.debug_abbrev</name>
         <load_address>0x214</load_address>
         <run_address>0x214</run_address>
         <size>0x72</size>
         <input_file_ref idref="fl-2"/>
      </object_component>
      <object_component id="oc-81">
         <name>.debug_abbrev</name>
         <load_address>0x286</load_address>
         <run_address>0x286</run_address>
         <size>0x24</size>
         <input_file_ref idref="fl-2"/>
      </object_component>
      <object_component id="oc-e5">
         <name>.debug_abbrev</name>
         <load_address>0x2aa</load_address>
         <run_address>0x2aa</run_address>
         <size>0x5c</size>
         <input_file_ref idref="fl-2"/>
      </object_component>
      <object_component id="oc-92">
         <name>.debug_abbrev</name>
         <load_address>0x306</load_address>
         <run_address>0x306</run_address>
         <size>0x24</size>
         <input_file_ref idref="fl-2"/>
      </object_component>
      <object_component id="oc-d0">
         <name>.debug_abbrev</name>
         <load_address>0x32a</load_address>
         <run_address>0x32a</run_address>
         <size>0x24</size>
         <input_file_ref idref="fl-2"/>
      </object_component>
      <object_component id="oc-86">
         <name>.debug_abbrev</name>
         <load_address>0x34e</load_address>
         <run_address>0x34e</run_address>
         <size>0x24</size>
         <input_file_ref idref="fl-2"/>
      </object_component>
      <object_component id="oc-da">
         <name>.debug_abbrev</name>
         <load_address>0x372</load_address>
         <run_address>0x372</run_address>
         <size>0x61</size>
         <input_file_ref idref="fl-2"/>
      </object_component>
      <object_component id="oc-237">
         <name>.debug_abbrev</name>
         <load_address>0x3d3</load_address>
         <run_address>0x3d3</run_address>
         <size>0x111</size>
         <input_file_ref idref="fl-3"/>
      </object_component>
      <object_component id="oc-1fa">
         <name>.debug_abbrev</name>
         <load_address>0x4e4</load_address>
         <run_address>0x4e4</run_address>
         <size>0x13f</size>
         <input_file_ref idref="fl-3"/>
      </object_component>
      <object_component id="oc-232">
         <name>.debug_abbrev</name>
         <load_address>0x623</load_address>
         <run_address>0x623</run_address>
         <size>0x5a</size>
         <input_file_ref idref="fl-3"/>
      </object_component>
      <object_component id="oc-240">
         <name>.debug_abbrev</name>
         <load_address>0x67d</load_address>
         <run_address>0x67d</run_address>
         <size>0x70</size>
         <input_file_ref idref="fl-3"/>
      </object_component>
      <object_component id="oc-23b">
         <name>.debug_abbrev</name>
         <load_address>0x6ed</load_address>
         <run_address>0x6ed</run_address>
         <size>0x4b</size>
         <input_file_ref idref="fl-3"/>
      </object_component>
      <object_component id="oc-1fd">
         <name>.debug_abbrev</name>
         <load_address>0x738</load_address>
         <run_address>0x738</run_address>
         <size>0x24</size>
         <input_file_ref idref="fl-3"/>
      </object_component>
      <object_component id="oc-20c">
         <name>.debug_abbrev</name>
         <load_address>0x75c</load_address>
         <run_address>0x75c</run_address>
         <size>0x33</size>
         <input_file_ref idref="fl-3"/>
      </object_component>
      <object_component id="oc-248">
         <name>.debug_abbrev</name>
         <load_address>0x78f</load_address>
         <run_address>0x78f</run_address>
         <size>0xc6</size>
         <input_file_ref idref="fl-4"/>
      </object_component>
      <object_component id="oc-246">
         <name>.debug_abbrev</name>
         <load_address>0x855</load_address>
         <run_address>0x855</run_address>
         <size>0x27</size>
         <input_file_ref idref="fl-4"/>
      </object_component>
      <object_component id="oc-244">
         <name>.debug_abbrev</name>
         <load_address>0x87c</load_address>
         <run_address>0x87c</run_address>
         <size>0x27</size>
         <input_file_ref idref="fl-4"/>
      </object_component>
      <object_component id="oc-22e">
         <name>.debug_abbrev</name>
         <load_address>0x8a3</load_address>
         <run_address>0x8a3</run_address>
         <size>0xa9</size>
         <input_file_ref idref="fl-4"/>
      </object_component>
      <object_component id="oc-24a">
         <name>.debug_abbrev</name>
         <load_address>0x94c</load_address>
         <run_address>0x94c</run_address>
         <size>0x88</size>
         <input_file_ref idref="fl-5"/>
      </object_component>
      <object_component id="oc-235">
         <name>.debug_abbrev</name>
         <load_address>0x9d4</load_address>
         <run_address>0x9d4</run_address>
         <size>0x9b</size>
         <input_file_ref idref="fl-5"/>
      </object_component>
      <object_component id="oc-104">
         <name>.debug_abbrev</name>
         <load_address>0xa6f</load_address>
         <run_address>0xa6f</run_address>
         <size>0x60</size>
         <input_file_ref idref="fl-6"/>
      </object_component>
      <object_component id="oc-cc">
         <name>.debug_abbrev</name>
         <load_address>0xacf</load_address>
         <run_address>0xacf</run_address>
         <size>0xab</size>
         <input_file_ref idref="fl-7"/>
      </object_component>
      <object_component id="oc-c8">
         <name>.debug_abbrev</name>
         <load_address>0xb7a</load_address>
         <run_address>0xb7a</run_address>
         <size>0x29</size>
         <input_file_ref idref="fl-7"/>
      </object_component>
      <object_component id="oc-ca">
         <name>.debug_abbrev</name>
         <load_address>0xba3</load_address>
         <run_address>0xba3</run_address>
         <size>0x27</size>
         <input_file_ref idref="fl-7"/>
      </object_component>
      <object_component id="oc-7d">
         <name>.debug_abbrev</name>
         <load_address>0xbca</load_address>
         <run_address>0xbca</run_address>
         <size>0x101</size>
         <input_file_ref idref="fl-7"/>
      </object_component>
      <object_component id="oc-79">
         <name>.debug_abbrev</name>
         <load_address>0xccb</load_address>
         <run_address>0xccb</run_address>
         <size>0x75</size>
         <input_file_ref idref="fl-8"/>
      </object_component>
      <object_component id="oc-f1">
         <name>.debug_abbrev</name>
         <load_address>0xd40</load_address>
         <run_address>0xd40</run_address>
         <size>0x24</size>
         <input_file_ref idref="fl-a"/>
      </object_component>
      <object_component id="oc-89">
         <name>.debug_abbrev</name>
         <load_address>0xd64</load_address>
         <run_address>0xd64</run_address>
         <size>0x7c</size>
         <input_file_ref idref="fl-c"/>
      </object_component>
      <object_component id="oc-35">
         <name>.debug_abbrev</name>
         <load_address>0xde0</load_address>
         <run_address>0xde0</run_address>
         <size>0x29</size>
         <input_file_ref idref="fl-c"/>
      </object_component>
      <object_component id="oc-75">
         <name>.debug_abbrev</name>
         <load_address>0xe09</load_address>
         <run_address>0xe09</run_address>
         <size>0x79</size>
         <input_file_ref idref="fl-c"/>
      </object_component>
      <object_component id="oc-1ae">
         <name>.debug_abbrev</name>
         <load_address>0xe82</load_address>
         <run_address>0xe82</run_address>
         <size>0xb2</size>
         <input_file_ref idref="fl-d"/>
      </object_component>
      <object_component id="oc-150">
         <name>.debug_abbrev</name>
         <load_address>0xf34</load_address>
         <run_address>0xf34</run_address>
         <size>0x6e</size>
         <input_file_ref idref="fl-d"/>
      </object_component>
      <object_component id="oc-24c">
         <name>.debug_abbrev</name>
         <load_address>0xfa2</load_address>
         <run_address>0xfa2</run_address>
         <size>0xe9</size>
         <input_file_ref idref="fl-e"/>
      </object_component>
      <object_component id="oc-207">
         <name>.debug_abbrev</name>
         <load_address>0x108b</load_address>
         <run_address>0x108b</run_address>
         <size>0x33</size>
         <input_file_ref idref="fl-e"/>
      </object_component>
      <object_component id="oc-1e8">
         <name>.debug_abbrev</name>
         <load_address>0x10be</load_address>
         <run_address>0x10be</run_address>
         <size>0x1f</size>
         <input_file_ref idref="fl-e"/>
      </object_component>
      <object_component id="oc-1c2">
         <name>.debug_abbrev</name>
         <load_address>0x10dd</load_address>
         <run_address>0x10dd</run_address>
         <size>0xb4</size>
         <input_file_ref idref="fl-f"/>
      </object_component>
      <object_component id="oc-1c0">
         <name>.debug_abbrev</name>
         <load_address>0x1191</load_address>
         <run_address>0x1191</run_address>
         <size>0x29</size>
         <input_file_ref idref="fl-f"/>
      </object_component>
      <object_component id="oc-167">
         <name>.debug_abbrev</name>
         <load_address>0x11ba</load_address>
         <run_address>0x11ba</run_address>
         <size>0x7a</size>
         <input_file_ref idref="fl-f"/>
      </object_component>
      <object_component id="oc-203">
         <name>.debug_abbrev</name>
         <load_address>0x1234</load_address>
         <run_address>0x1234</run_address>
         <size>0x110</size>
         <input_file_ref idref="fl-10"/>
      </object_component>
      <object_component id="oc-201">
         <name>.debug_abbrev</name>
         <load_address>0x1344</load_address>
         <run_address>0x1344</run_address>
         <size>0x29</size>
         <input_file_ref idref="fl-10"/>
      </object_component>
      <object_component id="oc-1ad">
         <name>.debug_abbrev</name>
         <load_address>0x136d</load_address>
         <run_address>0x136d</run_address>
         <size>0x5e</size>
         <input_file_ref idref="fl-10"/>
      </object_component>
      <object_component id="oc-9b">
         <name>.debug_abbrev</name>
         <load_address>0x13cb</load_address>
         <run_address>0x13cb</run_address>
         <size>0x3e</size>
         <input_file_ref idref="fl-cb"/>
      </object_component>
      <object_component id="oc-f6">
         <name>.debug_abbrev</name>
         <load_address>0x1409</load_address>
         <run_address>0x1409</run_address>
         <size>0x4f</size>
         <input_file_ref idref="fl-cc"/>
      </object_component>
      <object_component id="oc-f4">
         <name>.debug_abbrev</name>
         <load_address>0x1458</load_address>
         <run_address>0x1458</run_address>
         <size>0x73</size>
         <input_file_ref idref="fl-cd"/>
      </object_component>
      <object_component id="oc-af">
         <name>.debug_abbrev</name>
         <load_address>0x14cb</load_address>
         <run_address>0x14cb</run_address>
         <size>0x74</size>
         <input_file_ref idref="fl-cd"/>
      </object_component>
      <object_component id="oc-a6">
         <name>.debug_abbrev</name>
         <load_address>0x153f</load_address>
         <run_address>0x153f</run_address>
         <size>0x24</size>
         <input_file_ref idref="fl-cd"/>
      </object_component>
      <object_component id="oc-a1">
         <name>.debug_abbrev</name>
         <load_address>0x1563</load_address>
         <run_address>0x1563</run_address>
         <size>0x37</size>
         <input_file_ref idref="fl-ce"/>
      </object_component>
      <object_component id="oc-48">
         <name>.debug_abbrev</name>
         <load_address>0x159a</load_address>
         <run_address>0x159a</run_address>
         <size>0x74</size>
         <input_file_ref idref="fl-ce"/>
      </object_component>
      <object_component id="oc-4b">
         <name>.debug_abbrev</name>
         <load_address>0x160e</load_address>
         <run_address>0x160e</run_address>
         <size>0x24</size>
         <input_file_ref idref="fl-ce"/>
      </object_component>
      <object_component id="oc-9e">
         <name>.debug_abbrev</name>
         <load_address>0x1632</load_address>
         <run_address>0x1632</run_address>
         <size>0x24</size>
         <input_file_ref idref="fl-ce"/>
      </object_component>
      <object_component id="oc-ed">
         <name>.debug_abbrev</name>
         <load_address>0x1656</load_address>
         <run_address>0x1656</run_address>
         <size>0x37</size>
         <input_file_ref idref="fl-cf"/>
      </object_component>
      <object_component id="oc-38">
         <name>.debug_abbrev</name>
         <load_address>0x168d</load_address>
         <run_address>0x168d</run_address>
         <size>0x6f</size>
         <input_file_ref idref="fl-cf"/>
      </object_component>
      <object_component id="oc-3b">
         <name>.debug_abbrev</name>
         <load_address>0x16fc</load_address>
         <run_address>0x16fc</run_address>
         <size>0x24</size>
         <input_file_ref idref="fl-cf"/>
      </object_component>
      <object_component id="oc-ea">
         <name>.debug_abbrev</name>
         <load_address>0x1720</load_address>
         <run_address>0x1720</run_address>
         <size>0x35</size>
         <input_file_ref idref="fl-cf"/>
      </object_component>
      <object_component id="oc-97">
         <name>.debug_abbrev</name>
         <load_address>0x1755</load_address>
         <run_address>0x1755</run_address>
         <size>0x24</size>
         <input_file_ref idref="fl-cf"/>
      </object_component>
      <object_component id="oc-73">
         <name>.debug_abbrev</name>
         <load_address>0x1779</load_address>
         <run_address>0x1779</run_address>
         <size>0x29</size>
         <input_file_ref idref="fl-d0"/>
      </object_component>
      <object_component id="oc-bf">
         <name>.debug_abbrev</name>
         <load_address>0x17a2</load_address>
         <run_address>0x17a2</run_address>
         <size>0x61</size>
         <input_file_ref idref="fl-d0"/>
      </object_component>
      <object_component id="oc-169">
         <name>.debug_abbrev</name>
         <load_address>0x1803</load_address>
         <run_address>0x1803</run_address>
         <size>0x45</size>
         <input_file_ref idref="fl-d1"/>
      </object_component>
      <object_component id="oc-1d2">
         <name>.debug_abbrev</name>
         <load_address>0x1848</load_address>
         <run_address>0x1848</run_address>
         <size>0xdb</size>
         <input_file_ref idref="fl-d4"/>
      </object_component>
      <object_component id="oc-173">
         <name>.debug_abbrev</name>
         <load_address>0x1923</load_address>
         <run_address>0x1923</run_address>
         <size>0x7e</size>
         <input_file_ref idref="fl-d4"/>
      </object_component>
      <object_component id="oc-1d6">
         <name>.debug_abbrev</name>
         <load_address>0x19a1</load_address>
         <run_address>0x19a1</run_address>
         <size>0x24</size>
         <input_file_ref idref="fl-d4"/>
      </object_component>
      <object_component id="oc-21e">
         <name>.debug_abbrev</name>
         <load_address>0x19c5</load_address>
         <run_address>0x19c5</run_address>
         <size>0x24</size>
         <input_file_ref idref="fl-d4"/>
      </object_component>
      <object_component id="oc-1db">
         <name>.debug_abbrev</name>
         <load_address>0x19e9</load_address>
         <run_address>0x19e9</run_address>
         <size>0x24</size>
         <input_file_ref idref="fl-d4"/>
      </object_component>
      <object_component id="oc-1e0">
         <name>.debug_abbrev</name>
         <load_address>0x1a0d</load_address>
         <run_address>0x1a0d</run_address>
         <size>0x4b</size>
         <input_file_ref idref="fl-d4"/>
      </object_component>
      <object_component id="oc-f7">
         <name>.debug_abbrev</name>
         <load_address>0x1a58</load_address>
         <run_address>0x1a58</run_address>
         <size>0x55</size>
         <input_file_ref idref="fl-d5"/>
      </object_component>
      <object_component id="oc-217">
         <name>.debug_abbrev</name>
         <load_address>0x1aad</load_address>
         <run_address>0x1aad</run_address>
         <size>0x72</size>
         <input_file_ref idref="fl-d7"/>
      </object_component>
      <object_component id="oc-1bf">
         <name>.debug_abbrev</name>
         <load_address>0x1b1f</load_address>
         <run_address>0x1b1f</run_address>
         <size>0x6c</size>
         <input_file_ref idref="fl-d7"/>
      </object_component>
      <object_component id="oc-216">
         <name>.debug_abbrev</name>
         <load_address>0x1b8b</load_address>
         <run_address>0x1b8b</run_address>
         <size>0x6c</size>
         <input_file_ref idref="fl-d7"/>
      </object_component>
      <object_component id="oc-1ec">
         <name>.debug_abbrev</name>
         <load_address>0x1bf7</load_address>
         <run_address>0x1bf7</run_address>
         <size>0x6c</size>
         <input_file_ref idref="fl-d7"/>
      </object_component>
      <object_component id="oc-1bd">
         <name>.debug_abbrev</name>
         <load_address>0x1c63</load_address>
         <run_address>0x1c63</run_address>
         <size>0x7a</size>
         <input_file_ref idref="fl-d7"/>
      </object_component>
      <object_component id="oc-1eb">
         <name>.debug_abbrev</name>
         <load_address>0x1cdd</load_address>
         <run_address>0x1cdd</run_address>
         <size>0x6c</size>
         <input_file_ref idref="fl-d7"/>
      </object_component>
      <object_component id="oc-1ed">
         <name>.debug_abbrev</name>
         <load_address>0x1d49</load_address>
         <run_address>0x1d49</run_address>
         <size>0x6e</size>
         <input_file_ref idref="fl-d7"/>
      </object_component>
      <object_component id="oc-1b3">
         <name>.debug_abbrev</name>
         <load_address>0x1db7</load_address>
         <run_address>0x1db7</run_address>
         <size>0x35</size>
         <input_file_ref idref="fl-d7"/>
      </object_component>
      <object_component id="oc-20f">
         <name>.debug_abbrev</name>
         <load_address>0x1dec</load_address>
         <run_address>0x1dec</run_address>
         <size>0xb0</size>
         <input_file_ref idref="fl-d9"/>
      </object_component>
      <object_component id="oc-1e5">
         <name>.debug_abbrev</name>
         <load_address>0x1e9c</load_address>
         <run_address>0x1e9c</run_address>
         <size>0x6e</size>
         <input_file_ref idref="fl-d9"/>
      </object_component>
      <object_component id="oc-1b0">
         <name>.debug_abbrev</name>
         <load_address>0x1f0a</load_address>
         <run_address>0x1f0a</run_address>
         <size>0x6c</size>
         <input_file_ref idref="fl-d9"/>
      </object_component>
      <object_component id="oc-213">
         <name>.debug_abbrev</name>
         <load_address>0x1f76</load_address>
         <run_address>0x1f76</run_address>
         <size>0x49</size>
         <input_file_ref idref="fl-d9"/>
      </object_component>
      <object_component id="oc-27b">
         <name>.debug_abbrev</name>
         <load_address>0x1fbf</load_address>
         <run_address>0x1fbf</run_address>
         <size>0xf</size>
      </object_component>
      <object_component id="oc-d7">
         <name>.debug_str</name>
         <load_address>0x0</load_address>
         <run_address>0x0</run_address>
[...]
         </contents>
      </logical_group>
      <load_segment id="lg-27e" display="no" color="cyan">
         <name>SEGMENT_0</name>
         <load_address>0x0</load_address>
         <run_address>0x0</run_address>
         <size>0x1010</size>
         <flags>0x5</flags>
         <contents>
            <logical_group_ref idref="lg-3"/>
            <logical_group_ref idref="lg-4"/>
            <logical_group_ref idref="lg-5"/>
            <logical_group_ref idref="lg-6"/>
         </contents>
      </load_segment>
      <load_segment id="lg-27f" display="no" color="cyan">
         <name>SEGMENT_1</name>
         <run_address>0x20000000</run_address>
         <size>0x7747</size>
         <flags>0x6</flags>
         <contents>
            <logical_group_ref idref="lg-b"/>
            <logical_group_ref idref="lg-d"/>
            <logical_group_ref idref="lg-a"/>
         </contents>
      </load_segment>
   </logical_group_list>
   <placement_map>
      <memory_area display="yes" color="green">
         <name>FLASH</name>
         <page_id>0x0</page_id>
         <origin>0x0</origin>
         <length>0x40000</length>
         <used_space>0x100a</used_space>
         <unused_space>0x3eff6</unused_space>
         <attributes>RX</attributes>
         <usage_details>
            <allocated_space>
               <start_address>0x0</start_address>
               <size>0x26c</size>
               <logical_group_ref idref="lg-3"/>
            </allocated_space>
            <allocated_space>
               <start_address>0x26c</start_address>
               <size>0xd6a</size>
               <logical_group_ref idref="lg-4"/>
            </allocated_space>
            <available_space>
               <start_address>0xfd6</start_address>
               <size>0x2</size>
            </available_space>
            <allocated_space>
               <start_address>0xfd8</start_address>
               <size>0x4</size>
               <logical_group_ref idref="lg-5"/>
            </allocated_space>
            <available_space>
               <start_address>0xfdc</start_address>
               <size>0x4</size>
            </available_space>
            <allocated_space>
               <start_address>0xfe0</start_address>
               <size>0x30</size>
               <logical_group_ref idref="lg-6"/>
            </allocated_space>
            <available_space>
               <start_address>0x1010</start_address>
               <size>0x3eff0</size>
            </available_space>
         </usage_details>
      </memory_area>
      <memory_area display="yes" color="green">
         <name>SRAM</name>
         <page_id>0x0</page_id>
         <origin>0x20000000</origin>
         <length>0x8000</length>
         <used_space>0x7743</used_space>
         <unused_space>0x8bd</unused_space>
         <attributes>RWX</attributes>
         <usage_details>
            <allocated_space>
               <start_address>0x20000000</start_address>
               <size>0x7534</size>
               <logical_group_ref idref="lg-b"/>
            </allocated_space>
            <available_space>
               <start_address>0x20007534</start_address>
               <size>0x4</size>
            </available_space>
            <allocated_space>
               <start_address>0x20007538</start_address>
               <size>0x200</size>
               <logical_group_ref idref="lg-d"/>
            </allocated_space>
            <allocated_space>
               <start_address>0x20007738</start_address>
               <size>0xf</size>
               <logical_group_ref idref="lg-a"/>
            </allocated_space>
            <available_space>
               <start_address>0x20007747</start_address>
               <size>0x8b9</size>
            </available_space>
         </usage_details>
      </memory_area>
   </placement_map>
   <cptbl_list>
      <cptbl>
         <name>__TI_cinit_table</name>
         <cprec>
            <name>.data</name>
            <load_address>0xfe0</load_address>
            <load_size>0xc</load_size>
            <run_address>0x20007738</run_address>
            <run_size>0xf</run_size>
            <compression>lzss</compression>
         </cprec>
         <cprec>
            <name>.bss</name>
            <load_address>0xff8</load_address>
            <load_size>0x8</load_size>
            <run_address>0x20000000</run_address>
            <run_size>0x7534</run_size>
            <compression>zero_init</compression>
         </cprec>
      </cptbl>
   </cptbl_list>
   <handler_table>
      <handler_table_name>__TI_handler_table</handler_table_name>
      <handler>
         <index>0x0</index>
         <name>__TI_decompress_lzss</name>
      </handler>
      <handler>
         <index>0x1</index>
         <name>__TI_decompress_none</name>
      </handler>
      <handler>
         <index>0x2</index>
         <name>__TI_zero_init</name>
      </handler>
   </handler_table>
   <symbol_table>
      <symbol id="sm-1">
         <name>__STACK_TOP</name>
         <value>0x20007738</value>
      </symbol>
      <symbol id="sm-2">
         <name>__TI_CINIT_Base</name>
         <value>0x1000</value>
      </symbol>
      <symbol id="sm-3">
         <name>__TI_CINIT_Limit</name>
         <value>0x1010</value>
      </symbol>
      <symbol id="sm-4">
         <name>__TI_Handler_Table_Base</name>
         <value>0xfec</value>
      </symbol>
      <symbol id="sm-5">
         <name>__TI_Handler_Table_Limit</name>
         <value>0xff8</value>
      </symbol>
      <symbol id="sm-6">
         <name>binit</name>
         <value>0xffffffff</value>
      </symbol>
      <symbol id="sm-7">
         <name>__binit__</name>
         <value>0xffffffff</value>
      </symbol>
      <symbol id="sm-8">
         <name>__STACK_SIZE</name>
         <value>0x200</value>
      </symbol>
      <symbol id="sm-9">
         <name>__STACK_END</name>
         <value>0x20007738</value>
      </symbol>
      <symbol id="sm-a">
         <name>__c_args__</name>
         <value>0xffffffff</value>
      </symbol>
      <symbol id="sm-b">
         <name>__TI_pprof_out_hndl</name>
         <value>0xffffffff</value>
      </symbol>
      <symbol id="sm-c">
         <name>__TI_prof_data_start</name>
         <value>0xffffffff</value>
      </symbol>
      <symbol id="sm-d">
         <name>__TI_prof_data_size</name>
         <value>0xffffffff</value>
      </symbol>
      <symbol id="sm-ae">
         <name>uxEventGroupGetNumber</name>
         <value>0x603</value>
         <object_component_ref idref="oc-1a1"/>
      </symbol>
      <symbol id="sm-af">
         <name>xEventGroupSetBits</name>
         <value>0x4ad</value>
         <object_component_ref idref="oc-1a1"/>
      </symbol>
      <symbol id="sm-b0">
         <name>xEventGroupCreate</name>
         <value>0x26d</value>
         <object_component_ref idref="oc-1a1"/>
      </symbol>
      <symbol id="sm-b1">
         <name>vEventGroupSetNumber</name>
         <value>0x623</value>
         <object_component_ref idref="oc-1a1"/>
      </symbol>
      <symbol id="sm-b2">
         <name>vEventGroupSetBitsCallback</name>
         <value>0x5ad</value>
         <object_component_ref idref="oc-1a1"/>
      </symbol>
      <symbol id="sm-b3">
         <name>xEventGroupWaitBits</name>
         <value>0x361</value>
         <object_component_ref idref="oc-1a1"/>
      </symbol>
      <symbol id="sm-b4">
         <name>xEventGroupSync</name>
         <value>0x28d</value>
         <object_component_ref idref="oc-1a1"/>
      </symbol>
      <symbol id="sm-b5">
         <name>vEventGroupDelete</name>
         <value>0x579</value>
         <object_component_ref idref="oc-1a1"/>
      </symbol>
      <symbol id="sm-b6">
         <name>xEventGroupGetBitsFromISR</name>
         <value>0x47d</value>
         <object_component_ref idref="oc-1a1"/>
      </symbol>
      <symbol id="sm-b7">
         <name>vEventGroupClearBitsCallback</name>
         <value>0x5bd</value>
         <object_component_ref idref="oc-1a1"/>
      </symbol>
      <symbol id="sm-b8">
         <name>xEventGroupClearBits</name>
         <value>0x451</value>
         <object_component_ref idref="oc-1a1"/>
      </symbol>
      <symbol id="sm-de">
         <name>vPortInitialiseBlocks</name>
         <value>0xbef</value>
         <object_component_ref idref="oc-1ee"/>
      </symbol>
      <symbol id="sm-df">
         <name>xPortGetFreeHeapSize</name>
         <value>0xbf7</value>
         <object_component_ref idref="oc-1ee"/>
      </symbol>
      <symbol id="sm-e0">
         <name>pvPortMalloc</name>
         <value>0xb75</value>
         <object_component_ref idref="oc-1ee"/>
      </symbol>
      <symbol id="sm-e1">
         <name>vPortFree</name>
         <value>0xbe5</value>
         <object_component_ref idref="oc-1ee"/>
      </symbol>
      <symbol id="sm-f7">
         <name>uxListRemove</name>
         <value>0x849</value>
         <object_component_ref idref="oc-1f4"/>
      </symbol>
      <symbol id="sm-f8">
         <name>vListInsert</name>
         <value>0x7e3</value>
         <object_component_ref idref="oc-1f4"/>
      </symbol>
      <symbol id="sm-f9">
         <name>vListInitialiseItem</name>
         <value>0x797</value>
         <object_component_ref idref="oc-1f4"/>
      </symbol>
      <symbol id="sm-fa">
         <name>vListInsertEnd</name>
         <value>0x7a7</value>
         <object_component_ref idref="oc-1f4"/>
      </symbol>
      <symbol id="sm-fb">
         <name>vListInitialise</name>
         <value>0x767</value>
         <object_component_ref idref="oc-1f4"/>
      </symbol>
      <symbol id="sm-10d">
         <name>main</name>
         <value>0xd29</value>
         <object_component_ref idref="oc-b6"/>
      </symbol>
      <symbol id="sm-13b">
         <name>ulMaxSyscallInterruptPriority</name>
         <value>0xfd8</value>
         <object_component_ref idref="oc-76"/>
      </symbol>
      <symbol id="sm-13c">
         <name>vPortSetupTimerInterrupt</name>
         <value>0x98b</value>
         <object_component_ref idref="oc-2f"/>
      </symbol>
      <symbol id="sm-13d">
         <name>vPortEndScheduler</name>
         <value>0x92d</value>
         <object_component_ref idref="oc-2f"/>
      </symbol>
      <symbol id="sm-13e">
         <name>xPortSysTickHandler</name>
         <value>0x965</value>
         <object_component_ref idref="oc-2f"/>
      </symbol>
      <symbol id="sm-13f">
         <name>pxPortInitialiseStack</name>
         <value>0x891</value>
         <object_component_ref idref="oc-2f"/>
      </symbol>
      <symbol id="sm-140">
         <name>vPortExitCritical</name>
         <value>0x94f</value>
         <object_component_ref idref="oc-2f"/>
      </symbol>
      <symbol id="sm-141">
         <name>xPortStartScheduler</name>
         <value>0x8f7</value>
         <object_component_ref idref="oc-2f"/>
      </symbol>
      <symbol id="sm-142">
         <name>vPortEnterCritical</name>
         <value>0x92f</value>
         <object_component_ref idref="oc-2f"/>
      </symbol>
      <symbol id="sm-151">
         <name>vPortStartFirstTask</name>
         <value>0xb49</value>
         <object_component_ref idref="oc-2a"/>
      </symbol>
      <symbol id="sm-152">
         <name>ulPortGetIPSR</name>
         <value>0xab1</value>
         <object_component_ref idref="oc-2a"/>
      </symbol>
      <symbol id="sm-153">
         <name>vPortEnableVFP</name>
         <value>0xb65</value>
         <object_component_ref idref="oc-2a"/>
      </symbol>
      <symbol id="sm-154">
         <name>xPortPendSVHandler</name>
         <value>0xac9</value>
         <object_component_ref idref="oc-2a"/>
      </symbol>
      <symbol id="sm-155">
         <name>vPortSVCHandler</name>
         <value>0xb29</value>
         <object_component_ref idref="oc-2a"/>
      </symbol>
      <symbol id="sm-179">
         <name>ResetISR</name>
         <value>0xfb7</value>
         <object_component_ref idref="oc-24"/>
      </symbol>
      <symbol id="sm-17a">
         <name>g_pfnVectors</name>
         <value>0x0</value>
         <object_component_ref idref="oc-f"/>
      </symbol>
      <symbol id="sm-188">
         <name>init_task</name>
         <value>0xf77</value>
         <object_component_ref idref="oc-f8"/>
      </symbol>
      <symbol id="sm-1b1">
         <name>LEDs_init</name>
         <value>0xdfd</value>
         <object_component_ref idref="oc-fe"/>
      </symbol>
      <symbol id="sm-1b2">
         <name>LED1_Task</name>
         <value>0xe0f</value>
         <object_component_ref idref="oc-fe"/>
      </symbol>
      <symbol id="sm-1b3">
         <name>flag</name>
         <value>0x20007746</value>
         <object_component_ref idref="oc-164"/>
      </symbol>
      <symbol id="sm-1db">
         <name>xCreatedEventGroup_button</name>
         <value>0x20007530</value>
      </symbol>
      <symbol id="sm-1dc">
         <name>Button_init</name>
         <value>0x9b9</value>
         <object_component_ref idref="oc-14a"/>
      </symbol>
      <symbol id="sm-1dd">
         <name>Button1_Task</name>
         <value>0xa05</value>
         <object_component_ref idref="oc-14a"/>
      </symbol>
      <symbol id="sm-1de">
         <name>Button2_Task</name>
         <value>0xa41</value>
         <object_component_ref idref="oc-14a"/>
      </symbol>
      <symbol id="sm-1df">
         <name>count2</name>
         <value>0x20007745</value>
         <object_component_ref idref="oc-1a7"/>
      </symbol>
      <symbol id="sm-1e0">
         <name>count</name>
         <value>0x20007744</value>
         <object_component_ref idref="oc-1a7"/>
      </symbol>
      <symbol id="sm-1fb">
         <name>memcpy</name>
         <value>0xc11</value>
         <object_component_ref idref="oc-43"/>
      </symbol>
      <symbol id="sm-1fc">
         <name>__aeabi_memcpy</name>
         <value>0xc11</value>
         <object_component_ref idref="oc-43"/>
      </symbol>
      <symbol id="sm-1fd">
         <name>__aeabi_memcpy8</name>
         <value>0xc11</value>
         <object_component_ref idref="oc-43"/>
      </symbol>
      <symbol id="sm-1fe">
         <name>__aeabi_memcpy4</name>
         <value>0xc11</value>
         <object_component_ref idref="oc-43"/>
      </symbol>
      <symbol id="sm-20d">
         <name>__aeabi_memset</name>
         <value>0xcaf</value>
         <object_component_ref idref="oc-aa"/>
      </symbol>
      <symbol id="sm-20e">
         <name>memset</name>
         <value>0xcb5</value>
         <object_component_ref idref="oc-aa"/>
      </symbol>
      <symbol id="sm-20f">
         <name>__aeabi_memset8</name>
         <value>0xcaf</value>
         <object_component_ref idref="oc-aa"/>
      </symbol>
      <symbol id="sm-210">
         <name>__aeabi_memset4</name>
         <value>0xcaf</value>
         <object_component_ref idref="oc-aa"/>
      </symbol>
      <symbol id="sm-211">
         <name>__aeabi_memclr8</name>
         <value>0xcad</value>
         <object_component_ref idref="oc-aa"/>
      </symbol>
      <symbol id="sm-212">
         <name>__aeabi_memclr4</name>
         <value>0xcad</value>
         <object_component_ref idref="oc-aa"/>
      </symbol>
      <symbol id="sm-213">
         <name>__aeabi_memclr</name>
         <value>0xcad</value>
         <object_component_ref idref="oc-aa"/>
      </symbol>
      <symbol id="sm-225">
         <name>__TI_zero_init</name>
         <value>0xfab</value>
         <object_component_ref idref="oc-55"/>
      </symbol>
      <symbol id="sm-23c">
         <name>__TI_decompress_none</name>
         <value>0xf9d</value>
         <object_component_ref idref="oc-18"/>
      </symbol>
      <symbol id="sm-25f">
         <name>__TI_decompress_lzss</name>
         <value>0xd95</value>
         <object_component_ref idref="oc-12"/>
      </symbol>
      <symbol id="sm-272">
         <name>__stack</name>
         <value>0x20007538</value>
         <object_component_ref idref="oc-21"/>
      </symbol>
      <symbol id="sm-273">
         <name>_c_int00_noargs</name>
         <value>0xec9</value>
         <object_component_ref idref="oc-61"/>
      </symbol>
      <symbol id="sm-27e">
         <name>C$$EXIT</name>
         <value>0xfd3</value>
         <object_component_ref idref="oc-105"/>
      </symbol>
      <symbol id="sm-27f">
         <name>abort</name>
         <value>0xfd3</value>
         <object_component_ref idref="oc-105"/>
      </symbol>
      <symbol id="sm-2a9">
         <name>__TI_auto_init_nobinit_nopinit</name>
         <value>0xe4d</value>
         <object_component_ref idref="oc-111"/>
      </symbol>
      <symbol id="sm-2b3">
         <name>_system_pre_init</name>
         <value>0xfcf</value>
         <object_component_ref idref="oc-b0"/>
      </symbol>
      <symbol id="sm-2f0">
         <name>GPIOPinTypeGPIOInput</name>
         <value>0xf8b</value>
         <object_component_ref idref="oc-18f"/>
      </symbol>
      <symbol id="sm-2f1">
         <name>GPIOPinTypeGPIOOutput</name>
         <value>0xf5f</value>
         <object_component_ref idref="oc-158"/>
      </symbol>
      <symbol id="sm-2f2">
         <name>GPIOPinRead</name>
         <value>0xfc3</value>
         <object_component_ref idref="oc-19b"/>
      </symbol>
      <symbol id="sm-2f3">
         <name>GPIODirModeSet</name>
         <value>0xf35</value>
         <object_component_ref idref="oc-1b7"/>
      </symbol>
      <symbol id="sm-2f4">
         <name>GPIOPinWrite</name>
         <value>0xfc9</value>
         <object_component_ref idref="oc-15e"/>
      </symbol>
      <symbol id="sm-2f5">
         <name>GPIOPadConfigSet</name>
         <value>0x635</value>
         <object_component_ref idref="oc-195"/>
      </symbol>
      <symbol id="sm-315">
         <name>SysCtlPeripheralEnable</name>
         <value>0xf01</value>
         <object_component_ref idref="oc-152"/>
      </symbol>
      <symbol id="sm-316">
         <name>SysCtlPeripheralReady</name>
         <value>0xe91</value>
         <object_component_ref idref="oc-189"/>
      </symbol>
      <symbol id="sm-318">
         <name>__TI_static_base__</name>
         <value>0x0</value>
      </symbol>
      <symbol id="sm-31b">
         <name>vTaskSuspendAll</name>
         <value>0x0</value>
      </symbol>
      <symbol id="sm-31c">
         <name>vTaskPlaceOnUnorderedEventList</name>
         <value>0x0</value>
      </symbol>
      <symbol id="sm-31d">
         <name>xTaskResumeAll</name>
         <value>0x0</value>
      </symbol>
      <symbol id="sm-31e">
         <name>uxTaskResetEventItemValue</name>
         <value>0x0</value>
      </symbol>
      <symbol id="sm-31f">
         <name>vTaskRemoveFromUnorderedEventList</name>
         <value>0x0</value>
      </symbol>
      <symbol id="sm-320">
         <name>xTaskCreate</name>
         <value>0x0</value>
      </symbol>
      <symbol id="sm-321">
         <name>vTaskStartScheduler</name>
         <value>0x0</value>
      </symbol>
      <symbol id="sm-322">
         <name>Button_Task</name>
         <value>0x0</value>
      </symbol>
      <symbol id="sm-323">
         <name>xTaskIncrementTick</name>
         <value>0x0</value>
      </symbol>
      <symbol id="sm-324">
         <name>pxCurrentTCB</name>
         <value>0x0</value>
      </symbol>
      <symbol id="sm-325">
         <name>vTaskSwitchContext</name>
         <value>0x0</value>
      </symbol>
      <symbol id="sm-326">
         <name>vTaskSuspend</name>
         <value>0x0</value>
      </symbol>
      <symbol id="sm-327">
         <name>vTaskDelay</name>
         <value>0x0</value>
      </symbol>
      <symbol id="sm-328">
         <name>__mpu_init</name>
         <value>0x0</value>
      </symbol>
      <symbol id="sm-329">
         <name>_system_post_cinit</name>
         <value>0x0</value>
      </symbol>
   </symbol_table>
   <title>Link errors: red sections failed placement</title>
</link_info>
